Component: ARM Compiler 5.06 update 5 (build 528) Tool: armlink [4d35e2]

==============================================================================

Section Cross References

    main.o(i.main) refers to stm32f4xx_hal.o(i.HAL_Init) for HAL_Init
    main.o(i.main) refers to system_clock.o(i.SystemClock_Config) for SystemClock_Config
    main.o(i.main) refers to init_gpio.o(i.MX_GPIO_Init) for MX_GPIO_Init
    main.o(i.main) refers to init_dma.o(i.MX_DMA_Init) for MX_DMA_Init
    main.o(i.main) refers to init_tim.o(i.MX_TIM6_Init) for MX_TIM6_Init
    main.o(i.main) refers to init_tim.o(i.MX_TIM7_Init) for MX_TIM7_Init
    main.o(i.main) refers to stm32f4xx_hal_tim.o(i.HAL_TIM_Base_Start_IT) for HAL_TIM_Base_Start_IT
    main.o(i.main) refers to init_can.o(i.MX_CAN1_Init) for MX_CAN1_Init
    main.o(i.main) refers to driver_can.o(i.CanFilter_Init) for CanFilter_Init
    main.o(i.main) refers to stm32f4xx_hal_can.o(i.HAL_CAN_Receive_IT) for HAL_CAN_Receive_IT
    main.o(i.main) refers to init_tim.o(i.MX_TIM4_Init) for MX_TIM4_Init
    main.o(i.main) refers to init_tim.o(i.MX_TIM5_Init) for MX_TIM5_Init
    main.o(i.main) refers to init_tim.o(i.MX_TIM8_Init) for MX_TIM8_Init
    main.o(i.main) refers to init_tim.o(i.MX_TIM12_Init) for MX_TIM12_Init
    main.o(i.main) refers to stm32f4xx_hal_tim.o(i.HAL_TIM_PWM_Start) for HAL_TIM_PWM_Start
    main.o(i.main) refers to init_spi.o(i.MX_SPI5_Init) for MX_SPI5_Init
    main.o(i.main) refers to driver_imu.o(i.MPU6500_Init) for MPU6500_Init
    main.o(i.main) refers to init_tim.o(i.MX_TIM3_Init) for MX_TIM3_Init
    main.o(i.main) refers to init_usart.o(i.MX_USART1_UART_Init) for MX_USART1_UART_Init
    main.o(i.main) refers to init_usart.o(i.MX_USART3_UART_Init) for MX_USART3_UART_Init
    main.o(i.main) refers to init_usart.o(i.MX_USART6_UART_Init) for MX_USART6_UART_Init
    main.o(i.main) refers to stm32f4xx_hal_uart.o(i.HAL_UART_Receive_IT) for HAL_UART_Receive_IT
    main.o(i.main) refers to motor_chassis.o(i.PIDInit) for PIDInit
    main.o(i.main) refers to motor_pitch.o(i.PitchPIDInit) for PitchPIDInit
    main.o(i.main) refers to motor_pitch.o(i.YawPIDInit) for YawPIDInit
    main.o(i.main) refers to driver_dbus.o(i.DBUS_Init) for DBUS_Init
    main.o(i.main) refers to motor_shoot.o(i.PluckPIDInit) for PluckPIDInit
    main.o(i.main) refers to motor_shoot.o(i.RM2312_Init) for RM2312_Init
    main.o(i.main) refers to referee_sys.o(i.ref_sys_init) for ref_sys_init
    main.o(i.main) refers to stm32f4xx_hal_gpio.o(i.HAL_GPIO_WritePin) for HAL_GPIO_WritePin
    main.o(i.main) refers to control_vision.o(i.ScanDataInit) for ScanDataInit
    main.o(i.main) refers to driver_oled.o(i.OLED_Init) for OLED_Init
    main.o(i.main) refers to driver_oled.o(i.OLED_Clear) for OLED_Clear
    main.o(i.main) refers to driver_oled.o(i.OLED_ShowString) for OLED_ShowString
    main.o(i.main) refers to init_iwdog.o(i.IWDG_Init) for IWDG_Init
    main.o(i.main) refers to driver_led.o(i.KeyScan) for KeyScan
    main.o(i.main) refers to motor_shoot.o(i.TIM_SetTIM12Compare) for TIM_SetTIM12Compare
    main.o(i.main) refers to control_vision.o(i.ScanDataVision) for ScanDataVision
    main.o(i.main) refers to driver_usart.o(i.VcanSendHead) for VcanSendHead
    main.o(i.main) refers to init_tim.o(.bss) for htim6
    main.o(i.main) refers to init_can.o(.bss) for hcan1
    main.o(i.main) refers to driver_imu.o(.data) for MPU_id
    main.o(i.main) refers to task_tim.o(.data) for sTestResult
    main.o(i.main) refers to driver_usart.o(.bss) for uart1_rx_buff
    main.o(i.main) refers to init_usart.o(.bss) for huart1
    main.o(i.main) refers to driver_dbus.o(.bss) for RC_Ctl
    main.o(i.main) refers to driver_usart.o(.data) for VisionFlag
    task_tim.o(i.test_task) refers to init_usart.o(i.MX_USART1_UART_Init) for MX_USART1_UART_Init
    task_tim.o(i.test_task) refers to stm32f4xx_hal_uart.o(i.HAL_UART_Receive_IT) for HAL_UART_Receive_IT
    task_tim.o(i.test_task) refers to motor_shoot.o(i.StartShoot) for StartShoot
    task_tim.o(i.test_task) refers to referee_sys.o(i.get_referee_data) for get_referee_data
    task_tim.o(i.test_task) refers to driver_dbus.o(i.DBUS_Init) for DBUS_Init
    task_tim.o(i.test_task) refers to driver_dbus.o(i.MotorTargetChange) for MotorTargetChange
    task_tim.o(i.test_task) refers to task_tim.o(.data) for .data
    task_tim.o(i.test_task) refers to driver_usart.o(.bss) for uart1_rx_buff
    task_tim.o(i.test_task) refers to init_usart.o(.bss) for huart1
    task_tim.o(i.test_task) refers to motor_shoot.o(.data) for ShootNumber
    task_tim.o(i.test_task) refers to driver_usart.o(.data) for TimesFlag
    task_tim.o(i.test_task) refers to motor_shoot.o(.bss) for PluckMotor
    task_tim.o(i.test_task) refers to motor_chassis.o(.bss) for ChassisPidLF
    task_tim.o(i.test_task) refers to motor_pitch.o(.bss) for CatStruct
    task_tim.o(i.test_task) refers to driver_can.o(.data) for RealSpeedLF
[...]
    DMA2_Stream1_IRQHandler                  0x080001db   Thumb Code     0  startup_stm32f427xx.o(.text)
    DMA2_Stream3_IRQHandler                  0x080001db   Thumb Code     0  startup_stm32f427xx.o(.text)
    DMA2_Stream4_IRQHandler                  0x080001db   Thumb Code     0  startup_stm32f427xx.o(.text)
    DMA2_Stream5_IRQHandler                  0x080001db   Thumb Code     0  startup_stm32f427xx.o(.text)
    DMA2_Stream6_IRQHandler                  0x080001db   Thumb Code     0  startup_stm32f427xx.o(.text)
    DMA2_Stream7_IRQHandler                  0x080001db   Thumb Code     0  startup_stm32f427xx.o(.text)
    ETH_IRQHandler                           0x080001db   Thumb Code     0  startup_stm32f427xx.o(.text)
    ETH_WKUP_IRQHandler                      0x080001db   Thumb Code     0  startup_stm32f427xx.o(.text)
    EXTI0_IRQHandler                         0x080001db   Thumb Code     0  startup_stm32f427xx.o(.text)
    EXTI15_10_IRQHandler                     0x080001db   Thumb Code     0  startup_stm32f427xx.o(.text)
    EXTI2_IRQHandler                         0x080001db   Thumb Code     0  startup_stm32f427xx.o(.text)
    EXTI3_IRQHandler                         0x080001db   Thumb Code     0  startup_stm32f427xx.o(.text)
    EXTI4_IRQHandler                         0x080001db   Thumb Code     0  startup_stm32f427xx.o(.text)
    EXTI9_5_IRQHandler                       0x080001db   Thumb Code     0  startup_stm32f427xx.o(.text)
    FLASH_IRQHandler                         0x080001db   Thumb Code     0  startup_stm32f427xx.o(.text)
    FMC_IRQHandler                           0x080001db   Thumb Code     0  startup_stm32f427xx.o(.text)
    FPU_IRQHandler                           0x080001db   Thumb Code     0  startup_stm32f427xx.o(.text)
    HASH_RNG_IRQHandler                      0x080001db   Thumb Code     0  startup_stm32f427xx.o(.text)
    I2C1_ER_IRQHandler                       0x080001db   Thumb Code     0  startup_stm32f427xx.o(.text)
    I2C1_EV_IRQHandler                       0x080001db   Thumb Code     0  startup_stm32f427xx.o(.text)
    I2C2_ER_IRQHandler                       0x080001db   Thumb Code     0  startup_stm32f427xx.o(.text)
    I2C2_EV_IRQHandler                       0x080001db   Thumb Code     0  startup_stm32f427xx.o(.text)
    I2C3_ER_IRQHandler                       0x080001db   Thumb Code     0  startup_stm32f427xx.o(.text)
    I2C3_EV_IRQHandler                       0x080001db   Thumb Code     0  startup_stm32f427xx.o(.text)
    OTG_FS_WKUP_IRQHandler                   0x080001db   Thumb Code     0  startup_stm32f427xx.o(.text)
    OTG_HS_EP1_IN_IRQHandler                 0x080001db   Thumb Code     0  startup_stm32f427xx.o(.text)
    OTG_HS_EP1_OUT_IRQHandler                0x080001db   Thumb Code     0  startup_stm32f427xx.o(.text)
    OTG_HS_IRQHandler                        0x080001db   Thumb Code     0  startup_stm32f427xx.o(.text)
    OTG_HS_WKUP_IRQHandler                   0x080001db   Thumb Code     0  startup_stm32f427xx.o(.text)
    PVD_IRQHandler                           0x080001db   Thumb Code     0  startup_stm32f427xx.o(.text)
    RCC_IRQHandler                           0x080001db   Thumb Code     0  startup_stm32f427xx.o(.text)
    RTC_Alarm_IRQHandler                     0x080001db   Thumb Code     0  startup_stm32f427xx.o(.text)
    RTC_WKUP_IRQHandler                      0x080001db   Thumb Code     0  startup_stm32f427xx.o(.text)
    SAI1_IRQHandler                          0x080001db   Thumb Code     0  startup_stm32f427xx.o(.text)
    SDIO_IRQHandler                          0x080001db   Thumb Code     0  startup_stm32f427xx.o(.text)
    SPI1_IRQHandler                          0x080001db   Thumb Code     0  startup_stm32f427xx.o(.text)
    SPI2_IRQHandler                          0x080001db   Thumb Code     0  startup_stm32f427xx.o(.text)
    SPI3_IRQHandler                          0x080001db   Thumb Code     0  startup_stm32f427xx.o(.text)
    SPI4_IRQHandler                          0x080001db   Thumb Code     0  startup_stm32f427xx.o(.text)
    SPI5_IRQHandler                          0x080001db   Thumb Code     0  startup_stm32f427xx.o(.text)
    SPI6_IRQHandler                          0x080001db   Thumb Code     0  startup_stm32f427xx.o(.text)
    TAMP_STAMP_IRQHandler                    0x080001db   Thumb Code     0  startup_stm32f427xx.o(.text)
    TIM1_BRK_TIM9_IRQHandler                 0x080001db   Thumb Code     0  startup_stm32f427xx.o(.text)
    TIM1_CC_IRQHandler                       0x080001db   Thumb Code     0  startup_stm32f427xx.o(.text)
    TIM1_TRG_COM_TIM11_IRQHandler            0x080001db   Thumb Code     0  startup_stm32f427xx.o(.text)
    TIM1_UP_TIM10_IRQHandler                 0x080001db   Thumb Code     0  startup_stm32f427xx.o(.text)
    TIM2_IRQHandler                          0x080001db   Thumb Code     0  startup_stm32f427xx.o(.text)
    TIM3_IRQHandler                          0x080001db   Thumb Code     0  startup_stm32f427xx.o(.text)
    TIM4_IRQHandler                          0x080001db   Thumb Code     0  startup_stm32f427xx.o(.text)
    TIM5_IRQHandler                          0x080001db   Thumb Code     0  startup_stm32f427xx.o(.text)
    TIM8_BRK_TIM12_IRQHandler                0x080001db   Thumb Code     0  startup_stm32f427xx.o(.text)
    TIM8_CC_IRQHandler                       0x080001db   Thumb Code     0  startup_stm32f427xx.o(.text)
    TIM8_TRG_COM_TIM14_IRQHandler            0x080001db   Thumb Code     0  startup_stm32f427xx.o(.text)
    TIM8_UP_TIM13_IRQHandler                 0x080001db   Thumb Code     0  startup_stm32f427xx.o(.text)
    UART4_IRQHandler                         0x080001db   Thumb Code     0  startup_stm32f427xx.o(.text)
    UART5_IRQHandler                         0x080001db   Thumb Code     0  startup_stm32f427xx.o(.text)
    UART7_IRQHandler                         0x080001db   Thumb Code     0  startup_stm32f427xx.o(.text)
    UART8_IRQHandler                         0x080001db   Thumb Code     0  startup_stm32f427xx.o(.text)
    WWDG_IRQHandler                          0x080001db   Thumb Code     0  startup_stm32f427xx.o(.text)
    __aeabi_memcpy                           0x080001e5   Thumb Code    36  memcpya.o(.text)
    __aeabi_memcpy4                          0x080001e5   Thumb Code     0  memcpya.o(.text)
    __aeabi_memcpy8                          0x080001e5   Thumb Code     0  memcpya.o(.text)
    __aeabi_memset                           0x08000209   Thumb Code    14  memseta.o(.text)
    __aeabi_memset4                          0x08000209   Thumb Code     0  memseta.o(.text)
    __aeabi_memset8                          0x08000209   Thumb Code     0  memseta.o(.text)
    __aeabi_memclr                           0x08000217   Thumb Code     4  memseta.o(.text)
    __aeabi_memclr4                          0x08000217   Thumb Code     0  memseta.o(.text)
    __aeabi_memclr8                          0x08000217   Thumb Code     0  memseta.o(.text)
    _memset$wrapper                          0x0800021b   Thumb Code    18  memseta.o(.text)
    __aeabi_dadd                             0x0800022d   Thumb Code   322  dadd.o(.text)
    __aeabi_dsub                             0x0800036f   Thumb Code     6  dadd.o(.text)
    __aeabi_drsub                            0x08000375   Thumb Code     6  dadd.o(.text)
    __aeabi_dmul                             0x0800037b   Thumb Code   228  dmul.o(.text)
    __aeabi_i2d                              0x0800045f   Thumb Code    34  dflti.o(.text)
    __aeabi_d2iz                             0x08000481   Thumb Code    62  dfixi.o(.text)
    __aeabi_f2d                              0x080004bf   Thumb Code    38  f2d.o(.text)
    __aeabi_cdcmpeq                          0x080004e5   Thumb Code     0  cdcmple.o(.text)
    __aeabi_cdcmple                          0x080004e5   Thumb Code    48  cdcmple.o(.text)
    __aeabi_cdrcmple                         0x08000515   Thumb Code    48  cdrcmple.o(.text)
    __aeabi_d2f                              0x08000545   Thumb Code    56  d2f.o(.text)
    __aeabi_llsl                             0x0800057d   Thumb Code    30  llshl.o(.text)
    _ll_shift_l                              0x0800057d   Thumb Code     0  llshl.o(.text)
    __aeabi_llsr                             0x0800059b   Thumb Code    32  llushr.o(.text)
    _ll_ushift_r                             0x0800059b   Thumb Code     0  llushr.o(.text)
    __aeabi_lasr                             0x080005bb   Thumb Code    36  llsshr.o(.text)
    _ll_sshift_r                             0x080005bb   Thumb Code     0  llsshr.o(.text)
    __I$use$fp                               0x080005df   Thumb Code     0  iusefp.o(.text)
    _float_round                             0x080005df   Thumb Code    18  fepilogue.o(.text)
    _float_epilogue                          0x080005f1   Thumb Code    92  fepilogue.o(.text)
    _double_round                            0x0800064d   Thumb Code    30  depilogue.o(.text)
    _double_epilogue                         0x0800066b   Thumb Code   156  depilogue.o(.text)
    __scatterload                            0x08000709   Thumb Code    28  init.o(.text)
    __scatterload_rt2                        0x08000709   Thumb Code     0  init.o(.text)
    ADDTarget                                0x0800072d   Thumb Code    26  driver_dbus.o(i.ADDTarget)
    BusFault_Handler                         0x08000747   Thumb Code     2  stm32f4xx_it.o(i.BusFault_Handler)
    CAN1_RX0_IRQHandler                      0x08000749   Thumb Code     6  stm32f4xx_it.o(i.CAN1_RX0_IRQHandler)
    CAN1_TX_IRQHandler                       0x08000755   Thumb Code     6  stm32f4xx_it.o(i.CAN1_TX_IRQHandler)
    CAN2_RX0_IRQHandler                      0x08000761   Thumb Code     6  stm32f4xx_it.o(i.CAN2_RX0_IRQHandler)
    CAN2_TX_IRQHandler                       0x0800076d   Thumb Code     6  stm32f4xx_it.o(i.CAN2_TX_IRQHandler)
    CAN_Send_Msg                             0x080008a5   Thumb Code    46  driver_can.o(i.CAN_Send_Msg)
    CanFilter_Init                           0x08000935   Thumb Code    72  driver_can.o(i.CanFilter_Init)
    CircleStep                               0x08000989   Thumb Code   134  motor_shoot.o(i.CircleStep)
    Control_ChassisPID                       0x08000a1d   Thumb Code   590  motor_chassis.o(i.Control_ChassisPID)
    Control_PitchPID                         0x08000cc5   Thumb Code   174  motor_pitch.o(i.Control_PitchPID)
    CycleNumber                              0x08000d91   Thumb Code   136  motor_shoot.o(i.CycleNumber)
    DBUS_Deal                                0x08000e21   Thumb Code   246  driver_dbus.o(i.DBUS_Deal)
    DBUS_Init                                0x08000f35   Thumb Code    34  driver_dbus.o(i.DBUS_Init)
    DMA2_Stream2_IRQHandler                  0x08000f5d   Thumb Code     6  stm32f4xx_it.o(i.DMA2_Stream2_IRQHandler)
    DebugMon_Handler                         0x0800100d   Thumb Code     2  stm32f4xx_it.o(i.DebugMon_Handler)
    EXTI1_IRQHandler                         0x0800100f   Thumb Code     6  stm32f4xx_it.o(i.EXTI1_IRQHandler)
    Error_Handler                            0x08001015   Thumb Code     2  system_clock.o(i.Error_Handler)
    HAL_CAN_ConfigFilter                     0x08001019   Thumb Code   218  stm32f4xx_hal_can.o(i.HAL_CAN_ConfigFilter)
    HAL_CAN_ErrorCallback                    0x080010fd   Thumb Code     2  stm32f4xx_hal_can.o(i.HAL_CAN_ErrorCallback)
    HAL_CAN_IRQHandler                       0x08001101   Thumb Code   370  stm32f4xx_hal_can.o(i.HAL_CAN_IRQHandler)
    HAL_CAN_Init                             0x08001281   Thumb Code   328  stm32f4xx_hal_can.o(i.HAL_CAN_Init)
    HAL_CAN_MspInit                          0x080013c9   Thumb Code   200  init_can.o(i.HAL_CAN_MspInit)
    HAL_CAN_Receive_IT                       0x080014a9   Thumb Code   134  stm32f4xx_hal_can.o(i.HAL_CAN_Receive_IT)
    HAL_CAN_RxCpltCallback                   0x08001531   Thumb Code   204  driver_can.o(i.HAL_CAN_RxCpltCallback)
    HAL_CAN_Transmit_IT                      0x0800160d   Thumb Code   326  stm32f4xx_hal_can.o(i.HAL_CAN_Transmit_IT)
    HAL_CAN_TxCpltCallback                   0x08001753   Thumb Code     2  stm32f4xx_hal_can.o(i.HAL_CAN_TxCpltCallback)
    HAL_DMA_Abort                            0x08001755   Thumb Code   142  stm32f4xx_hal_dma.o(i.HAL_DMA_Abort)
    HAL_DMA_Abort_IT                         0x080017e3   Thumb Code    36  stm32f4xx_hal_dma.o(i.HAL_DMA_Abort_IT)
    HAL_DMA_IRQHandler                       0x08001809   Thumb Code   414  stm32f4xx_hal_dma.o(i.HAL_DMA_IRQHandler)
    HAL_DMA_Init                             0x080019b1   Thumb Code   202  stm32f4xx_hal_dma.o(i.HAL_DMA_Init)
    HAL_DMA_Start_IT                         0x08001a81   Thumb Code   120  stm32f4xx_hal_dma.o(i.HAL_DMA_Start_IT)
    HAL_Delay                                0x08001af9   Thumb Code    22  stm32f4xx_hal.o(i.HAL_Delay)
    HAL_GPIO_EXTI_Callback                   0x08001b0f   Thumb Code     2  stm32f4xx_hal_gpio.o(i.HAL_GPIO_EXTI_Callback)
    HAL_GPIO_EXTI_IRQHandler                 0x08001b11   Thumb Code    18  stm32f4xx_hal_gpio.o(i.HAL_GPIO_EXTI_IRQHandler)
    HAL_GPIO_Init                            0x08001b29   Thumb Code   408  stm32f4xx_hal_gpio.o(i.HAL_GPIO_Init)
    HAL_GPIO_ReadPin                         0x08001cf5   Thumb Code    10  stm32f4xx_hal_gpio.o(i.HAL_GPIO_ReadPin)
    HAL_GPIO_WritePin                        0x08001cff   Thumb Code    10  stm32f4xx_hal_gpio.o(i.HAL_GPIO_WritePin)
    HAL_GetTick                              0x08001d09   Thumb Code     6  stm32f4xx_hal.o(i.HAL_GetTick)
    HAL_IWDG_Init                            0x08001d15   Thumb Code    82  stm32f4xx_hal_iwdg.o(i.HAL_IWDG_Init)
    HAL_IWDG_Refresh                         0x08001d67   Thumb Code    12  stm32f4xx_hal_iwdg.o(i.HAL_IWDG_Refresh)
    HAL_IncTick                              0x08001d75   Thumb Code    10  stm32f4xx_hal.o(i.HAL_IncTick)
    HAL_Init                                 0x08001d85   Thumb Code    48  stm32f4xx_hal.o(i.HAL_Init)
    HAL_InitTick                             0x08001db9   Thumb Code    34  stm32f4xx_hal.o(i.HAL_InitTick)
    HAL_MspInit                              0x08001de1   Thumb Code    88  stm32f4xx_hal_msp.o(i.HAL_MspInit)
    HAL_MultiProcessor_Init                  0x08001e39   Thumb Code   142  stm32f4xx_hal_uart.o(i.HAL_MultiProcessor_Init)
    HAL_NVIC_EnableIRQ                       0x08001ec7   Thumb Code    22  stm32f4xx_hal_cortex.o(i.HAL_NVIC_EnableIRQ)
    HAL_NVIC_SetPriority                     0x08001edd   Thumb Code    60  stm32f4xx_hal_cortex.o(i.HAL_NVIC_SetPriority)
    HAL_NVIC_SetPriorityGrouping             0x08001f1d   Thumb Code    26  stm32f4xx_hal_cortex.o(i.HAL_NVIC_SetPriorityGrouping)
    HAL_PCD_ConnectCallback                  0x08001f41   Thumb Code     8  usbd_conf.o(i.HAL_PCD_ConnectCallback)
    HAL_PCD_DataInStageCallback              0x08001f49   Thumb Code    18  usbd_conf.o(i.HAL_PCD_DataInStageCallback)
    HAL_PCD_DataOutStageCallback             0x08001f5b   Thumb Code    20  usbd_conf.o(i.HAL_PCD_DataOutStageCallback)
    HAL_PCD_DisconnectCallback               0x08001f6f   Thumb Code     8  usbd_conf.o(i.HAL_PCD_DisconnectCallback)
    HAL_PCD_EP_ClrStall                      0x08001f77   Thumb Code    80  stm32f4xx_hal_pcd.o(i.HAL_PCD_EP_ClrStall)
    HAL_PCD_EP_Open                          0x08001fc7   Thumb Code    84  stm32f4xx_hal_pcd.o(i.HAL_PCD_EP_Open)
    HAL_PCD_EP_Receive                       0x0800201d   Thumb Code    94  stm32f4xx_hal_pcd.o(i.HAL_PCD_EP_Receive)
    HAL_PCD_EP_SetStall                      0x0800207b   Thumb Code    96  stm32f4xx_hal_pcd.o(i.HAL_PCD_EP_SetStall)
    HAL_PCD_EP_Transmit                      0x080020db   Thumb Code    86  stm32f4xx_hal_pcd.o(i.HAL_PCD_EP_Transmit)
    HAL_PCD_IRQHandler                       0x08002131   Thumb Code  1196  stm32f4xx_hal_pcd.o(i.HAL_PCD_IRQHandler)
    HAL_PCD_ISOINIncompleteCallback          0x08002625   Thumb Code     8  usbd_conf.o(i.HAL_PCD_ISOINIncompleteCallback)
    HAL_PCD_ISOOUTIncompleteCallback         0x0800262d   Thumb Code     8  usbd_conf.o(i.HAL_PCD_ISOOUTIncompleteCallback)
    HAL_PCD_ResetCallback                    0x08002635   Thumb Code    32  usbd_conf.o(i.HAL_PCD_ResetCallback)
    HAL_PCD_ResumeCallback                   0x08002655   Thumb Code     8  usbd_conf.o(i.HAL_PCD_ResumeCallback)
    HAL_PCD_SOFCallback                      0x0800265d   Thumb Code     8  usbd_conf.o(i.HAL_PCD_SOFCallback)
    HAL_PCD_SetAddress                       0x08002665   Thumb Code    36  stm32f4xx_hal_pcd.o(i.HAL_PCD_SetAddress)
    HAL_PCD_SetupStageCallback               0x08002689   Thumb Code    14  usbd_conf.o(i.HAL_PCD_SetupStageCallback)
    HAL_PCD_SuspendCallback                  0x08002699   Thumb Code    44  usbd_conf.o(i.HAL_PCD_SuspendCallback)
    HAL_RCC_ClockConfig                      0x080026c9   Thumb Code   364  stm32f4xx_hal_rcc.o(i.HAL_RCC_ClockConfig)
    HAL_RCC_GetHCLKFreq                      0x08002845   Thumb Code     6  stm32f4xx_hal_rcc.o(i.HAL_RCC_GetHCLKFreq)
    HAL_RCC_GetPCLK1Freq                     0x08002851   Thumb Code    34  stm32f4xx_hal_rcc.o(i.HAL_RCC_GetPCLK1Freq)
    HAL_RCC_GetPCLK2Freq                     0x08002881   Thumb Code    34  stm32f4xx_hal_rcc.o(i.HAL_RCC_GetPCLK2Freq)
    HAL_RCC_GetSysClockFreq                  0x080028b1   Thumb Code   104  stm32f4xx_hal_rcc.o(i.HAL_RCC_GetSysClockFreq)
    HAL_RCC_OscConfig                        0x08002925   Thumb Code   722  stm32f4xx_hal_rcc.o(i.HAL_RCC_OscConfig)
    HAL_SPI_Init                             0x08002c09   Thumb Code   128  stm32f4xx_hal_spi.o(i.HAL_SPI_Init)
    HAL_SPI_MspInit                          0x08002c89   Thumb Code    64  init_spi.o(i.HAL_SPI_MspInit)
    HAL_SPI_TransmitReceive                  0x08002cd5   Thumb Code   472  stm32f4xx_hal_spi.o(i.HAL_SPI_TransmitReceive)
    HAL_SYSTICK_CLKSourceConfig              0x08002ead   Thumb Code    24  stm32f4xx_hal_cortex.o(i.HAL_SYSTICK_CLKSourceConfig)
    HAL_SYSTICK_Callback                     0x08002ec5   Thumb Code     2  stm32f4xx_hal_cortex.o(i.HAL_SYSTICK_Callback)
    HAL_SYSTICK_Config                       0x08002ec7   Thumb Code    40  stm32f4xx_hal_cortex.o(i.HAL_SYSTICK_Config)
    HAL_SYSTICK_IRQHandler                   0x08002eef   Thumb Code     8  stm32f4xx_hal_cortex.o(i.HAL_SYSTICK_IRQHandler)
    HAL_TIMEx_BreakCallback                  0x08002ef7   Thumb Code     2  stm32f4xx_hal_tim_ex.o(i.HAL_TIMEx_BreakCallback)
    HAL_TIMEx_CommutationCallback            0x08002ef9   Thumb Code     2  stm32f4xx_hal_tim_ex.o(i.HAL_TIMEx_CommutationCallback)
    HAL_TIMEx_ConfigBreakDeadTime            0x08002efb   Thumb Code    66  stm32f4xx_hal_tim_ex.o(i.HAL_TIMEx_ConfigBreakDeadTime)
    HAL_TIMEx_MasterConfigSynchronization    0x08002f3d   Thumb Code    80  stm32f4xx_hal_tim_ex.o(i.HAL_TIMEx_MasterConfigSynchronization)
    HAL_TIM_Base_Init                        0x08002f8d   Thumb Code    54  stm32f4xx_hal_tim.o(i.HAL_TIM_Base_Init)
    HAL_TIM_Base_MspInit                     0x08002fc5   Thumb Code   208  init_tim.o(i.HAL_TIM_Base_MspInit)
    HAL_TIM_Base_Start_IT                    0x080030b5   Thumb Code    24  stm32f4xx_hal_tim.o(i.HAL_TIM_Base_Start_IT)
    HAL_TIM_ConfigClockSource                0x080030cd   Thumb Code   242  stm32f4xx_hal_tim.o(i.HAL_TIM_ConfigClockSource)
    HAL_TIM_IC_CaptureCallback               0x080031bf   Thumb Code     2  stm32f4xx_hal_tim.o(i.HAL_TIM_IC_CaptureCallback)
    HAL_TIM_IRQHandler                       0x080031c1   Thumb Code   358  stm32f4xx_hal_tim.o(i.HAL_TIM_IRQHandler)
    HAL_TIM_MspPostInit                      0x08003329   Thumb Code   188  init_tim.o(i.HAL_TIM_MspPostInit)
    HAL_TIM_OC_DelayElapsedCallback          0x0800340d   Thumb Code     2  stm32f4xx_hal_tim.o(i.HAL_TIM_OC_DelayElapsedCallback)
    HAL_TIM_PWM_ConfigChannel                0x0800340f   Thumb Code   208  stm32f4xx_hal_tim.o(i.HAL_TIM_PWM_ConfigChannel)
    HAL_TIM_PWM_Init                         0x080034df   Thumb Code    54  stm32f4xx_hal_tim.o(i.HAL_TIM_PWM_Init)
    HAL_TIM_PWM_MspInit                      0x08003515   Thumb Code     2  stm32f4xx_hal_tim.o(i.HAL_TIM_PWM_MspInit)
    HAL_TIM_PWM_PulseFinishedCallback        0x08003517   Thumb Code     2  stm32f4xx_hal_tim.o(i.HAL_TIM_PWM_PulseFinishedCallback)
    HAL_TIM_PWM_Start                        0x08003519   Thumb Code    48  stm32f4xx_hal_tim.o(i.HAL_TIM_PWM_Start)
    HAL_TIM_PeriodElapsedCallback            0x08003551   Thumb Code     2  stm32f4xx_hal_tim.o(i.HAL_TIM_PeriodElapsedCallback)
    HAL_TIM_TriggerCallback                  0x08003553   Thumb Code     2  stm32f4xx_hal_tim.o(i.HAL_TIM_TriggerCallback)
    HAL_UART_DMAStop                         0x08003555   Thumb Code    88  stm32f4xx_hal_uart.o(i.HAL_UART_DMAStop)
    HAL_UART_ErrorCallback                   0x080035ad   Thumb Code     2  stm32f4xx_hal_uart.o(i.HAL_UART_ErrorCallback)
    HAL_UART_IRQHandler                      0x080035b1   Thumb Code   266  stm32f4xx_hal_uart.o(i.HAL_UART_IRQHandler)
    HAL_UART_Init                            0x080036c1   Thumb Code    98  stm32f4xx_hal_uart.o(i.HAL_UART_Init)
    HAL_UART_MspInit                         0x08003725   Thumb Code   298  init_usart.o(i.HAL_UART_MspInit)
    HAL_UART_Receive_DMA                     0x0800387d   Thumb Code   132  stm32f4xx_hal_uart.o(i.HAL_UART_Receive_DMA)
    HAL_UART_Receive_IT                      0x0800390d   Thumb Code    72  stm32f4xx_hal_uart.o(i.HAL_UART_Receive_IT)
    HAL_UART_RxCpltCallback                  0x08003955   Thumb Code   138  driver_usart.o(i.HAL_UART_RxCpltCallback)
    HAL_UART_RxHalfCpltCallback              0x080039f5   Thumb Code     2  stm32f4xx_hal_uart.o(i.HAL_UART_RxHalfCpltCallback)
    HAL_UART_TxCpltCallback                  0x080039f7   Thumb Code     2  stm32f4xx_hal_uart.o(i.HAL_UART_TxCpltCallback)
    HardFault_Handler                        0x080039f9   Thumb Code     2  stm32f4xx_it.o(i.HardFault_Handler)
    I2C_Delay                                0x080039fb   Thumb Code    10  driver_oled.o(i.I2C_Delay)
    IIC_Start                                0x08003a05   Thumb Code    64  driver_oled.o(i.IIC_Start)
    IIC_Stop                                 0x08003a49   Thumb Code    64  driver_oled.o(i.IIC_Stop)
    IIC_Wait_Ack                             0x08003a8d   Thumb Code    36  driver_oled.o(i.IIC_Wait_Ack)
    IMU_Get_Data                             0x08003ab5   Thumb Code   106  driver_imu.o(i.IMU_Get_Data)
    IWDG_Feed                                0x08003b25   Thumb Code     6  init_iwdog.o(i.IWDG_Feed)
    IWDG_Init                                0x08003b31   Thumb Code    16  init_iwdog.o(i.IWDG_Init)
    KeyScan                                  0x08003b49   Thumb Code    68  driver_led.o(i.KeyScan)
    MPU6500_Init                             0x08003b95   Thumb Code    70  driver_imu.o(i.MPU6500_Init)
    MPU6500_Read_Reg                         0x08003be5   Thumb Code    68  driver_imu.o(i.MPU6500_Read_Reg)
    MPU6500_Read_Regs                        0x08003c35   Thumb Code    78  driver_imu.o(i.MPU6500_Read_Regs)
    MPU6500_Write_Reg                        0x08003c91   Thumb Code    72  driver_imu.o(i.MPU6500_Write_Reg)
    MX_CAN1_Init                             0x08003ce5   Thumb Code    62  init_can.o(i.MX_CAN1_Init)
    MX_DMA_Init                              0x08003d2d   Thumb Code    40  init_dma.o(i.MX_DMA_Init)
    MX_GPIO_Init                             0x08003d59   Thumb Code   316  init_gpio.o(i.MX_GPIO_Init)
    MX_SPI5_Init                             0x08003ead   Thumb Code    62  init_spi.o(i.MX_SPI5_Init)
    MX_TIM12_Init                            0x08003ef5   Thumb Code   126  init_tim.o(i.MX_TIM12_Init)
    MX_TIM3_Init                             0x08003f7d   Thumb Code   118  init_tim.o(i.MX_TIM3_Init)
    MX_TIM4_Init                             0x08003ffd   Thumb Code   164  init_tim.o(i.MX_TIM4_Init)
    MX_TIM5_Init                             0x080040a9   Thumb Code   164  init_tim.o(i.MX_TIM5_Init)
    MX_TIM6_Init                             0x08004155   Thumb Code    54  init_tim.o(i.MX_TIM6_Init)
    MX_TIM7_Init                             0x08004195   Thumb Code    54  init_tim.o(i.MX_TIM7_Init)
    MX_TIM8_Init                             0x080041d5   Thumb Code   206  init_tim.o(i.MX_TIM8_Init)
    MX_USART1_UART_Init                      0x080042ad   Thumb Code    52  init_usart.o(i.MX_USART1_UART_Init)
    MX_USART3_UART_Init                      0x080042ed   Thumb Code    50  init_usart.o(i.MX_USART3_UART_Init)
    MX_USART6_UART_Init                      0x08004329   Thumb Code    32  init_usart.o(i.MX_USART6_UART_Init)
    MemManage_Handler                        0x08004351   Thumb Code     2  stm32f4xx_it.o(i.MemManage_Handler)
    MotorTargetChange                        0x08004355   Thumb Code   628  driver_dbus.o(i.MotorTargetChange)
    NMI_Handler                              0x08004611   Thumb Code     2  stm32f4xx_it.o(i.NMI_Handler)
    OLED_Clear                               0x08004633   Thumb Code    58  driver_oled.o(i.OLED_Clear)
    OLED_Init                                0x0800466d   Thumb Code   290  driver_oled.o(i.OLED_Init)
    OLED_Set_Pos                             0x08004799   Thumb Code    42  driver_oled.o(i.OLED_Set_Pos)
    OLED_ShowChar                            0x080047c5   Thumb Code   128  driver_oled.o(i.OLED_ShowChar)
    OLED_ShowString                          0x0800484d   Thumb Code    54  driver_oled.o(i.OLED_ShowString)
    OLED_WR_Byte                             0x08004883   Thumb Code    12  driver_oled.o(i.OLED_WR_Byte)
    OTG_FS_IRQHandler                        0x08004891   Thumb Code     6  stm32f4xx_it.o(i.OTG_FS_IRQHandler)
    PIDCalc                                  0x08004a41   Thumb Code   360  algorithm_pid.o(i.PIDCalc)
    PIDInit                                  0x08004bc9   Thumb Code    92  motor_chassis.o(i.PIDInit)
    PendSV_Handler                           0x08004c35   Thumb Code     2  stm32f4xx_it.o(i.PendSV_Handler)
    PitchPIDInit                             0x08004c39   Thumb Code    92  motor_pitch.o(i.PitchPIDInit)
    PluckMotorInit                           0x08004cad   Thumb Code    36  motor_shoot.o(i.PluckMotorInit)
    PluckPIDInit                             0x08004cd9   Thumb Code    58  motor_shoot.o(i.PluckPIDInit)
    RM2312_Init                              0x08004d25   Thumb Code    24  motor_shoot.o(i.RM2312_Init)
    SVC_Handler                              0x08004df3   Thumb Code     2  stm32f4xx_it.o(i.SVC_Handler)
    ScanDataInit                             0x08004df5   Thumb Code    36  control_vision.o(i.ScanDataInit)
    ScanDataVision                           0x08004e1d   Thumb Code   126  control_vision.o(i.ScanDataVision)
    ShootControl                             0x08004ea1   Thumb Code    46  motor_shoot.o(i.ShootControl)
    StartShoot                               0x08004f1d   Thumb Code    24  motor_shoot.o(i.StartShoot)
    SysTick_Handler                          0x08004f3d   Thumb Code    14  stm32f4xx_it.o(i.SysTick_Handler)
    SystemClock_Config                       0x08004f4d   Thumb Code   150  system_clock.o(i.SystemClock_Config)
    SystemInit                               0x08004fed   Thumb Code    66  system_stm32f4xx.o(i.SystemInit)
    TIM6_DAC_IRQHandler                      0x08005041   Thumb Code    16  stm32f4xx_it.o(i.TIM6_DAC_IRQHandler)
    TIM7_IRQHandler                          0x08005055   Thumb Code    62  stm32f4xx_it.o(i.TIM7_IRQHandler)
    TIM_Base_SetConfig                       0x080050a1   Thumb Code   148  stm32f4xx_hal_tim.o(i.TIM_Base_SetConfig)
    TIM_CCxChannelCmd                        0x08005161   Thumb Code    22  stm32f4xx_hal_tim.o(i.TIM_CCxChannelCmd)
    TIM_OC2_SetConfig                        0x080051f5   Thumb Code    90  stm32f4xx_hal_tim.o(i.TIM_OC2_SetConfig)
    TIM_SetTIM12Compare                      0x08005309   Thumb Code    10  motor_shoot.o(i.TIM_SetTIM12Compare)
    UART_SendByte                            0x080055f9   Thumb Code    16  driver_usart.o(i.UART_SendByte)
    USART1_IRQHandler                        0x0800591d   Thumb Code     6  stm32f4xx_it.o(i.USART1_IRQHandler)
    USART2_IRQHandler                        0x08005929   Thumb Code    18  stm32f4xx_it.o(i.USART2_IRQHandler)
    USART3_IRQHandler                        0x08005941   Thumb Code     6  stm32f4xx_it.o(i.USART3_IRQHandler)
    USART6_IRQHandler                        0x0800594d   Thumb Code    20  stm32f4xx_it.o(i.USART6_IRQHandler)
    USBD_ClrClassConfig                      0x08005965   Thumb Code    14  usbd_core.o(i.USBD_ClrClassConfig)
    USBD_CtlContinueRx                       0x08005973   Thumb Code    16  usbd_ioreq.o(i.USBD_CtlContinueRx)
    USBD_CtlContinueSendData                 0x08005983   Thumb Code    16  usbd_ioreq.o(i.USBD_CtlContinueSendData)
    USBD_CtlError                            0x08005993   Thumb Code    22  usbd_ctlreq.o(i.USBD_CtlError)
    USBD_CtlReceiveStatus                    0x080059a9   Thumb Code    22  usbd_ioreq.o(i.USBD_CtlReceiveStatus)
    USBD_CtlSendData                         0x080059bf   Thumb Code    26  usbd_ioreq.o(i.USBD_CtlSendData)
    USBD_CtlSendStatus                       0x080059d9   Thumb Code    22  usbd_ioreq.o(i.USBD_CtlSendStatus)
    USBD_LL_ClearStallEP                     0x08005acf   Thumb Code    14  usbd_conf.o(i.USBD_LL_ClearStallEP)
    USBD_LL_DataInStage                      0x08005add   Thumb Code   170  usbd_core.o(i.USBD_LL_DataInStage)
    USBD_LL_DataOutStage                     0x08005b87   Thumb Code   106  usbd_core.o(i.USBD_LL_DataOutStage)
    USBD_LL_DevConnected                     0x08005bf1   Thumb Code     4  usbd_core.o(i.USBD_LL_DevConnected)
    USBD_LL_DevDisconnected                  0x08005bf5   Thumb Code    22  usbd_core.o(i.USBD_LL_DevDisconnected)
    USBD_LL_IsStallEP                        0x08005c0b   Thumb Code    32  usbd_conf.o(i.USBD_LL_IsStallEP)
    USBD_LL_IsoINIncomplete                  0x08005c2b   Thumb Code     4  usbd_core.o(i.USBD_LL_IsoINIncomplete)
    USBD_LL_IsoOUTIncomplete                 0x08005c2f   Thumb Code     4  usbd_core.o(i.USBD_LL_IsoOUTIncomplete)
    USBD_LL_OpenEP                           0x08005c33   Thumb Code    20  usbd_conf.o(i.USBD_LL_OpenEP)
    USBD_LL_PrepareReceive                   0x08005c47   Thumb Code    14  usbd_conf.o(i.USBD_LL_PrepareReceive)
    USBD_LL_Reset                            0x08005c55   Thumb Code    62  usbd_core.o(i.USBD_LL_Reset)
    USBD_LL_Resume                           0x08005c93   Thumb Code    12  usbd_core.o(i.USBD_LL_Resume)
    USBD_LL_SOF                              0x08005c9f   Thumb Code    24  usbd_core.o(i.USBD_LL_SOF)
    USBD_LL_SetSpeed                         0x08005cb7   Thumb Code     6  usbd_core.o(i.USBD_LL_SetSpeed)
    USBD_LL_SetUSBAddress                    0x08005cbd   Thumb Code    14  usbd_conf.o(i.USBD_LL_SetUSBAddress)
    USBD_LL_SetupStage                       0x08005ccb   Thumb Code    90  usbd_core.o(i.USBD_LL_SetupStage)
    USBD_LL_StallEP                          0x08005d25   Thumb Code    14  usbd_conf.o(i.USBD_LL_StallEP)
    USBD_LL_Suspend                          0x08005d33   Thumb Code    18  usbd_core.o(i.USBD_LL_Suspend)
    USBD_LL_Transmit                         0x08005d45   Thumb Code    14  usbd_conf.o(i.USBD_LL_Transmit)
    USBD_ParseSetupRequest                   0x08005d53   Thumb Code    40  usbd_ctlreq.o(i.USBD_ParseSetupRequest)
    USBD_SetClassConfig                      0x08005d7b   Thumb Code    22  usbd_core.o(i.USBD_SetClassConfig)
    USBD_StdDevReq                           0x08005e05   Thumb Code   242  usbd_ctlreq.o(i.USBD_StdDevReq)
    USBD_StdEPReq                            0x08005ef7   Thumb Code   220  usbd_ctlreq.o(i.USBD_StdEPReq)
    USBD_StdItfReq                           0x08005fd3   Thumb Code    52  usbd_ctlreq.o(i.USBD_StdItfReq)
    USB_ActivateEndpoint                     0x08006009   Thumb Code   122  stm32f4xx_ll_usb.o(i.USB_ActivateEndpoint)
    USB_ActivateSetup                        0x08006089   Thumb Code    52  stm32f4xx_ll_usb.o(i.USB_ActivateSetup)
    USB_EP0StartXfer                         0x080060bd   Thumb Code   316  stm32f4xx_ll_usb.o(i.USB_EP0StartXfer)
    USB_EP0_OutStart                         0x080061fd   Thumb Code    62  stm32f4xx_ll_usb.o(i.USB_EP0_OutStart)
    USB_EPClearStall                         0x0800623b   Thumb Code   100  stm32f4xx_ll_usb.o(i.USB_EPClearStall)
    USB_EPSetStall                           0x0800629f   Thumb Code    94  stm32f4xx_ll_usb.o(i.USB_EPSetStall)
    USB_EPStartXfer                          0x080062fd   Thumb Code   534  stm32f4xx_ll_usb.o(i.USB_EPStartXfer)
    USB_FlushTxFifo                          0x08006519   Thumb Code    32  stm32f4xx_ll_usb.o(i.USB_FlushTxFifo)
    USB_GetDevSpeed                          0x0800653d   Thumb Code    60  stm32f4xx_ll_usb.o(i.USB_GetDevSpeed)
    USB_GetMode                              0x08006579   Thumb Code     8  stm32f4xx_ll_usb.o(i.USB_GetMode)
    USB_ReadDevAllInEpInterrupt              0x08006581   Thumb Code    14  stm32f4xx_ll_usb.o(i.USB_ReadDevAllInEpInterrupt)
    USB_ReadDevAllOutEpInterrupt             0x0800658f   Thumb Code    14  stm32f4xx_ll_usb.o(i.USB_ReadDevAllOutEpInterrupt)
    USB_ReadDevInEPInterrupt                 0x0800659d   Thumb Code    30  stm32f4xx_ll_usb.o(i.USB_ReadDevInEPInterrupt)
    USB_ReadDevOutEPInterrupt                0x080065bb   Thumb Code    16  stm32f4xx_ll_usb.o(i.USB_ReadDevOutEPInterrupt)
    USB_ReadInterrupts                       0x080065cb   Thumb Code     8  stm32f4xx_ll_usb.o(i.USB_ReadInterrupts)
    USB_ReadPacket                           0x080065d3   Thumb Code    32  stm32f4xx_ll_usb.o(i.USB_ReadPacket)
    USB_SetDevAddress                        0x080065f3   Thumb Code    34  stm32f4xx_ll_usb.o(i.USB_SetDevAddress)
    USB_WritePacket                          0x08006615   Thumb Code    40  stm32f4xx_ll_usb.o(i.USB_WritePacket)
    UsageFault_Handler                       0x0800663d   Thumb Code     2  stm32f4xx_it.o(i.UsageFault_Handler)
    VcanSendHead                             0x08006641   Thumb Code   146  driver_usart.o(i.VcanSendHead)
    Write_IIC_Byte                           0x080066f1   Thumb Code    92  driver_oled.o(i.Write_IIC_Byte)
    Write_IIC_Command                        0x08006751   Thumb Code    46  driver_oled.o(i.Write_IIC_Command)
    Write_IIC_Data                           0x0800677f   Thumb Code    46  driver_oled.o(i.Write_IIC_Data)
    Yaokong_translate                        0x080067ad   Thumb Code    98  driver_dbus.o(i.Yaokong_translate)
    YawPIDInit                               0x08006819   Thumb Code   150  motor_pitch.o(i.YawPIDInit)
    __scatterload_copy                       0x080068cd   Thumb Code    14  handlers.o(i.__scatterload_copy)
    __scatterload_null                       0x080068db   Thumb Code     2  handlers.o(i.__scatterload_null)
    __scatterload_zeroinit                   0x080068dd   Thumb Code    14  handlers.o(i.__scatterload_zeroinit)
    delay_ms                                 0x08006945   Thumb Code    28  driver_dbus.o(i.delay_ms)
    get_crc16                                0x08006961   Thumb Code    36  referee_sys.o(i.get_crc16)
    get_crc8                                 0x08006989   Thumb Code    28  referee_sys.o(i.get_crc8)
    get_referee_data                         0x080069a9   Thumb Code    14  referee_sys.o(i.get_referee_data)
    hal_uart2_MspInit                        0x080069bd   Thumb Code   140  referee_sys.o(i.hal_uart2_MspInit)
    main                                     0x08006a75   Thumb Code   286  main.o(i.main)
    ref_sys_init                             0x08006c1d   Thumb Code    46  referee_sys.o(i.ref_sys_init)
    test_task                                0x08006c55   Thumb Code   464  task_tim.o(i.test_task)
    uart2_init                               0x08006e6d   Thumb Code    50  referee_sys.o(i.uart2_init)
    uart_putbuff                             0x08006ea9   Thumb Code    22  driver_usart.o(i.uart_putbuff)
    uart_receive_idle                        0x08006ec1   Thumb Code   592  referee_sys.o(i.uart_receive_idle)
    vcan_sendware                            0x08007121   Thumb Code    44  driver_usart.o(i.vcan_sendware)
    verify_check                             0x08007155   Thumb Code    76  referee_sys.o(i.verify_check)
    CRC8_TAB                                 0x080071a0   Data         256  referee_sys.o(.constdata)
    CRC16_TAB                                0x080072a0   Data         512  referee_sys.o(.constdata)
    F6x8                                     0x080074b4   Data         552  driver_oled.o(.constdata)
    F8X16                                    0x080076dc   Data        1520  driver_oled.o(.constdata)
    APBAHBPrescTable                         0x08007ccc   Data          16  stm32f4xx_hal_rcc.o(.constdata)
    Region$$Table$$Base                      0x08007ce4   Number         0  anon$$obj.o(Region$$Table)
    Region$$Table$$Limit                     0x08007d04   Number         0  anon$$obj.o(Region$$Table)
    contro_flag                              0x20000000   Data           1  task_tim.o(.data)
    start_flag                               0x20000001   Data           1  task_tim.o(.data)
    Head_flag                                0x20000002   Data           1  task_tim.o(.data)
    un_control                               0x20000003   Data           1  task_tim.o(.data)
    DBUSCheak                                0x20000004   Data           1  task_tim.o(.data)
    DeadShoot                                0x20000006   Data           2  task_tim.o(.data)
    Timetick1ms                              0x20000008   Data           4  task_tim.o(.data)
    sTestResult                              0x2000000c   Data           6  task_tim.o(.data)
    onFlag                                   0x20000014   Data           4  stm32f4xx_it.o(.data)
    Tim7Num                                  0x20000018   Data           4  stm32f4xx_it.o(.data)
    SPEEDTARGET                              0x2000001c   Data           2  motor_chassis.o(.data)
    ElectricOutLF                            0x2000001e   Data           2  motor_chassis.o(.data)
    ElectricOutRF                            0x20000020   Data           2  motor_chassis.o(.data)
    ElectricOutRB                            0x20000022   Data           2  motor_chassis.o(.data)
    ElectricOutLB                            0x20000024   Data           2  motor_chassis.o(.data)
    PowerCof                                 0x20000028   Data           4  motor_chassis.o(.data)
    ElectricYaw205                           0x2000002c   Data           2  motor_pitch.o(.data)
    ElectricPitch206                         0x2000002e   Data           2  motor_pitch.o(.data)
    ElectricShoot                            0x20000030   Data           2  motor_shoot.o(.data)
    ShootNumber                              0x20000032   Data           6  motor_shoot.o(.data)
    GetHp                                    0x20000038   Data           1  driver_dbus.o(.data)
    buff_zero                                0x2000003e   Data           8  driver_dbus.o(.data)
    buff_one                                 0x20000046   Data           8  driver_dbus.o(.data)
    buff_two                                 0x2000004e   Data           8  driver_dbus.o(.data)
    buff_thr                                 0x20000056   Data           8  driver_dbus.o(.data)
    VisionFlag                               0x2000005e   Data           1  driver_usart.o(.data)
    TimesFlag                                0x2000005f   Data           1  driver_usart.o(.data)
    Uart6_Lenth                              0x20000060   Data           2  driver_usart.o(.data)
    TimesGo                                  0x20000062   Data           2  driver_usart.o(.data)
    usart2_rx_flag                           0x20000064   Data           1  referee_sys.o(.data)
    usart2_rx_len                            0x20000065   Data           1  referee_sys.o(.data)
    rx_len_cal                               0x20000066   Data           1  referee_sys.o(.data)
    dis_flag                                 0x20000067   Data           1  referee_sys.o(.data)
    eeror_data                               0x20000068   Data           1  referee_sys.o(.data)
    sysflag                                  0x20000069   Data           1  referee_sys.o(.data)
    MotorTxData                              0x2000006a   Data           8  driver_can.o(.data)
    HeadTxData                               0x20000072   Data           8  driver_can.o(.data)
    RealSpeedPLUCK                           0x2000007a   Data           2  driver_can.o(.data)
    motor_angle_0x201                        0x2000007c   Data           2  driver_can.o(.data)
    motor_angle_0x202                        0x2000007e   Data           2  driver_can.o(.data)
    motor_angle_0x203                        0x20000080   Data           2  driver_can.o(.data)
    motor_angle_0x204                        0x20000082   Data           2  driver_can.o(.data)
    RealSpeedLF                              0x20000084   Data           2  driver_can.o(.data)
    RealSpeedRF                              0x20000086   Data           2  driver_can.o(.data)
    RealSpeedLB                              0x20000088   Data           2  driver_can.o(.data)
    RealSpeedRB                              0x2000008a   Data           2  driver_can.o(.data)
    RealAngleYAW                             0x2000008c   Data           2  driver_can.o(.data)
    RealAnglePITCH                           0x2000008e   Data           2  driver_can.o(.data)
    RealAnglePLUCK                           0x20000090   Data           2  driver_can.o(.data)
    can1_rx_data                             0x20000092   Data           8  driver_can.o(.data)
    MPU_id                                   0x2000009b   Data           1  driver_imu.o(.data)
    uwTick                                   0x200000b4   Data           4  stm32f4xx_hal.o(.data)
    SystemCoreClock                          0x200000bc   Data           4  system_stm32f4xx.o(.data)
    ChassisPidLF                             0x200000c0   Data          52  motor_chassis.o(.bss)
    ChassisPidRF                             0x200000f4   Data          52  motor_chassis.o(.bss)
    ChassisPidRB                             0x20000128   Data          52  motor_chassis.o(.bss)
    ChassisPidLB                             0x2000015c   Data          52  motor_chassis.o(.bss)
    PitchOPID                                0x20000190   Data          52  motor_pitch.o(.bss)
    PitchIPID                                0x200001c4   Data          52  motor_pitch.o(.bss)
    YawOPID                                  0x200001f8   Data          52  motor_pitch.o(.bss)
    YawIPID                                  0x2000022c   Data          52  motor_pitch.o(.bss)
    data_x                                   0x20000260   Data          42  motor_pitch.o(.bss)
    data_z                                   0x2000028a   Data          42  motor_pitch.o(.bss)
    CatStruct                                0x200002b4   Data          60  motor_pitch.o(.bss)
    PluckPID                                 0x200002f0   Data          52  motor_shoot.o(.bss)
    PluckMotor                               0x20000324   Data          20  motor_shoot.o(.bss)
    RC_Ctl                                   0x20000338   Data          20  driver_dbus.o(.bss)
    moto_ctr                                 0x2000034c   Data          12  driver_dbus.o(.bss)
    HeadMove                                 0x20000358   Data          16  control_vision.o(.bss)
    uart1_rx_buff                            0x20000368   Data          50  driver_usart.o(.bss)
    uart6_rx_buff                            0x2000039a   Data          50  driver_usart.o(.bss)
    UART6_BUFF                               0x200003cc   Data         250  driver_usart.o(.bss)
    data1                                    0x200004c8   Data          17  referee_sys.o(.bss)
    data2                                    0x200004d9   Data          10  referee_sys.o(.bss)
    data3                                    0x200004e3   Data          15  referee_sys.o(.bss)
    data4                                    0x200004f2   Data          29  referee_sys.o(.bss)
    data5                                    0x2000050f   Data          11  referee_sys.o(.bss)
    data6                                    0x2000051a   Data          10  referee_sys.o(.bss)
    data7                                    0x20000524   Data          11  referee_sys.o(.bss)
    data8                                    0x2000052f   Data          25  referee_sys.o(.bss)
    usart2_rx_buffer                         0x20000548   Data         255  referee_sys.o(.bss)
    refSysData                               0x20000647   Data          57  referee_sys.o(.bss)
    hdma_usart2_rx                           0x20000680   Data          96  referee_sys.o(.bss)
    huart2                                   0x200006e0   Data          64  referee_sys.o(.bss)
    imu_data                                 0x200007a0   Data          20  driver_imu.o(.bss)
    imu_data_offest                          0x200007b4   Data          20  driver_imu.o(.bss)
    htim2                                    0x200007c8   Data          60  init_tim.o(.bss)
    htim3                                    0x20000804   Data          60  init_tim.o(.bss)
    htim4                                    0x20000840   Data          60  init_tim.o(.bss)
    htim5                                    0x2000087c   Data          60  init_tim.o(.bss)
    htim6                                    0x200008b8   Data          60  init_tim.o(.bss)
    htim7                                    0x200008f4   Data          60  init_tim.o(.bss)
    htim8                                    0x20000930   Data          60  init_tim.o(.bss)
    htim12                                   0x2000096c   Data          60  init_tim.o(.bss)
    hcan1                                    0x200009a8   Data          64  init_can.o(.bss)
    hcan2                                    0x200009e8   Data          64  init_can.o(.bss)
    hspi5                                    0x20000a28   Data          88  init_spi.o(.bss)
    huart1                                   0x20000a80   Data          64  init_usart.o(.bss)
    huart3                                   0x20000ac0   Data          64  init_usart.o(.bss)
    huart6                                   0x20000b00   Data          64  init_usart.o(.bss)
    hdma_usart1_rx                           0x20000b40   Data          96  init_usart.o(.bss)
    hpcd_USB_OTG_FS                          0x20000ba0   Data         952  usbd_conf.o(.bss)
    IWDG_Handler                             0x20000f58   Data          12  init_iwdog.o(.bss)
    __initial_sp                             0x20001368   Data           0  startup_stm32f427xx.o(STACK)



==============================================================================

Memory Map of the image

  Image Entry point : 0x080001ad

  Load Region LR_IROM1 (Base: 0x08000000, Size: 0x00007dc4, Max: 0x00200000, ABSOLUTE)

    Execution Region ER_IROM1 (Exec base: 0x08000000, Load base: 0x08000000, Size: 0x00007d04, Max: 0x00200000, ABSOLUTE)

    Exec Addr    Load Addr    Size         Type   Attr      Idx    E Section Name        Object

    0x08000000   0x08000000   0x000001ac   Data   RO         5746    RESET               startup_stm32f427xx.o
    0x080001ac   0x080001ac   0x00000000   Code   RO         5788  * .ARM.Collect$$$$00000000  mc_w.l(entry.o)
    0x080001ac   0x080001ac   0x00000004   Code   RO         5843    .ARM.Collect$$$$00000001  mc_w.l(entry2.o)
    0x080001b0   0x080001b0   0x00000004   Code   RO         5846    .ARM.Collect$$$$00000004  mc_w.l(entry5.o)
    0x080001b4   0x080001b4   0x00000000   Code   RO         5848    .ARM.Collect$$$$00000008  mc_w.l(entry7b.o)
    0x080001b4   0x080001b4   0x00000000   Code   RO         5850    .ARM.Collect$$$$0000000A  mc_w.l(entry8b.o)
    0x080001b4   0x080001b4   0x00000008   Code   RO         5851    .ARM.Collect$$$$0000000B  mc_w.l(entry9a.o)
    0x080001bc   0x080001bc   0x00000000   Code   RO         5853    .ARM.Collect$$$$0000000D  mc_w.l(entry10a.o)
    0x080001bc   0x080001bc   0x00000000   Code   RO         5855    .ARM.Collect$$$$0000000F  mc_w.l(entry11a.o)
    0x080001bc   0x080001bc   0x00000004   Code   RO         5844    .ARM.Collect$$$$00002712  mc_w.l(entry2.o)
    0x080001c0   0x080001c0   0x00000024   Code   RO         5747    .text               startup_stm32f427xx.o
    0x080001e4   0x080001e4   0x00000024   Code   RO         5791    .text               mc_w.l(memcpya.o)
    0x08000208   0x08000208   0x00000024   Code   RO         5793    .text               mc_w.l(memseta.o)
    0x0800022c   0x0800022c   0x0000014e   Code   RO         5825    .text               mf_w.l(dadd.o)
    0x0800037a   0x0800037a   0x000000e4   Code   RO         5827    .text               mf_w.l(dmul.o)
    0x0800045e   0x0800045e   0x00000022   Code   RO         5831    .text               mf_w.l(dflti.o)
    0x08000480   0x08000480   0x0000003e   Code   RO         5833    .text               mf_w.l(dfixi.o)
    0x080004be   0x080004be   0x00000026   Code   RO         5835    .text               mf_w.l(f2d.o)
    0x080004e4   0x080004e4   0x00000030   Code   RO         5837    .text               mf_w.l(cdcmple.o)
    0x08000514   0x08000514   0x00000030   Code   RO         5839    .text               mf_w.l(cdrcmple.o)
    0x08000544   0x08000544   0x00000038   Code   RO         5841    .text               mf_w.l(d2f.o)
    0x0800057c   0x0800057c   0x0000001e   Code   RO         5857    .text               mc_w.l(llshl.o)
    0x0800059a   0x0800059a   0x00000020   Code   RO         5859    .text               mc_w.l(llushr.o)
    0x080005ba   0x080005ba   0x00000024   Code   RO         5861    .text               mc_w.l(llsshr.o)
    0x080005de   0x080005de   0x00000000   Code   RO         5865    .text               mc_w.l(iusefp.o)
    0x080005de   0x080005de   0x0000006e   Code   RO         5866    .text               mf_w.l(fepilogue.o)
    0x0800064c   0x0800064c   0x000000ba   Code   RO         5868    .text               mf_w.l(depilogue.o)
    0x08000706   0x08000706   0x00000002   PAD
    0x08000708   0x08000708   0x00000024   Code   RO         5870    .text               mc_w.l(init.o)
    0x0800072c   0x0800072c   0x0000001a   Code   RO          647    i.ADDTarget         driver_dbus.o
    0x08000746   0x08000746   0x00000002   Code   RO          305    i.BusFault_Handler  stm32f4xx_it.o
    0x08000748   0x08000748   0x0000000c   Code   RO          306    i.CAN1_RX0_IRQHandler  stm32f4xx_it.o
    0x08000754   0x08000754   0x0000000c   Code   RO          307    i.CAN1_TX_IRQHandler  stm32f4xx_it.o
    0x08000760   0x08000760   0x0000000c   Code   RO          308    i.CAN2_RX0_IRQHandler  stm32f4xx_it.o
    0x0800076c   0x0800076c   0x0000000c   Code   RO          309    i.CAN2_TX_IRQHandler  stm32f4xx_it.o
    0x08000778   0x08000778   0x0000012c   Code   RO         2797    i.CAN_Receive_IT    stm32f4xx_hal_can.o
    0x080008a4   0x080008a4   0x0000002e   Code   RO          923    i.CAN_Send_Msg      driver_can.o
    0x080008d2   0x080008d2   0x00000060   Code   RO         2798    i.CAN_Transmit_IT   stm32f4xx_hal_can.o
    0x08000932   0x08000932   0x00000002   PAD
    0x08000934   0x08000934   0x00000054   Code   RO          924    i.CanFilter_Init    driver_can.o
    0x08000988   0x08000988   0x00000094   Code   RO          553    i.CircleStep        motor_shoot.o
    0x08000a1c   0x08000a1c   0x000002a8   Code   RO          462    i.Control_ChassisPID  motor_chassis.o
    0x08000cc4   0x08000cc4   0x000000cc   Code   RO          505    i.Control_PitchPID  motor_pitch.o
    0x08000d90   0x08000d90   0x00000090   Code   RO          555    i.CycleNumber       motor_shoot.o
    0x08000e20   0x08000e20   0x00000114   Code   RO          649    i.DBUS_Deal         driver_dbus.o
    0x08000f34   0x08000f34   0x00000028   Code   RO          650    i.DBUS_Init         driver_dbus.o
    0x08000f5c   0x08000f5c   0x0000000c   Code   RO          310    i.DMA2_Stream2_IRQHandler  stm32f4xx_it.o
    0x08000f68   0x08000f68   0x00000028   Code   RO         3206    i.DMA_CalcBaseAndBitshift  stm32f4xx_hal_dma.o
    0x08000f90   0x08000f90   0x00000054   Code   RO         3207    i.DMA_CheckFifoParam  stm32f4xx_hal_dma.o
    0x08000fe4   0x08000fe4   0x00000028   Code   RO         3208    i.DMA_SetConfig     stm32f4xx_hal_dma.o
    0x0800100c   0x0800100c   0x00000002   Code   RO          311    i.DebugMon_Handler  stm32f4xx_it.o
    0x0800100e   0x0800100e   0x00000006   Code   RO          312    i.EXTI1_IRQHandler  stm32f4xx_it.o
    0x08001014   0x08001014   0x00000002   Code   RO         1282    i.Error_Handler     system_clock.o
    0x08001016   0x08001016   0x00000002   PAD
    0x08001018   0x08001018   0x000000e4   Code   RO         2799    i.HAL_CAN_ConfigFilter  stm32f4xx_hal_can.o
    0x080010fc   0x080010fc   0x00000002   Code   RO         2801    i.HAL_CAN_ErrorCallback  stm32f4xx_hal_can.o
    0x080010fe   0x080010fe   0x00000002   PAD
    0x08001100   0x08001100   0x00000180   Code   RO         2804    i.HAL_CAN_IRQHandler  stm32f4xx_hal_can.o
    0x08001280   0x08001280   0x00000148   Code   RO         2805    i.HAL_CAN_Init      stm32f4xx_hal_can.o
    0x080013c8   0x080013c8   0x000000e0   Code   RO         1577    i.HAL_CAN_MspInit   init_can.o
    0x080014a8   0x080014a8   0x00000086   Code   RO         2809    i.HAL_CAN_Receive_IT  stm32f4xx_hal_can.o
    0x0800152e   0x0800152e   0x00000002   PAD
    0x08001530   0x08001530   0x000000dc   Code   RO          925    i.HAL_CAN_RxCpltCallback  driver_can.o
    0x0800160c   0x0800160c   0x00000146   Code   RO         2813    i.HAL_CAN_Transmit_IT  stm32f4xx_hal_can.o
    0x08001752   0x08001752   0x00000002   Code   RO         2814    i.HAL_CAN_TxCpltCallback  stm32f4xx_hal_can.o
    0x08001754   0x08001754   0x0000008e   Code   RO         3209    i.HAL_DMA_Abort     stm32f4xx_hal_dma.o
    0x080017e2   0x080017e2   0x00000024   Code   RO         3210    i.HAL_DMA_Abort_IT  stm32f4xx_hal_dma.o
    0x08001806   0x08001806   0x00000002   PAD
    0x08001808   0x08001808   0x000001a8   Code   RO         3214    i.HAL_DMA_IRQHandler  stm32f4xx_hal_dma.o
    0x080019b0   0x080019b0   0x000000d0   Code   RO         3215    i.HAL_DMA_Init      stm32f4xx_hal_dma.o
    0x08001a80   0x08001a80   0x00000078   Code   RO         3219    i.HAL_DMA_Start_IT  stm32f4xx_hal_dma.o
    0x08001af8   0x08001af8   0x00000016   Code   RO         4583    i.HAL_Delay         stm32f4xx_hal.o
    0x08001b0e   0x08001b0e   0x00000002   Code   RO         4116    i.HAL_GPIO_EXTI_Callback  stm32f4xx_hal_gpio.o
    0x08001b10   0x08001b10   0x00000018   Code   RO         4117    i.HAL_GPIO_EXTI_IRQHandler  stm32f4xx_hal_gpio.o
    0x08001b28   0x08001b28   0x000001cc   Code   RO         4118    i.HAL_GPIO_Init     stm32f4xx_hal_gpio.o
    0x08001cf4   0x08001cf4   0x0000000a   Code   RO         4120    i.HAL_GPIO_ReadPin  stm32f4xx_hal_gpio.o
    0x08001cfe   0x08001cfe   0x0000000a   Code   RO         4122    i.HAL_GPIO_WritePin  stm32f4xx_hal_gpio.o
    0x08001d08   0x08001d08   0x0000000c   Code   RO         4591    i.HAL_GetTick       stm32f4xx_hal.o
    0x08001d14   0x08001d14   0x00000052   Code   RO         5348    i.HAL_IWDG_Init     stm32f4xx_hal_iwdg.o
    0x08001d66   0x08001d66   0x0000000c   Code   RO         5349    i.HAL_IWDG_Refresh  stm32f4xx_hal_iwdg.o
    0x08001d72   0x08001d72   0x00000002   PAD
    0x08001d74   0x08001d74   0x00000010   Code   RO         4592    i.HAL_IncTick       stm32f4xx_hal.o
    0x08001d84   0x08001d84   0x00000034   Code   RO         4593    i.HAL_Init          stm32f4xx_hal.o
    0x08001db8   0x08001db8   0x00000028   Code   RO         4594    i.HAL_InitTick      stm32f4xx_hal.o
    0x08001de0   0x08001de0   0x00000058   Code   RO         2127    i.HAL_MspInit       stm32f4xx_hal_msp.o
    0x08001e38   0x08001e38   0x0000008e   Code   RO         2552    i.HAL_MultiProcessor_Init  stm32f4xx_hal_uart.o
    0x08001ec6   0x08001ec6   0x00000016   Code   RO         5169    i.HAL_NVIC_EnableIRQ  stm32f4xx_hal_cortex.o
    0x08001edc   0x08001edc   0x00000040   Code   RO         5175    i.HAL_NVIC_SetPriority  stm32f4xx_hal_cortex.o
    0x08001f1c   0x08001f1c   0x00000024   Code   RO         5176    i.HAL_NVIC_SetPriorityGrouping  stm32f4xx_hal_cortex.o
    0x08001f40   0x08001f40   0x00000008   Code   RO         1870    i.HAL_PCD_ConnectCallback  usbd_conf.o
    0x08001f48   0x08001f48   0x00000012   Code   RO         1871    i.HAL_PCD_DataInStageCallback  usbd_conf.o
    0x08001f5a   0x08001f5a   0x00000014   Code   RO         1872    i.HAL_PCD_DataOutStageCallback  usbd_conf.o
    0x08001f6e   0x08001f6e   0x00000008   Code   RO         1873    i.HAL_PCD_DisconnectCallback  usbd_conf.o
    0x08001f76   0x08001f76   0x00000050   Code   RO         2235    i.HAL_PCD_EP_ClrStall  stm32f4xx_hal_pcd.o
    0x08001fc6   0x08001fc6   0x00000054   Code   RO         2238    i.HAL_PCD_EP_Open   stm32f4xx_hal_pcd.o
    0x0800201a   0x0800201a   0x00000002   PAD
    0x0800201c   0x0800201c   0x0000005e   Code   RO         2239    i.HAL_PCD_EP_Receive  stm32f4xx_hal_pcd.o
    0x0800207a   0x0800207a   0x00000060   Code   RO         2240    i.HAL_PCD_EP_SetStall  stm32f4xx_hal_pcd.o
    0x080020da   0x080020da   0x00000056   Code   RO         2241    i.HAL_PCD_EP_Transmit  stm32f4xx_hal_pcd.o
    0x08002130   0x08002130   0x000004f4   Code   RO         2243    i.HAL_PCD_IRQHandler  stm32f4xx_hal_pcd.o
    0x08002624   0x08002624   0x00000008   Code   RO         1874    i.HAL_PCD_ISOINIncompleteCallback  usbd_conf.o
    0x0800262c   0x0800262c   0x00000008   Code   RO         1875    i.HAL_PCD_ISOOUTIncompleteCallback  usbd_conf.o
    0x08002634   0x08002634   0x00000020   Code   RO         1878    i.HAL_PCD_ResetCallback  usbd_conf.o
    0x08002654   0x08002654   0x00000008   Code   RO         1879    i.HAL_PCD_ResumeCallback  usbd_conf.o
    0x0800265c   0x0800265c   0x00000008   Code   RO         1880    i.HAL_PCD_SOFCallback  usbd_conf.o
    0x08002664   0x08002664   0x00000024   Code   RO         2252    i.HAL_PCD_SetAddress  stm32f4xx_hal_pcd.o
    0x08002688   0x08002688   0x0000000e   Code   RO         1881    i.HAL_PCD_SetupStageCallback  usbd_conf.o
    0x08002696   0x08002696   0x00000002   PAD
    0x08002698   0x08002698   0x00000030   Code   RO         1882    i.HAL_PCD_SuspendCallback  usbd_conf.o
    0x080026c8   0x080026c8   0x0000017c   Code   RO         2441    i.HAL_RCC_ClockConfig  stm32f4xx_hal_rcc.o
    0x08002844   0x08002844   0x0000000c   Code   RO         2446    i.HAL_RCC_GetHCLKFreq  stm32f4xx_hal_rcc.o
    0x08002850   0x08002850   0x00000030   Code   RO         2448    i.HAL_RCC_GetPCLK1Freq  stm32f4xx_hal_rcc.o
    0x08002880   0x08002880   0x00000030   Code   RO         2449    i.HAL_RCC_GetPCLK2Freq  stm32f4xx_hal_rcc.o
    0x080028b0   0x080028b0   0x00000074   Code   RO         2450    i.HAL_RCC_GetSysClockFreq  stm32f4xx_hal_rcc.o
    0x08002924   0x08002924   0x000002e4   Code   RO         2453    i.HAL_RCC_OscConfig  stm32f4xx_hal_rcc.o
    0x08002c08   0x08002c08   0x00000080   Code   RO         2935    i.HAL_SPI_Init      stm32f4xx_hal_spi.o
    0x08002c88   0x08002c88   0x0000004c   Code   RO         1629    i.HAL_SPI_MspInit   init_spi.o
    0x08002cd4   0x08002cd4   0x000001d8   Code   RO         2944    i.HAL_SPI_TransmitReceive  stm32f4xx_hal_spi.o
    0x08002eac   0x08002eac   0x00000018   Code   RO         5178    i.HAL_SYSTICK_CLKSourceConfig  stm32f4xx_hal_cortex.o
    0x08002ec4   0x08002ec4   0x00000002   Code   RO         5179    i.HAL_SYSTICK_Callback  stm32f4xx_hal_cortex.o
    0x08002ec6   0x08002ec6   0x00000028   Code   RO         5180    i.HAL_SYSTICK_Config  stm32f4xx_hal_cortex.o
    0x08002eee   0x08002eee   0x00000008   Code   RO         5181    i.HAL_SYSTICK_IRQHandler  stm32f4xx_hal_cortex.o
    0x08002ef6   0x08002ef6   0x00000002   Code   RO         4181    i.HAL_TIMEx_BreakCallback  stm32f4xx_hal_tim_ex.o
    0x08002ef8   0x08002ef8   0x00000002   Code   RO         4182    i.HAL_TIMEx_CommutationCallback  stm32f4xx_hal_tim_ex.o
    0x08002efa   0x08002efa   0x00000042   Code   RO         4183    i.HAL_TIMEx_ConfigBreakDeadTime  stm32f4xx_hal_tim_ex.o
    0x08002f3c   0x08002f3c   0x00000050   Code   RO         4198    i.HAL_TIMEx_MasterConfigSynchronization  stm32f4xx_hal_tim_ex.o
    0x08002f8c   0x08002f8c   0x00000036   Code   RO         3386    i.HAL_TIM_Base_Init  stm32f4xx_hal_tim.o
    0x08002fc2   0x08002fc2   0x00000002   PAD
    0x08002fc4   0x08002fc4   0x000000f0   Code   RO         1487    i.HAL_TIM_Base_MspInit  init_tim.o
    0x080030b4   0x080030b4   0x00000018   Code   RO         3391    i.HAL_TIM_Base_Start_IT  stm32f4xx_hal_tim.o
    0x080030cc   0x080030cc   0x000000f2   Code   RO         3395    i.HAL_TIM_ConfigClockSource  stm32f4xx_hal_tim.o
    0x080031be   0x080031be   0x00000002   Code   RO         3415    i.HAL_TIM_IC_CaptureCallback  stm32f4xx_hal_tim.o
    0x080031c0   0x080031c0   0x00000166   Code   RO         3428    i.HAL_TIM_IRQHandler  stm32f4xx_hal_tim.o
    0x08003326   0x08003326   0x00000002   PAD
    0x08003328   0x08003328   0x000000e4   Code   RO         1488    i.HAL_TIM_MspPostInit  init_tim.o
    0x0800340c   0x0800340c   0x00000002   Code   RO         3431    i.HAL_TIM_OC_DelayElapsedCallback  stm32f4xx_hal_tim.o
    0x0800340e   0x0800340e   0x000000d0   Code   RO         3452    i.HAL_TIM_PWM_ConfigChannel  stm32f4xx_hal_tim.o
    0x080034de   0x080034de   0x00000036   Code   RO         3455    i.HAL_TIM_PWM_Init  stm32f4xx_hal_tim.o
    0x08003514   0x08003514   0x00000002   Code   RO         3457    i.HAL_TIM_PWM_MspInit  stm32f4xx_hal_tim.o
    0x08003516   0x08003516   0x00000002   Code   RO         3458    i.HAL_TIM_PWM_PulseFinishedCallback  stm32f4xx_hal_tim.o
    0x08003518   0x08003518   0x00000038   Code   RO         3459    i.HAL_TIM_PWM_Start  stm32f4xx_hal_tim.o
    0x08003550   0x08003550   0x00000002   Code   RO         3465    i.HAL_TIM_PeriodElapsedCallback  stm32f4xx_hal_tim.o
    0x08003552   0x08003552   0x00000002   Code   RO         3469    i.HAL_TIM_TriggerCallback  stm32f4xx_hal_tim.o
    0x08003554   0x08003554   0x00000058   Code   RO         2555    i.HAL_UART_DMAStop  stm32f4xx_hal_uart.o
    0x080035ac   0x080035ac   0x00000002   Code   RO         2557    i.HAL_UART_ErrorCallback  stm32f4xx_hal_uart.o
    0x080035ae   0x080035ae   0x00000002   PAD
    0x080035b0   0x080035b0   0x00000110   Code   RO         2560    i.HAL_UART_IRQHandler  stm32f4xx_hal_uart.o
    0x080036c0   0x080036c0   0x00000062   Code   RO         2561    i.HAL_UART_Init     stm32f4xx_hal_uart.o
    0x08003722   0x08003722   0x00000002   PAD
    0x08003724   0x08003724   0x00000158   Code   RO         1722    i.HAL_UART_MspInit  init_usart.o
    0x0800387c   0x0800387c   0x00000090   Code   RO         2565    i.HAL_UART_Receive_DMA  stm32f4xx_hal_uart.o
    0x0800390c   0x0800390c   0x00000048   Code   RO         2566    i.HAL_UART_Receive_IT  stm32f4xx_hal_uart.o
    0x08003954   0x08003954   0x000000a0   Code   RO          763    i.HAL_UART_RxCpltCallback  driver_usart.o
    0x080039f4   0x080039f4   0x00000002   Code   RO         2568    i.HAL_UART_RxHalfCpltCallback  stm32f4xx_hal_uart.o
    0x080039f6   0x080039f6   0x00000002   Code   RO         2572    i.HAL_UART_TxCpltCallback  stm32f4xx_hal_uart.o
    0x080039f8   0x080039f8   0x00000002   Code   RO          313    i.HardFault_Handler  stm32f4xx_it.o
    0x080039fa   0x080039fa   0x0000000a   Code   RO         1339    i.I2C_Delay         driver_oled.o
    0x08003a04   0x08003a04   0x00000044   Code   RO         1340    i.IIC_Start         driver_oled.o
    0x08003a48   0x08003a48   0x00000044   Code   RO         1341    i.IIC_Stop          driver_oled.o
    0x08003a8c   0x08003a8c   0x00000028   Code   RO         1342    i.IIC_Wait_Ack      driver_oled.o
    0x08003ab4   0x08003ab4   0x00000070   Code   RO         1172    i.IMU_Get_Data      driver_imu.o
    0x08003b24   0x08003b24   0x0000000c   Code   RO         2189    i.IWDG_Feed         init_iwdog.o
    0x08003b30   0x08003b30   0x00000018   Code   RO         2190    i.IWDG_Init         init_iwdog.o
    0x08003b48   0x08003b48   0x0000004c   Code   RO          998    i.KeyScan           driver_led.o
    0x08003b94   0x08003b94   0x00000050   Code   RO         1176    i.MPU6500_Init      driver_imu.o
    0x08003be4   0x08003be4   0x00000050   Code   RO         1177    i.MPU6500_Read_Reg  driver_imu.o
    0x08003c34   0x08003c34   0x0000005c   Code   RO         1178    i.MPU6500_Read_Regs  driver_imu.o
    0x08003c90   0x08003c90   0x00000054   Code   RO         1181    i.MPU6500_Write_Reg  driver_imu.o
    0x08003ce4   0x08003ce4   0x00000048   Code   RO         1578    i.MX_CAN1_Init      init_can.o
    0x08003d2c   0x08003d2c   0x0000002c   Code   RO         1670    i.MX_DMA_Init       init_dma.o
    0x08003d58   0x08003d58   0x00000154   Code   RO         1697    i.MX_GPIO_Init      init_gpio.o
    0x08003eac   0x08003eac   0x00000048   Code   RO         1630    i.MX_SPI5_Init      init_spi.o
    0x08003ef4   0x08003ef4   0x00000088   Code   RO         1489    i.MX_TIM12_Init     init_tim.o
    0x08003f7c   0x08003f7c   0x00000080   Code   RO         1491    i.MX_TIM3_Init      init_tim.o
    0x08003ffc   0x08003ffc   0x000000ac   Code   RO         1492    i.MX_TIM4_Init      init_tim.o
    0x080040a8   0x080040a8   0x000000ac   Code   RO         1493    i.MX_TIM5_Init      init_tim.o
    0x08004154   0x08004154   0x00000040   Code   RO         1494    i.MX_TIM6_Init      init_tim.o
    0x08004194   0x08004194   0x00000040   Code   RO         1495    i.MX_TIM7_Init      init_tim.o
    0x080041d4   0x080041d4   0x000000d8   Code   RO         1496    i.MX_TIM8_Init      init_tim.o
    0x080042ac   0x080042ac   0x00000040   Code   RO         1723    i.MX_USART1_UART_Init  init_usart.o
    0x080042ec   0x080042ec   0x0000003c   Code   RO         1725    i.MX_USART3_UART_Init  init_usart.o
    0x08004328   0x08004328   0x00000028   Code   RO         1726    i.MX_USART6_UART_Init  init_usart.o
    0x08004350   0x08004350   0x00000002   Code   RO          314    i.MemManage_Handler  stm32f4xx_it.o
    0x08004352   0x08004352   0x00000002   PAD
    0x08004354   0x08004354   0x000002bc   Code   RO          651    i.MotorTargetChange  driver_dbus.o
    0x08004610   0x08004610   0x00000002   Code   RO          315    i.NMI_Handler       stm32f4xx_it.o
    0x08004612   0x08004612   0x00000020   Code   RO         5182    i.NVIC_SetPriority  stm32f4xx_hal_cortex.o
    0x08004632   0x08004632   0x0000003a   Code   RO         1343    i.OLED_Clear        driver_oled.o
    0x0800466c   0x0800466c   0x0000012c   Code   RO         1347    i.OLED_Init         driver_oled.o
    0x08004798   0x08004798   0x0000002a   Code   RO         1349    i.OLED_Set_Pos      driver_oled.o
    0x080047c2   0x080047c2   0x00000002   PAD
    0x080047c4   0x080047c4   0x00000088   Code   RO         1351    i.OLED_ShowChar     driver_oled.o
    0x0800484c   0x0800484c   0x00000036   Code   RO         1353    i.OLED_ShowString   driver_oled.o
    0x08004882   0x08004882   0x0000000c   Code   RO         1354    i.OLED_WR_Byte      driver_oled.o
    0x0800488e   0x0800488e   0x00000002   PAD
    0x08004890   0x08004890   0x0000000c   Code   RO          316    i.OTG_FS_IRQHandler  stm32f4xx_it.o
    0x0800489c   0x0800489c   0x0000011c   Code   RO          652    i.OneKeyDeal_WSADQR  driver_dbus.o
    0x080049b8   0x080049b8   0x00000088   Code   RO         2257    i.PCD_WriteEmptyTxFifo  stm32f4xx_hal_pcd.o
    0x08004a40   0x08004a40   0x00000188   Code   RO          974    i.PIDCalc           algorithm_pid.o
    0x08004bc8   0x08004bc8   0x0000006c   Code   RO          463    i.PIDInit           motor_chassis.o
    0x08004c34   0x08004c34   0x00000002   Code   RO          317    i.PendSV_Handler    stm32f4xx_it.o
    0x08004c36   0x08004c36   0x00000002   PAD
    0x08004c38   0x08004c38   0x00000074   Code   RO          506    i.PitchPIDInit      motor_pitch.o
    0x08004cac   0x08004cac   0x0000002c   Code   RO          556    i.PluckMotorInit    motor_shoot.o
    0x08004cd8   0x08004cd8   0x0000004c   Code   RO          557    i.PluckPIDInit      motor_shoot.o
    0x08004d24   0x08004d24   0x00000018   Code   RO          558    i.RM2312_Init       motor_shoot.o
    0x08004d3c   0x08004d3c   0x00000020   Code   RO         2957    i.SPI_CheckFlag_BSY  stm32f4xx_hal_spi.o
    0x08004d5c   0x08004d5c   0x00000096   Code   RO         2973    i.SPI_WaitFlagStateUntilTimeout  stm32f4xx_hal_spi.o
    0x08004df2   0x08004df2   0x00000002   Code   RO          318    i.SVC_Handler       stm32f4xx_it.o
    0x08004df4   0x08004df4   0x00000028   Code   RO          729    i.ScanDataInit      control_vision.o
    0x08004e1c   0x08004e1c   0x00000084   Code   RO          730    i.ScanDataVision    control_vision.o
    0x08004ea0   0x08004ea0   0x0000003c   Code   RO          560    i.ShootControl      motor_shoot.o
    0x08004edc   0x08004edc   0x00000040   Code   RO          507    i.Slide             motor_pitch.o
    0x08004f1c   0x08004f1c   0x00000020   Code   RO          561    i.StartShoot        motor_shoot.o
    0x08004f3c   0x08004f3c   0x0000000e   Code   RO          319    i.SysTick_Handler   stm32f4xx_it.o
    0x08004f4a   0x08004f4a   0x00000002   PAD
    0x08004f4c   0x08004f4c   0x000000a0   Code   RO         1283    i.SystemClock_Config  system_clock.o
    0x08004fec   0x08004fec   0x00000054   Code   RO         5755    i.SystemInit        system_stm32f4xx.o
    0x08005040   0x08005040   0x00000014   Code   RO          320    i.TIM6_DAC_IRQHandler  stm32f4xx_it.o
    0x08005054   0x08005054   0x0000004c   Code   RO          321    i.TIM7_IRQHandler   stm32f4xx_it.o
    0x080050a0   0x080050a0   0x000000c0   Code   RO         3470    i.TIM_Base_SetConfig  stm32f4xx_hal_tim.o
    0x08005160   0x08005160   0x00000016   Code   RO         3471    i.TIM_CCxChannelCmd  stm32f4xx_hal_tim.o
    0x08005176   0x08005176   0x00000014   Code   RO         3477    i.TIM_ETR_SetConfig  stm32f4xx_hal_tim.o
    0x0800518a   0x0800518a   0x00000010   Code   RO         3478    i.TIM_ITRx_SetConfig  stm32f4xx_hal_tim.o
    0x0800519a   0x0800519a   0x00000002   PAD
    0x0800519c   0x0800519c   0x00000058   Code   RO         3479    i.TIM_OC1_SetConfig  stm32f4xx_hal_tim.o
    0x080051f4   0x080051f4   0x00000064   Code   RO         3480    i.TIM_OC2_SetConfig  stm32f4xx_hal_tim.o
    0x08005258   0x08005258   0x00000060   Code   RO         3481    i.TIM_OC3_SetConfig  stm32f4xx_hal_tim.o
    0x080052b8   0x080052b8   0x00000050   Code   RO         3482    i.TIM_OC4_SetConfig  stm32f4xx_hal_tim.o
    0x08005308   0x08005308   0x00000010   Code   RO          562    i.TIM_SetTIM12Compare  motor_shoot.o
    0x08005318   0x08005318   0x00000022   Code   RO         3484    i.TIM_TI1_ConfigInputStage  stm32f4xx_hal_tim.o
    0x0800533a   0x0800533a   0x00000024   Code   RO         3486    i.TIM_TI2_ConfigInputStage  stm32f4xx_hal_tim.o
    0x0800535e   0x0800535e   0x00000002   PAD
    0x08005360   0x08005360   0x0000013c   Code   RO          653    i.TowKeyDeal_WSAD_T  driver_dbus.o
    0x0800549c   0x0800549c   0x00000010   Code   RO         2574    i.UART_DMAAbortOnError  stm32f4xx_hal_uart.o
    0x080054ac   0x080054ac   0x0000004a   Code   RO         2575    i.UART_DMAError     stm32f4xx_hal_uart.o
    0x080054f6   0x080054f6   0x0000003c   Code   RO         2576    i.UART_DMAReceiveCplt  stm32f4xx_hal_uart.o
    0x08005532   0x08005532   0x0000000a   Code   RO         2577    i.UART_DMARxHalfCplt  stm32f4xx_hal_uart.o
    0x0800553c   0x0800553c   0x0000001c   Code   RO         2580    i.UART_EndRxTransfer  stm32f4xx_hal_uart.o
    0x08005558   0x08005558   0x00000012   Code   RO         2581    i.UART_EndTxTransfer  stm32f4xx_hal_uart.o
    0x0800556a   0x0800556a   0x0000008c   Code   RO         2582    i.UART_Receive_IT   stm32f4xx_hal_uart.o
    0x080055f6   0x080055f6   0x00000002   PAD
    0x080055f8   0x080055f8   0x00000014   Code   RO          764    i.UART_SendByte     driver_usart.o
    0x0800560c   0x0800560c   0x000002ac   Code   RO         2583    i.UART_SetConfig    stm32f4xx_hal_uart.o
    0x080058b8   0x080058b8   0x00000062   Code   RO         2584    i.UART_Transmit_IT  stm32f4xx_hal_uart.o
    0x0800591a   0x0800591a   0x00000002   PAD
    0x0800591c   0x0800591c   0x0000000c   Code   RO          322    i.USART1_IRQHandler  stm32f4xx_it.o
    0x08005928   0x08005928   0x00000018   Code   RO          323    i.USART2_IRQHandler  stm32f4xx_it.o
    0x08005940   0x08005940   0x0000000c   Code   RO          324    i.USART3_IRQHandler  stm32f4xx_it.o
    0x0800594c   0x0800594c   0x00000018   Code   RO          325    i.USART6_IRQHandler  stm32f4xx_it.o
    0x08005964   0x08005964   0x0000000e   Code   RO         5484    i.USBD_ClrClassConfig  usbd_core.o
    0x08005972   0x08005972   0x00000010   Code   RO         5687    i.USBD_CtlContinueRx  usbd_ioreq.o
    0x08005982   0x08005982   0x00000010   Code   RO         5688    i.USBD_CtlContinueSendData  usbd_ioreq.o
    0x08005992   0x08005992   0x00000016   Code   RO         5622    i.USBD_CtlError     usbd_ctlreq.o
    0x080059a8   0x080059a8   0x00000016   Code   RO         5690    i.USBD_CtlReceiveStatus  usbd_ioreq.o
    0x080059be   0x080059be   0x0000001a   Code   RO         5691    i.USBD_CtlSendData  usbd_ioreq.o
    0x080059d8   0x080059d8   0x00000016   Code   RO         5692    i.USBD_CtlSendStatus  usbd_ioreq.o
    0x080059ee   0x080059ee   0x000000e0   Code   RO         5623    i.USBD_GetDescriptor  usbd_ctlreq.o
    0x08005ace   0x08005ace   0x0000000e   Code   RO         1883    i.USBD_LL_ClearStallEP  usbd_conf.o
    0x08005adc   0x08005adc   0x000000aa   Code   RO         5487    i.USBD_LL_DataInStage  usbd_core.o
    0x08005b86   0x08005b86   0x0000006a   Code   RO         5488    i.USBD_LL_DataOutStage  usbd_core.o
    0x08005bf0   0x08005bf0   0x00000004   Code   RO         5489    i.USBD_LL_DevConnected  usbd_core.o
    0x08005bf4   0x08005bf4   0x00000016   Code   RO         5490    i.USBD_LL_DevDisconnected  usbd_core.o
    0x08005c0a   0x08005c0a   0x00000020   Code   RO         1890    i.USBD_LL_IsStallEP  usbd_conf.o
    0x08005c2a   0x08005c2a   0x00000004   Code   RO         5491    i.USBD_LL_IsoINIncomplete  usbd_core.o
    0x08005c2e   0x08005c2e   0x00000004   Code   RO         5492    i.USBD_LL_IsoOUTIncomplete  usbd_core.o
    0x08005c32   0x08005c32   0x00000014   Code   RO         1891    i.USBD_LL_OpenEP    usbd_conf.o
    0x08005c46   0x08005c46   0x0000000e   Code   RO         1892    i.USBD_LL_PrepareReceive  usbd_conf.o
    0x08005c54   0x08005c54   0x0000003e   Code   RO         5493    i.USBD_LL_Reset     usbd_core.o
    0x08005c92   0x08005c92   0x0000000c   Code   RO         5494    i.USBD_LL_Resume    usbd_core.o
    0x08005c9e   0x08005c9e   0x00000018   Code   RO         5495    i.USBD_LL_SOF       usbd_core.o
    0x08005cb6   0x08005cb6   0x00000006   Code   RO         5496    i.USBD_LL_SetSpeed  usbd_core.o
    0x08005cbc   0x08005cbc   0x0000000e   Code   RO         1893    i.USBD_LL_SetUSBAddress  usbd_conf.o
    0x08005cca   0x08005cca   0x0000005a   Code   RO         5497    i.USBD_LL_SetupStage  usbd_core.o
    0x08005d24   0x08005d24   0x0000000e   Code   RO         1894    i.USBD_LL_StallEP   usbd_conf.o
    0x08005d32   0x08005d32   0x00000012   Code   RO         5498    i.USBD_LL_Suspend   usbd_core.o
    0x08005d44   0x08005d44   0x0000000e   Code   RO         1897    i.USBD_LL_Transmit  usbd_conf.o
    0x08005d52   0x08005d52   0x00000028   Code   RO         5625    i.USBD_ParseSetupRequest  usbd_ctlreq.o
    0x08005d7a   0x08005d7a   0x00000016   Code   RO         5501    i.USBD_SetClassConfig  usbd_core.o
    0x08005d90   0x08005d90   0x00000074   Code   RO         5626    i.USBD_SetConfig    usbd_ctlreq.o
    0x08005e04   0x08005e04   0x000000f2   Code   RO         5627    i.USBD_StdDevReq    usbd_ctlreq.o
    0x08005ef6   0x08005ef6   0x000000dc   Code   RO         5628    i.USBD_StdEPReq     usbd_ctlreq.o
    0x08005fd2   0x08005fd2   0x00000034   Code   RO         5629    i.USBD_StdItfReq    usbd_ctlreq.o
    0x08006006   0x08006006   0x00000002   PAD
    0x08006008   0x08006008   0x00000080   Code   RO         4854    i.USB_ActivateEndpoint  stm32f4xx_ll_usb.o
    0x08006088   0x08006088   0x00000034   Code   RO         4855    i.USB_ActivateSetup  stm32f4xx_ll_usb.o
    0x080060bc   0x080060bc   0x00000140   Code   RO         4867    i.USB_EP0StartXfer  stm32f4xx_ll_usb.o
    0x080061fc   0x080061fc   0x0000003e   Code   RO         4868    i.USB_EP0_OutStart  stm32f4xx_ll_usb.o
    0x0800623a   0x0800623a   0x00000064   Code   RO         4869    i.USB_EPClearStall  stm32f4xx_ll_usb.o
    0x0800629e   0x0800629e   0x0000005e   Code   RO         4870    i.USB_EPSetStall    stm32f4xx_ll_usb.o
    0x080062fc   0x080062fc   0x0000021c   Code   RO         4871    i.USB_EPStartXfer   stm32f4xx_ll_usb.o
    0x08006518   0x08006518   0x00000024   Code   RO         4874    i.USB_FlushTxFifo   stm32f4xx_ll_usb.o
    0x0800653c   0x0800653c   0x0000003c   Code   RO         4876    i.USB_GetDevSpeed   stm32f4xx_ll_usb.o
    0x08006578   0x08006578   0x00000008   Code   RO         4878    i.USB_GetMode       stm32f4xx_ll_usb.o
    0x08006580   0x08006580   0x0000000e   Code   RO         4885    i.USB_ReadDevAllInEpInterrupt  stm32f4xx_ll_usb.o
    0x0800658e   0x0800658e   0x0000000e   Code   RO         4886    i.USB_ReadDevAllOutEpInterrupt  stm32f4xx_ll_usb.o
    0x0800659c   0x0800659c   0x0000001e   Code   RO         4887    i.USB_ReadDevInEPInterrupt  stm32f4xx_ll_usb.o
    0x080065ba   0x080065ba   0x00000010   Code   RO         4888    i.USB_ReadDevOutEPInterrupt  stm32f4xx_ll_usb.o
    0x080065ca   0x080065ca   0x00000008   Code   RO         4889    i.USB_ReadInterrupts  stm32f4xx_ll_usb.o
    0x080065d2   0x080065d2   0x00000020   Code   RO         4890    i.USB_ReadPacket    stm32f4xx_ll_usb.o
    0x080065f2   0x080065f2   0x00000022   Code   RO         4893    i.USB_SetDevAddress  stm32f4xx_ll_usb.o
    0x08006614   0x08006614   0x00000028   Code   RO         4897    i.USB_WritePacket   stm32f4xx_ll_usb.o
    0x0800663c   0x0800663c   0x00000002   Code   RO          326    i.UsageFault_Handler  stm32f4xx_it.o
    0x0800663e   0x0800663e   0x00000002   PAD
    0x08006640   0x08006640   0x000000b0   Code   RO          765    i.VcanSendHead      driver_usart.o
    0x080066f0   0x080066f0   0x00000060   Code   RO         1355    i.Write_IIC_Byte    driver_oled.o
    0x08006750   0x08006750   0x0000002e   Code   RO         1356    i.Write_IIC_Command  driver_oled.o
    0x0800677e   0x0800677e   0x0000002e   Code   RO         1357    i.Write_IIC_Data    driver_oled.o
    0x080067ac   0x080067ac   0x0000006c   Code   RO          654    i.Yaokong_translate  driver_dbus.o
    0x08006818   0x08006818   0x000000b4   Code   RO          508    i.YawPIDInit        motor_pitch.o
    0x080068cc   0x080068cc   0x0000000e   Code   RO         5874    i.__scatterload_copy  mc_w.l(handlers.o)
    0x080068da   0x080068da   0x00000002   Code   RO         5875    i.__scatterload_null  mc_w.l(handlers.o)
    0x080068dc   0x080068dc   0x0000000e   Code   RO         5876    i.__scatterload_zeroinit  mc_w.l(handlers.o)
    0x080068ea   0x080068ea   0x00000002   PAD
    0x080068ec   0x080068ec   0x00000058   Code   RO          830    i.cal_ref_data4     referee_sys.o
    0x08006944   0x08006944   0x0000001c   Code   RO          655    i.delay_ms          driver_dbus.o
    0x08006960   0x08006960   0x00000028   Code   RO          831    i.get_crc16         referee_sys.o
    0x08006988   0x08006988   0x00000020   Code   RO          832    i.get_crc8          referee_sys.o
    0x080069a8   0x080069a8   0x00000014   Code   RO          833    i.get_referee_data  referee_sys.o
    0x080069bc   0x080069bc   0x0000009c   Code   RO          834    i.hal_uart2_MspInit  referee_sys.o
    0x08006a58   0x08006a58   0x0000001c   Code   RO          835    i.hex_to_float      referee_sys.o
    0x08006a74   0x08006a74   0x00000164   Code   RO            4    i.main              main.o
    0x08006bd8   0x08006bd8   0x00000044   Code   RO          836    i.ref_sys           referee_sys.o
    0x08006c1c   0x08006c1c   0x00000038   Code   RO          837    i.ref_sys_init      referee_sys.o
    0x08006c54   0x08006c54   0x00000218   Code   RO          270    i.test_task         task_tim.o
    0x08006e6c   0x08006e6c   0x0000003c   Code   RO          838    i.uart2_init        referee_sys.o
    0x08006ea8   0x08006ea8   0x00000016   Code   RO          768    i.uart_putbuff      driver_usart.o
    0x08006ebe   0x08006ebe   0x00000002   PAD
    0x08006ec0   0x08006ec0   0x00000260   Code   RO          839    i.uart_receive_idle  referee_sys.o
    0x08007120   0x08007120   0x00000034   Code   RO          769    i.vcan_sendware     driver_usart.o
    0x08007154   0x08007154   0x0000004c   Code   RO          840    i.verify_check      referee_sys.o
    0x080071a0   0x080071a0   0x00000300   Data   RO          842    .constdata          referee_sys.o
    0x080074a0   0x080074a0   0x00000014   Data   RO         1184    .constdata          driver_imu.o
    0x080074b4   0x080074b4   0x00000818   Data   RO         1360    .constdata          driver_oled.o
    0x08007ccc   0x08007ccc   0x00000010   Data   RO         2454    .constdata          stm32f4xx_hal_rcc.o
    0x08007cdc   0x08007cdc   0x00000008   Data   RO         3221    .constdata          stm32f4xx_hal_dma.o
    0x08007ce4   0x08007ce4   0x00000020   Data   RO         5872    Region$$Table       anon$$obj.o


    Execution Region RW_IRAM2 (Exec base: 0x10000000, Load base: 0x08007dc4, Size: 0x00000000, Max: 0x00010000, ABSOLUTE)

    **** No section assigned to this execution region ****


    Execution Region RW_IRAM1 (Exec base: 0x20000000, Load base: 0x08007d04, Size: 0x00001368, Max: 0x00030000, ABSOLUTE)

    Exec Addr    Load Addr    Size         Type   Attr      Idx    E Section Name        Object

    0x20000000   0x08007d04   0x0000000c   Data   RW          271    .data               task_tim.o
    0x2000000c   0x08007d10   0x00000006   Data   RW          272    .data               task_tim.o
    0x20000012   0x08007d16   0x00000002   PAD
    0x20000014   0x08007d18   0x00000008   Data   RW          327    .data               stm32f4xx_it.o
    0x2000001c   0x08007d20   0x00000010   Data   RW          468    .data               motor_chassis.o
    0x2000002c   0x08007d30   0x00000004   Data   RW          512    .data               motor_pitch.o
    0x20000030   0x08007d34   0x00000008   Data   RW          568    .data               motor_shoot.o
    0x20000038   0x08007d3c   0x00000026   Data   RW          659    .data               driver_dbus.o
    0x2000005e   0x08007d62   0x00000006   Data   RW          773    .data               driver_usart.o
    0x20000064   0x08007d68   0x00000006   Data   RW          844    .data               referee_sys.o
    0x2000006a   0x08007d6e   0x00000008   Data   RW          927    .data               driver_can.o
    0x20000072   0x08007d76   0x00000008   Data   RW          928    .data               driver_can.o
    0x2000007a   0x08007d7e   0x00000020   Data   RW          930    .data               driver_can.o
    0x2000009a   0x08007d9e   0x00000001   Data   RW          999    .data               driver_led.o
    0x2000009b   0x08007d9f   0x00000015   Data   RW         1185    .data               driver_imu.o
    0x200000b0   0x08007db4   0x00000004   Data   RW         1581    .data               init_can.o
    0x200000b4   0x08007db8   0x00000004   Data   RW         4599    .data               stm32f4xx_hal.o
    0x200000b8   0x08007dbc   0x00000001   Data   RW         5630    .data               usbd_ctlreq.o
    0x200000b9   0x08007dbd   0x00000003   PAD
    0x200000bc   0x08007dc0   0x00000004   Data   RW         5757    .data               system_stm32f4xx.o
    0x200000c0        -       0x000000d0   Zero   RW          464    .bss                motor_chassis.o
    0x20000190        -       0x00000160   Zero   RW          509    .bss                motor_pitch.o
    0x200002f0        -       0x00000048   Zero   RW          564    .bss                motor_shoot.o
    0x20000338        -       0x00000020   Zero   RW          656    .bss                driver_dbus.o
    0x20000358        -       0x00000010   Zero   RW          731    .bss                control_vision.o
    0x20000368        -       0x0000015e   Zero   RW          770    .bss                driver_usart.o
    0x200004c6   0x08007dc4   0x00000002   PAD
    0x200004c8        -       0x00000258   Zero   RW          841    .bss                referee_sys.o
    0x20000720        -       0x00000080   Zero   RW          926    .bss                driver_can.o
    0x200007a0        -       0x00000028   Zero   RW         1183    .bss                driver_imu.o
    0x200007c8        -       0x000001e0   Zero   RW         1497    .bss                init_tim.o
    0x200009a8        -       0x00000080   Zero   RW         1580    .bss                init_can.o
    0x20000a28        -       0x00000058   Zero   RW         1631    .bss                init_spi.o
    0x20000a80        -       0x00000120   Zero   RW         1729    .bss                init_usart.o
    0x20000ba0        -       0x000003b8   Zero   RW         1898    .bss                usbd_conf.o
    0x20000f58        -       0x0000000c   Zero   RW         2191    .bss                init_iwdog.o
    0x20000f64   0x08007dc4   0x00000004   PAD
    0x20000f68        -       0x00000400   Zero   RW         5744    STACK               startup_stm32f427xx.o


==============================================================================

Image component sizes


      Code (inc. data)   RO Data    RW Data    ZI Data      Debug   Object Name

       392         32          0          0          0       1534   algorithm_pid.o
       172         10          0          0         16       2268   control_vision.o
         0          0          0          0          0     360604   driver_beep.o
       350         44          0         48        128       4097   driver_can.o
      1778        178          0         38         32       9328   driver_dbus.o
       448         54         20         21         40       5163   driver_imu.o
        76          8          0          1          0        690   driver_led.o
       976         34       2072          0          0      10293   driver_oled.o
       430         64          0          6        350       5331   driver_usart.o
       296         34          0          4        128       2107   init_can.o
        44          4          0          0          0        894   init_dma.o
       340         24          0          0          0       1295   init_gpio.o
        36         14          0          0         12       1287   init_iwdog.o
       148         22          0          0         88       1869   init_spi.o
      1420        138          0          0        480       7506   init_tim.o
       508         76          0          0        288       4711   init_usart.o
       356         70          0          0          0     252558   main.o
       788        106          0         16        208       2372   motor_chassis.o
       564         84          0          4        352       3830   motor_pitch.o
       544         76          0          8         72       6707   motor_shoot.o
      1232         86        768          6        600      11772   referee_sys.o
        36          8        428          0       1024        824   startup_stm32f427xx.o
       142         22          0          4          0       4399   stm32f4xx_hal.o
      1800         24          0          0          0       7835   stm32f4xx_hal_can.o
       228         14          0          0          0      32409   stm32f4xx_hal_cortex.o
      1094         22          8          0          0       7642   stm32f4xx_hal_dma.o
       506         58          0          0          0       4555   stm32f4xx_hal_gpio.o
        94          0          0          0          0       1847   stm32f4xx_hal_iwdg.o
        88          0          0          0          0        578   stm32f4xx_hal_msp.o
      1880         72          0          0          0       8763   stm32f4xx_hal_pcd.o
      1344         80         16          0          0       6143   stm32f4xx_hal_rcc.o
       782          0          0          0          0       4565   stm32f4xx_hal_spi.o
      1692         88          0          0          0      17572   stm32f4xx_hal_tim.o
       150          0          0          0          0       3342   stm32f4xx_hal_tim_ex.o
      1950         26          0          0          0      13613   stm32f4xx_hal_uart.o
       276         76          0          8          0      12530   stm32f4xx_it.o
      1588         20          0          0          0      14104   stm32f4xx_ll_usb.o
       162         10          0          0          0       1721   system_clock.o
        84         18          0          4          0       1425   system_stm32f4xx.o
       536         72          0         18          0       2098   task_tim.o
         0          0          0          0          0       4420   usbd_cdc_if.o
       302          4          0          0        952      11927   usbd_conf.o
       558          0          0          0          0      10576   usbd_core.o
       916         30          0          1          0       7487   usbd_ctlreq.o
       102          0          0          0          0       4084   usbd_ioreq.o

    ----------------------------------------------------------------------
     27256       1802       3344        192       4776     880675   Object Totals
         0          0         32          0          0          0   (incl. Generated)
        48          0          0          5          6          0   (incl. Padding)

    ----------------------------------------------------------------------

      Code (inc. data)   RO Data    RW Data    ZI Data      Debug   Library Member Name

         0          0          0          0          0          0   entry.o
         0          0          0          0          0          0   entry10a.o
         0          0          0          0          0          0   entry11a.o
         8          4          0          0          0          0   entry2.o
         4          0          0          0          0          0   entry5.o
         0          0          0          0          0          0   entry7b.o
         0          0          0          0          0          0   entry8b.o
         8          4          0          0          0          0   entry9a.o
        30          0          0          0          0          0   handlers.o
        36          8          0          0          0         68   init.o
         0          0          0          0          0          0   iusefp.o
        30          0          0          0          0         68   llshl.o
        36          0          0          0          0         68   llsshr.o
        32          0          0          0          0         68   llushr.o
        36          0          0          0          0         68   memcpya.o
        36          0          0          0          0        108   memseta.o
        48          0          0          0          0         68   cdcmple.o
        48          0          0          0          0         68   cdrcmple.o
        56          0          0          0          0         88   d2f.o
       334          0          0          0          0        148   dadd.o
       186          0          0          0          0        176   depilogue.o
        62          0          0          0          0         80   dfixi.o
        34          0          0          0          0         76   dflti.o
       228          0          0          0          0         96   dmul.o
        38          0          0          0          0         68   f2d.o
       110          0          0          0          0        168   fepilogue.o

    ----------------------------------------------------------------------
      1404         16          0          0          0       1484   Library Totals
         4          0          0          0          0          0   (incl. Padding)

    ----------------------------------------------------------------------

      Code (inc. data)   RO Data    RW Data    ZI Data      Debug   Library Name

       256         16          0          0          0        448   mc_w.l
      1144          0          0          0          0       1036   mf_w.l

    ----------------------------------------------------------------------
      1404         16          0          0          0       1484   Library Totals

    ----------------------------------------------------------------------

==============================================================================


      Code (inc. data)   RO Data    RW Data    ZI Data      Debug   

     28660       1818       3344        192       4776     855487   Grand Totals
     28660       1818       3344        192       4776     855487   ELF Image Totals
     28660       1818       3344        192          0          0   ROM Totals

==============================================================================

    Total RO  Size (Code + RO Data)                32004 (  31.25kB)
    Total RW  Size (RW Data + ZI Data)              4968 (   4.85kB)
    Total ROM Size (Code + RO Data + RW Data)      32196 (  31.44kB)

==============================================================================

