Component: ARM Compiler 5.05 update 1 (build 106) Tool: armlink [4d0efa]

==============================================================================

Section Cross References

    main.o(i.main) refers to stm32f4xx_hal.o(i.HAL_Init) for HAL_Init
    main.o(i.main) refers to system_clock.o(i.SystemClock_Config) for SystemClock_Config
    main.o(i.main) refers to init_gpio.o(i.MX_GPIO_Init) for MX_GPIO_Init
    main.o(i.main) refers to init_dma.o(i.MX_DMA_Init) for MX_DMA_Init
    main.o(i.main) refers to init_tim.o(i.MX_TIM6_Init) for MX_TIM6_Init
    main.o(i.main) refers to init_tim.o(i.MX_TIM7_Init) for MX_TIM7_Init
    main.o(i.main) refers to stm32f4xx_hal_tim.o(i.HAL_TIM_Base_Start_IT) for HAL_TIM_Base_Start_IT
    main.o(i.main) refers to init_can.o(i.MX_CAN1_Init) for MX_CAN1_Init
    main.o(i.main) refers to driver_can.o(i.CanFilter_Init) for CanFilter_Init
    main.o(i.main) refers to stm32f4xx_hal_can.o(i.HAL_CAN_Receive_IT) for HAL_CAN_Receive_IT
    main.o(i.main) refers to init_tim.o(i.MX_TIM4_Init) for MX_TIM4_Init
    main.o(i.main) refers to init_tim.o(i.MX_TIM5_Init) for MX_TIM5_Init
    main.o(i.main) refers to init_tim.o(i.MX_TIM8_Init) for MX_TIM8_Init
    main.o(i.main) refers to stm32f4xx_hal_tim.o(i.HAL_TIM_PWM_Start) for HAL_TIM_PWM_Start
    main.o(i.main) refers to init_spi.o(i.MX_SPI5_Init) for MX_SPI5_Init
    main.o(i.main) refers to driver_imu.o(i.MPU6500_Init) for MPU6500_Init
    main.o(i.main) refers to init_tim.o(i.MX_TIM3_Init) for MX_TIM3_Init
    main.o(i.main) refers to init_usart.o(i.MX_USART1_UART_Init) for MX_USART1_UART_Init
    main.o(i.main) refers to init_usart.o(i.MX_USART2_UART_Init) for MX_USART2_UART_Init
    main.o(i.main) refers to init_usart.o(i.MX_USART3_UART_Init) for MX_USART3_UART_Init
    main.o(i.main) refers to init_usart.o(i.MX_USART6_UART_Init) for MX_USART6_UART_Init
    main.o(i.main) refers to stm32f4xx_hal_uart.o(i.HAL_UART_Receive_IT) for HAL_UART_Receive_IT
    main.o(i.main) refers to motor_chassis.o(i.PIDInit) for PIDInit
    main.o(i.main) refers to motor_pitch.o(i.PitchPIDInit) for PitchPIDInit
    main.o(i.main) refers to motor_pitch.o(i.YawPIDInit) for YawPIDInit
    main.o(i.main) refers to driver_dbus.o(i.DBUS_Init) for DBUS_Init
    main.o(i.main) refers to motor_shoot.o(i.PluckPIDInit) for PluckPIDInit
    main.o(i.main) refers to motor_shoot.o(i.RM2312_Init) for RM2312_Init
    main.o(i.main) refers to referee_sys.o(i.ref_sys_init) for ref_sys_init
    main.o(i.main) refers to stm32f4xx_hal_gpio.o(i.HAL_GPIO_WritePin) for HAL_GPIO_WritePin
    main.o(i.main) refers to control_vision.o(i.ScanDataInit) for ScanDataInit
    main.o(i.main) refers to driver_led.o(i.KeyScan) for KeyScan
    main.o(i.main) refers to motor_shoot.o(i.TIM_SetTIM12Compare) for TIM_SetTIM12Compare
    main.o(i.main) refers to control_vision.o(i.ScanDataVision) for ScanDataVision
    main.o(i.main) refers to init_tim.o(.bss) for htim6
    main.o(i.main) refers to init_can.o(.bss) for hcan1
    main.o(i.main) refers to driver_imu.o(.data) for MPU_id
    main.o(i.main) refers to task_tim.o(.data) for sTestResult
    main.o(i.main) refers to driver_usart.o(.bss) for uart1_rx_buff
    main.o(i.main) refers to init_usart.o(.bss) for huart1
    main.o(i.main) refers to driver_usart.o(.bss) for uart2_rx_buff
    main.o(i.main) refers to referee_sys.o(.bss) for huart2
    main.o(i.main) refers to driver_usart.o(.bss) for uart3_rx_buff
    main.o(i.main) refers to driver_dbus.o(.bss) for RC_Ctl
    main.o(i.main) refers to driver_usart.o(.data) for VisionFlag
    task_tim.o(i.test_task) refers to init_usart.o(i.MX_USART1_UART_Init) for MX_USART1_UART_Init
    task_tim.o(i.test_task) refers to stm32f4xx_hal_uart.o(i.HAL_UART_Receive_IT) for HAL_UART_Receive_IT
    task_tim.o(i.test_task) refers to motor_shoot.o(i.StartShoot) for StartShoot
    task_tim.o(i.test_task) refers to referee_sys.o(i.get_referee_data) for get_referee_data
    task_tim.o(i.test_task) refers to driver_dbus.o(i.DBUS_Init) for DBUS_Init
    task_tim.o(i.test_task) refers to driver_dbus.o(i.MotorTargetChange) for MotorTargetChange
    task_tim.o(i.test_task) refers to task_tim.o(.data) for .data
    task_tim.o(i.test_task) refers to driver_usart.o(.bss) for uart1_rx_buff
    task_tim.o(i.test_task) refers to init_usart.o(.bss) for huart1
    task_tim.o(i.test_task) refers to motor_shoot.o(.data) for ShootNumber
    task_tim.o(i.test_task) refers to driver_usart.o(.data) for TimesFlag
    task_tim.o(i.test_task) refers to motor_shoot.o(.bss) for PluckMotor
    task_tim.o(i.test_task) refers to motor_chassis.o(.bss) for ChassisPidRF
    task_tim.o(i.test_task) refers to motor_pitch.o(.bss) for CatStruct
    task_tim.o(i.test_task) refers to driver_can.o(.data) for RealSpeedLF
    task_tim.o(i.test_task) refers to control_vision.o(.bss) for HeadMove
    task_tim.o(i.test_task) refers to driver_dbus.o(.data) for null_flag
[...]
    .data                                    0x20000064   Section       32  driver_can.o(.data)
    .data                                    0x20000084   Section        1  driver_led.o(.data)
    key_up                                   0x20000084   Data           1  driver_led.o(.data)
    .data                                    0x20000085   Section       21  driver_imu.o(.data)
    MPU_Rx                                   0x20000086   Data           1  driver_imu.o(.data)
    MPU_Tx                                   0x20000087   Data           1  driver_imu.o(.data)
    MPU_Rx                                   0x20000088   Data           1  driver_imu.o(.data)
    MPU_Tx                                   0x20000089   Data           1  driver_imu.o(.data)
    MPU_Rx                                   0x2000008a   Data           1  driver_imu.o(.data)
    MPU_Tx                                   0x2000008b   Data           1  driver_imu.o(.data)
    MPU_Tx_buff                              0x2000008c   Data          14  driver_imu.o(.data)
    .data                                    0x2000009c   Section        4  init_can.o(.data)
    HAL_RCC_CAN1_CLK_ENABLED                 0x2000009c   Data           4  init_can.o(.data)
    .data                                    0x200000a0   Section        4  stm32f4xx_hal.o(.data)
    .data                                    0x200000a4   Section        1  usbd_ctlreq.o(.data)
    cfgidx                                   0x200000a4   Data           1  usbd_ctlreq.o(.data)
    .data                                    0x200000a8   Section        4  system_stm32f4xx.o(.data)
    .bss                                     0x200000ac   Section      208  motor_chassis.o(.bss)
    .bss                                     0x2000017c   Section      208  motor_pitch.o(.bss)
    .bss                                     0x2000024c   Section       60  motor_pitch.o(.bss)
    .bss                                     0x20000288   Section       72  motor_shoot.o(.bss)
    .bss                                     0x200002d0   Section       32  driver_dbus.o(.bss)
    .bss                                     0x200002f0   Section       12  control_vision.o(.bss)
    .bss                                     0x200002fc   Section      350  driver_usart.o(.bss)
    .bss                                     0x2000045a   Section       15  driver_usart.o(.bss)
    .bss                                     0x20000469   Section       50  driver_usart.o(.bss)
    .bss                                     0x2000049c   Section      600  referee_sys.o(.bss)
    .bss                                     0x200006f4   Section      128  driver_can.o(.bss)
    Tx1Message                               0x200006f4   Data          28  driver_can.o(.bss)
    Rx1Message                               0x20000710   Data          36  driver_can.o(.bss)
    Tx2Message                               0x20000734   Data          28  driver_can.o(.bss)
    Rx2Message                               0x20000750   Data          36  driver_can.o(.bss)
    .bss                                     0x20000774   Section       40  driver_imu.o(.bss)
    .bss                                     0x2000079c   Section      480  init_tim.o(.bss)
    .bss                                     0x2000097c   Section      128  init_can.o(.bss)
    .bss                                     0x200009fc   Section       88  init_spi.o(.bss)
    .bss                                     0x20000a54   Section      288  init_usart.o(.bss)
    .bss                                     0x20000b74   Section      952  usbd_conf.o(.bss)
    STACK                                    0x20000f30   Section     1024  startup_stm32f427xx.o(STACK)

    Global Symbols

    Symbol Name                              Value     Ov Type        Size  Object(Section)

    BuildAttributes$$THM_ISAv4$E$P$D$K$B$S$7EM$VFPi3$EXTD16$VFPS$VFMA$PE$A:L22UL41UL21$X:L11$S22US41US21$IEEE1$IW$USESV6$~STKCKD$USESV7$~SHL$OSPACE$ROPI$EBA8$MICROLIB$REQ8$PRES8$EABIv2 0x00000000   Number         0  anon$$obj.o ABSOLUTE
    __ARM_use_no_argv                        0x00000000   Number         0  main.o ABSOLUTE
    __use_no_errno                           0x00000000   Number         0  useno.o ABSOLUTE
    __use_no_exception_handling              0x00000000   Number         0  useno.o ABSOLUTE
    __use_no_fp                              0x00000000   Number         0  useno.o ABSOLUTE
    __use_no_heap                            0x00000000   Number         0  useno.o ABSOLUTE
    __use_no_heap_region                     0x00000000   Number         0  useno.o ABSOLUTE
    __use_no_semihosting                     0x00000000   Number         0  useno.o ABSOLUTE
    __use_no_semihosting_swi                 0x00000000   Number         0  useno.o ABSOLUTE
    __use_no_signal_handling                 0x00000000   Number         0  useno.o ABSOLUTE
    _printf_a                                0x00000000   Number         0  stubs.o ABSOLUTE
    _printf_c                                0x00000000   Number         0  stubs.o ABSOLUTE
    _printf_charcount                        0x00000000   Number         0  stubs.o ABSOLUTE
    _printf_d                                0x00000000   Number         0  stubs.o ABSOLUTE
    _printf_e                                0x00000000   Number         0  stubs.o ABSOLUTE
    _printf_f                                0x00000000   Number         0  stubs.o ABSOLUTE
    _printf_flags                            0x00000000   Number         0  stubs.o ABSOLUTE
    _printf_fp_dec                           0x00000000   Number         0  stubs.o ABSOLUTE
    _printf_fp_hex                           0x00000000   Number         0  stubs.o ABSOLUTE
    _printf_g                                0x00000000   Number         0  stubs.o ABSOLUTE
    _printf_i                                0x00000000   Number         0  stubs.o ABSOLUTE
    _printf_int_dec                          0x00000000   Number         0  stubs.o ABSOLUTE
    _printf_l                                0x00000000   Number         0  stubs.o ABSOLUTE
    _printf_lc                               0x00000000   Number         0  stubs.o ABSOLUTE
    _printf_ll                               0x00000000   Number         0  stubs.o ABSOLUTE
    _printf_lld                              0x00000000   Number         0  stubs.o ABSOLUTE
    _printf_lli                              0x00000000   Number         0  stubs.o ABSOLUTE
    _printf_llo                              0x00000000   Number         0  stubs.o ABSOLUTE
    _printf_llu                              0x00000000   Number         0  stubs.o ABSOLUTE
    _printf_llx                              0x00000000   Number         0  stubs.o ABSOLUTE
    _printf_longlong_dec                     0x00000000   Number         0  stubs.o ABSOLUTE
    _printf_longlong_hex                     0x00000000   Number         0  stubs.o ABSOLUTE
    _printf_longlong_oct                     0x00000000   Number         0  stubs.o ABSOLUTE
    _printf_ls                               0x00000000   Number         0  stubs.o ABSOLUTE
    _printf_mbtowc                           0x00000000   Number         0  stubs.o ABSOLUTE
    _printf_n                                0x00000000   Number         0  stubs.o ABSOLUTE
    _printf_o                                0x00000000   Number         0  stubs.o ABSOLUTE
    _printf_p                                0x00000000   Number         0  stubs.o ABSOLUTE
    _printf_percent                          0x00000000   Number         0  stubs.o ABSOLUTE
    _printf_pre_padding                      0x00000000   Number         0  stubs.o ABSOLUTE
    _printf_return_value                     0x00000000   Number         0  stubs.o ABSOLUTE
    _printf_s                                0x00000000   Number         0  stubs.o ABSOLUTE
    _printf_sizespec                         0x00000000   Number         0  stubs.o ABSOLUTE
    _printf_str                              0x00000000   Number         0  stubs.o ABSOLUTE
    _printf_truncate_signed                  0x00000000   Number         0  stubs.o ABSOLUTE
    _printf_truncate_unsigned                0x00000000   Number         0  stubs.o ABSOLUTE
    _printf_u                                0x00000000   Number         0  stubs.o ABSOLUTE
    _printf_wc                               0x00000000   Number         0  stubs.o ABSOLUTE
    _printf_wctomb                           0x00000000   Number         0  stubs.o ABSOLUTE
    _printf_widthprec                        0x00000000   Number         0  stubs.o ABSOLUTE
    _printf_x                                0x00000000   Number         0  stubs.o ABSOLUTE
    __cpp_initialize__aeabi_                  - Undefined Weak Reference
    __cxa_finalize                            - Undefined Weak Reference
    __decompress                              - Undefined Weak Reference
    _clock_init                               - Undefined Weak Reference
    _microlib_exit                            - Undefined Weak Reference
    __Vectors_Size                           0x000001ac   Number         0  startup_stm32f427xx.o ABSOLUTE
    __Vectors                                0x08000000   Data           4  startup_stm32f427xx.o(RESET)
    __Vectors_End                            0x080001ac   Data           0  startup_stm32f427xx.o(RESET)
    __main                                   0x080001ad   Thumb Code     0  entry.o(.ARM.Collect$$$$00000000)
    _main_stk                                0x080001ad   Thumb Code     0  entry2.o(.ARM.Collect$$$$00000001)
    _main_scatterload                        0x080001b1   Thumb Code     0  entry5.o(.ARM.Collect$$$$00000004)
    __main_after_scatterload                 0x080001b5   Thumb Code     0  entry5.o(.ARM.Collect$$$$00000004)
    _main_clock                              0x080001b5   Thumb Code     0  entry7b.o(.ARM.Collect$$$$00000008)
    _main_cpp_init                           0x080001b5   Thumb Code     0  entry8b.o(.ARM.Collect$$$$0000000A)
    _main_init                               0x080001b5   Thumb Code     0  entry9a.o(.ARM.Collect$$$$0000000B)
    __rt_final_cpp                           0x080001bd   Thumb Code     0  entry10a.o(.ARM.Collect$$$$0000000D)
    __rt_final_exit                          0x080001bd   Thumb Code     0  entry11a.o(.ARM.Collect$$$$0000000F)
    Reset_Handler                            0x080001c1   Thumb Code     8  startup_stm32f427xx.o(.text)
    ADC_IRQHandler                           0x080001db   Thumb Code     0  startup_stm32f427xx.o(.text)
    CAN1_RX1_IRQHandler                      0x080001db   Thumb Code     0  startup_stm32f427xx.o(.text)
    CAN1_SCE_IRQHandler                      0x080001db   Thumb Code     0  startup_stm32f427xx.o(.text)
    CAN2_RX1_IRQHandler                      0x080001db   Thumb Code     0  startup_stm32f427xx.o(.text)
    CAN2_SCE_IRQHandler                      0x080001db   Thumb Code     0  startup_stm32f427xx.o(.text)
    DCMI_IRQHandler                          0x080001db   Thumb Code     0  startup_stm32f427xx.o(.text)
    DMA1_Stream0_IRQHandler                  0x080001db   Thumb Code     0  startup_stm32f427xx.o(.text)
    DMA1_Stream1_IRQHandler                  0x080001db   Thumb Code     0  startup_stm32f427xx.o(.text)
    DMA1_Stream2_IRQHandler                  0x080001db   Thumb Code     0  startup_stm32f427xx.o(.text)
    DMA1_Stream3_IRQHandler                  0x080001db   Thumb Code     0  startup_stm32f427xx.o(.text)
    DMA1_Stream4_IRQHandler                  0x080001db   Thumb Code     0  startup_stm32f427xx.o(.text)
    DMA1_Stream5_IRQHandler                  0x080001db   Thumb Code     0  startup_stm32f427xx.o(.text)
    DMA1_Stream6_IRQHandler                  0x080001db   Thumb Code     0  startup_stm32f427xx.o(.text)
    DMA1_Stream7_IRQHandler                  0x080001db   Thumb Code     0  startup_stm32f427xx.o(.text)
    DMA2D_IRQHandler                         0x080001db   Thumb Code     0  startup_stm32f427xx.o(.text)
    DMA2_Stream0_IRQHandler                  0x080001db   Thumb Code     0  startup_stm32f427xx.o(.text)
    DMA2_Stream1_IRQHandler                  0x080001db   Thumb Code     0  startup_stm32f427xx.o(.text)
    DMA2_Stream3_IRQHandler                  0x080001db   Thumb Code     0  startup_stm32f427xx.o(.text)
    DMA2_Stream4_IRQHandler                  0x080001db   Thumb Code     0  startup_stm32f427xx.o(.text)
    DMA2_Stream5_IRQHandler                  0x080001db   Thumb Code     0  startup_stm32f427xx.o(.text)
    DMA2_Stream6_IRQHandler                  0x080001db   Thumb Code     0  startup_stm32f427xx.o(.text)
    DMA2_Stream7_IRQHandler                  0x080001db   Thumb Code     0  startup_stm32f427xx.o(.text)
    ETH_IRQHandler                           0x080001db   Thumb Code     0  startup_stm32f427xx.o(.text)
    ETH_WKUP_IRQHandler                      0x080001db   Thumb Code     0  startup_stm32f427xx.o(.text)
    EXTI0_IRQHandler                         0x080001db   Thumb Code     0  startup_stm32f427xx.o(.text)
    EXTI15_10_IRQHandler                     0x080001db   Thumb Code     0  startup_stm32f427xx.o(.text)
    EXTI2_IRQHandler                         0x080001db   Thumb Code     0  startup_stm32f427xx.o(.text)
    EXTI3_IRQHandler                         0x080001db   Thumb Code     0  startup_stm32f427xx.o(.text)
    EXTI4_IRQHandler                         0x080001db   Thumb Code     0  startup_stm32f427xx.o(.text)
    EXTI9_5_IRQHandler                       0x080001db   Thumb Code     0  startup_stm32f427xx.o(.text)
    FLASH_IRQHandler                         0x080001db   Thumb Code     0  startup_stm32f427xx.o(.text)
    FMC_IRQHandler                           0x080001db   Thumb Code     0  startup_stm32f427xx.o(.text)
    FPU_IRQHandler                           0x080001db   Thumb Code     0  startup_stm32f427xx.o(.text)
    HASH_RNG_IRQHandler                      0x080001db   Thumb Code     0  startup_stm32f427xx.o(.text)
    I2C1_ER_IRQHandler                       0x080001db   Thumb Code     0  startup_stm32f427xx.o(.text)
    I2C1_EV_IRQHandler                       0x080001db   Thumb Code     0  startup_stm32f427xx.o(.text)
    I2C2_ER_IRQHandler                       0x080001db   Thumb Code     0  startup_stm32f427xx.o(.text)
    I2C2_EV_IRQHandler                       0x080001db   Thumb Code     0  startup_stm32f427xx.o(.text)
    I2C3_ER_IRQHandler                       0x080001db   Thumb Code     0  startup_stm32f427xx.o(.text)
    I2C3_EV_IRQHandler                       0x080001db   Thumb Code     0  startup_stm32f427xx.o(.text)
    OTG_FS_WKUP_IRQHandler                   0x080001db   Thumb Code     0  startup_stm32f427xx.o(.text)
    OTG_HS_EP1_IN_IRQHandler                 0x080001db   Thumb Code     0  startup_stm32f427xx.o(.text)
    OTG_HS_EP1_OUT_IRQHandler                0x080001db   Thumb Code     0  startup_stm32f427xx.o(.text)
    OTG_HS_IRQHandler                        0x080001db   Thumb Code     0  startup_stm32f427xx.o(.text)
    OTG_HS_WKUP_IRQHandler                   0x080001db   Thumb Code     0  startup_stm32f427xx.o(.text)
    PVD_IRQHandler                           0x080001db   Thumb Code     0  startup_stm32f427xx.o(.text)
    RCC_IRQHandler                           0x080001db   Thumb Code     0  startup_stm32f427xx.o(.text)
    RTC_Alarm_IRQHandler                     0x080001db   Thumb Code     0  startup_stm32f427xx.o(.text)
    RTC_WKUP_IRQHandler                      0x080001db   Thumb Code     0  startup_stm32f427xx.o(.text)
    SAI1_IRQHandler                          0x080001db   Thumb Code     0  startup_stm32f427xx.o(.text)
    SDIO_IRQHandler                          0x080001db   Thumb Code     0  startup_stm32f427xx.o(.text)
    SPI1_IRQHandler                          0x080001db   Thumb Code     0  startup_stm32f427xx.o(.text)
    SPI2_IRQHandler                          0x080001db   Thumb Code     0  startup_stm32f427xx.o(.text)
    SPI3_IRQHandler                          0x080001db   Thumb Code     0  startup_stm32f427xx.o(.text)
    SPI4_IRQHandler                          0x080001db   Thumb Code     0  startup_stm32f427xx.o(.text)
    SPI5_IRQHandler                          0x080001db   Thumb Code     0  startup_stm32f427xx.o(.text)
    SPI6_IRQHandler                          0x080001db   Thumb Code     0  startup_stm32f427xx.o(.text)
    TAMP_STAMP_IRQHandler                    0x080001db   Thumb Code     0  startup_stm32f427xx.o(.text)
    TIM1_BRK_TIM9_IRQHandler                 0x080001db   Thumb Code     0  startup_stm32f427xx.o(.text)
    TIM1_CC_IRQHandler                       0x080001db   Thumb Code     0  startup_stm32f427xx.o(.text)
    TIM1_TRG_COM_TIM11_IRQHandler            0x080001db   Thumb Code     0  startup_stm32f427xx.o(.text)
    TIM1_UP_TIM10_IRQHandler                 0x080001db   Thumb Code     0  startup_stm32f427xx.o(.text)
    TIM2_IRQHandler                          0x080001db   Thumb Code     0  startup_stm32f427xx.o(.text)
    TIM3_IRQHandler                          0x080001db   Thumb Code     0  startup_stm32f427xx.o(.text)
    TIM4_IRQHandler                          0x080001db   Thumb Code     0  startup_stm32f427xx.o(.text)
    TIM5_IRQHandler                          0x080001db   Thumb Code     0  startup_stm32f427xx.o(.text)
    TIM8_BRK_TIM12_IRQHandler                0x080001db   Thumb Code     0  startup_stm32f427xx.o(.text)
    TIM8_CC_IRQHandler                       0x080001db   Thumb Code     0  startup_stm32f427xx.o(.text)
    TIM8_TRG_COM_TIM14_IRQHandler            0x080001db   Thumb Code     0  startup_stm32f427xx.o(.text)
    TIM8_UP_TIM13_IRQHandler                 0x080001db   Thumb Code     0  startup_stm32f427xx.o(.text)
    UART4_IRQHandler                         0x080001db   Thumb Code     0  startup_stm32f427xx.o(.text)
    UART5_IRQHandler                         0x080001db   Thumb Code     0  startup_stm32f427xx.o(.text)
    UART7_IRQHandler                         0x080001db   Thumb Code     0  startup_stm32f427xx.o(.text)
    UART8_IRQHandler                         0x080001db   Thumb Code     0  startup_stm32f427xx.o(.text)
    WWDG_IRQHandler                          0x080001db   Thumb Code     0  startup_stm32f427xx.o(.text)
    __aeabi_memcpy                           0x080001e5   Thumb Code    36  memcpya.o(.text)
    __aeabi_memcpy4                          0x080001e5   Thumb Code     0  memcpya.o(.text)
    __aeabi_memcpy8                          0x080001e5   Thumb Code     0  memcpya.o(.text)
    __aeabi_memset                           0x08000209   Thumb Code    14  memseta.o(.text)
    __aeabi_memset4                          0x08000209   Thumb Code     0  memseta.o(.text)
    __aeabi_memset8                          0x08000209   Thumb Code     0  memseta.o(.text)
    __aeabi_memclr                           0x08000217   Thumb Code     4  memseta.o(.text)
    __aeabi_memclr4                          0x08000217   Thumb Code     0  memseta.o(.text)
    __aeabi_memclr8                          0x08000217   Thumb Code     0  memseta.o(.text)
    _memset$wrapper                          0x0800021b   Thumb Code    18  memseta.o(.text)
    __aeabi_dmul                             0x0800022d   Thumb Code   228  dmul.o(.text)
    __aeabi_i2d                              0x08000311   Thumb Code    34  dflti.o(.text)
    __aeabi_d2iz                             0x08000333   Thumb Code    62  dfixi.o(.text)
    __aeabi_f2d                              0x08000371   Thumb Code    38  f2d.o(.text)
    __aeabi_cdcmpeq                          0x08000399   Thumb Code     0  cdcmple.o(.text)
    __aeabi_cdcmple                          0x08000399   Thumb Code    48  cdcmple.o(.text)
    __aeabi_cdrcmple                         0x080003c9   Thumb Code    48  cdrcmple.o(.text)
    __aeabi_llsl                             0x080003f9   Thumb Code    30  llshl.o(.text)
    _ll_shift_l                              0x080003f9   Thumb Code     0  llshl.o(.text)
    __aeabi_llsr                             0x08000417   Thumb Code    32  llushr.o(.text)
    _ll_ushift_r                             0x08000417   Thumb Code     0  llushr.o(.text)
    __I$use$fp                               0x08000437   Thumb Code     0  iusefp.o(.text)
    _double_round                            0x08000437   Thumb Code    30  depilogue.o(.text)
    _double_epilogue                         0x08000455   Thumb Code   156  depilogue.o(.text)
    __scatterload                            0x080004f1   Thumb Code    28  init.o(.text)
    __scatterload_rt2                        0x080004f1   Thumb Code     0  init.o(.text)
    BusFault_Handler                         0x08000515   Thumb Code     2  stm32f4xx_it.o(i.BusFault_Handler)
    CAN1_RX0_IRQHandler                      0x08000519   Thumb Code     6  stm32f4xx_it.o(i.CAN1_RX0_IRQHandler)
    CAN1_TX_IRQHandler                       0x08000525   Thumb Code     6  stm32f4xx_it.o(i.CAN1_TX_IRQHandler)
    CAN2_RX0_IRQHandler                      0x08000531   Thumb Code     6  stm32f4xx_it.o(i.CAN2_RX0_IRQHandler)
    CAN2_TX_IRQHandler                       0x0800053d   Thumb Code     6  stm32f4xx_it.o(i.CAN2_TX_IRQHandler)
    CAN_Send_Msg                             0x08000675   Thumb Code    46  driver_can.o(i.CAN_Send_Msg)
    CanFilter_Init                           0x08000705   Thumb Code    72  driver_can.o(i.CanFilter_Init)
    CircleStep                               0x08000759   Thumb Code   134  motor_shoot.o(i.CircleStep)
    Control_ChassisPID                       0x080007ed   Thumb Code   136  motor_chassis.o(i.Control_ChassisPID)
    Control_PitchPID                         0x08000899   Thumb Code   164  motor_pitch.o(i.Control_PitchPID)
    CycleNumber                              0x08000969   Thumb Code   136  motor_shoot.o(i.CycleNumber)
    DBUS_Deal                                0x080009f9   Thumb Code   136  driver_dbus.o(i.DBUS_Deal)
    DBUS_Init                                0x08000a9d   Thumb Code    34  driver_dbus.o(i.DBUS_Init)
    DMA2_Stream2_IRQHandler                  0x08000ac5   Thumb Code     6  stm32f4xx_it.o(i.DMA2_Stream2_IRQHandler)
    DebugMon_Handler                         0x08000b75   Thumb Code     2  stm32f4xx_it.o(i.DebugMon_Handler)
    EXTI1_IRQHandler                         0x08000b77   Thumb Code     6  stm32f4xx_it.o(i.EXTI1_IRQHandler)
    Error_Handler                            0x08000b7d   Thumb Code     2  system_clock.o(i.Error_Handler)
    HAL_CAN_ConfigFilter                     0x08000b81   Thumb Code   218  stm32f4xx_hal_can.o(i.HAL_CAN_ConfigFilter)
    HAL_CAN_ErrorCallback                    0x08000c65   Thumb Code     2  stm32f4xx_hal_can.o(i.HAL_CAN_ErrorCallback)
    HAL_CAN_IRQHandler                       0x08000c69   Thumb Code   370  stm32f4xx_hal_can.o(i.HAL_CAN_IRQHandler)
    HAL_CAN_Init                             0x08000de9   Thumb Code   328  stm32f4xx_hal_can.o(i.HAL_CAN_Init)
    HAL_CAN_MspInit                          0x08000f31   Thumb Code   200  init_can.o(i.HAL_CAN_MspInit)
    HAL_CAN_Receive_IT                       0x08001011   Thumb Code   134  stm32f4xx_hal_can.o(i.HAL_CAN_Receive_IT)
    HAL_CAN_RxCpltCallback                   0x08001099   Thumb Code   198  driver_can.o(i.HAL_CAN_RxCpltCallback)
    HAL_CAN_Transmit_IT                      0x08001171   Thumb Code   326  stm32f4xx_hal_can.o(i.HAL_CAN_Transmit_IT)
    HAL_CAN_TxCpltCallback                   0x080012b7   Thumb Code     2  stm32f4xx_hal_can.o(i.HAL_CAN_TxCpltCallback)
    HAL_DMA_Abort                            0x080012b9   Thumb Code   142  stm32f4xx_hal_dma.o(i.HAL_DMA_Abort)
    HAL_DMA_Abort_IT                         0x08001347   Thumb Code    36  stm32f4xx_hal_dma.o(i.HAL_DMA_Abort_IT)
    HAL_DMA_IRQHandler                       0x0800136d   Thumb Code   414  stm32f4xx_hal_dma.o(i.HAL_DMA_IRQHandler)
    HAL_DMA_Init                             0x08001515   Thumb Code   202  stm32f4xx_hal_dma.o(i.HAL_DMA_Init)
    HAL_DMA_Start_IT                         0x080015e5   Thumb Code   120  stm32f4xx_hal_dma.o(i.HAL_DMA_Start_IT)
    HAL_Delay                                0x0800165d   Thumb Code    22  stm32f4xx_hal.o(i.HAL_Delay)
    HAL_GPIO_EXTI_Callback                   0x08001673   Thumb Code     2  stm32f4xx_hal_gpio.o(i.HAL_GPIO_EXTI_Callback)
    HAL_GPIO_EXTI_IRQHandler                 0x08001675   Thumb Code    18  stm32f4xx_hal_gpio.o(i.HAL_GPIO_EXTI_IRQHandler)
    HAL_GPIO_Init                            0x0800168d   Thumb Code   408  stm32f4xx_hal_gpio.o(i.HAL_GPIO_Init)
    HAL_GPIO_ReadPin                         0x08001859   Thumb Code    10  stm32f4xx_hal_gpio.o(i.HAL_GPIO_ReadPin)
    HAL_GPIO_WritePin                        0x08001863   Thumb Code    10  stm32f4xx_hal_gpio.o(i.HAL_GPIO_WritePin)
    HAL_GetTick                              0x0800186d   Thumb Code     6  stm32f4xx_hal.o(i.HAL_GetTick)
    HAL_IncTick                              0x08001879   Thumb Code    10  stm32f4xx_hal.o(i.HAL_IncTick)
    HAL_Init                                 0x08001889   Thumb Code    48  stm32f4xx_hal.o(i.HAL_Init)
    HAL_InitTick                             0x080018bd   Thumb Code    34  stm32f4xx_hal.o(i.HAL_InitTick)
    HAL_MspInit                              0x080018e5   Thumb Code    88  stm32f4xx_hal_msp.o(i.HAL_MspInit)
    HAL_MultiProcessor_Init                  0x0800193d   Thumb Code   142  stm32f4xx_hal_uart.o(i.HAL_MultiProcessor_Init)
    HAL_NVIC_EnableIRQ                       0x080019cb   Thumb Code    22  stm32f4xx_hal_cortex.o(i.HAL_NVIC_EnableIRQ)
    HAL_NVIC_SetPriority                     0x080019e1   Thumb Code    60  stm32f4xx_hal_cortex.o(i.HAL_NVIC_SetPriority)
    HAL_NVIC_SetPriorityGrouping             0x08001a21   Thumb Code    26  stm32f4xx_hal_cortex.o(i.HAL_NVIC_SetPriorityGrouping)
    HAL_PCD_ConnectCallback                  0x08001a45   Thumb Code     8  usbd_conf.o(i.HAL_PCD_ConnectCallback)
    HAL_PCD_DataInStageCallback              0x08001a4d   Thumb Code    18  usbd_conf.o(i.HAL_PCD_DataInStageCallback)
    HAL_PCD_DataOutStageCallback             0x08001a5f   Thumb Code    20  usbd_conf.o(i.HAL_PCD_DataOutStageCallback)
    HAL_PCD_DisconnectCallback               0x08001a73   Thumb Code     8  usbd_conf.o(i.HAL_PCD_DisconnectCallback)
    HAL_PCD_EP_ClrStall                      0x08001a7b   Thumb Code    80  stm32f4xx_hal_pcd.o(i.HAL_PCD_EP_ClrStall)
    HAL_PCD_EP_Open                          0x08001acb   Thumb Code    84  stm32f4xx_hal_pcd.o(i.HAL_PCD_EP_Open)
    HAL_PCD_EP_Receive                       0x08001b21   Thumb Code    94  stm32f4xx_hal_pcd.o(i.HAL_PCD_EP_Receive)
    HAL_PCD_EP_SetStall                      0x08001b7f   Thumb Code    96  stm32f4xx_hal_pcd.o(i.HAL_PCD_EP_SetStall)
    HAL_PCD_EP_Transmit                      0x08001bdf   Thumb Code    86  stm32f4xx_hal_pcd.o(i.HAL_PCD_EP_Transmit)
    HAL_PCD_IRQHandler                       0x08001c35   Thumb Code  1196  stm32f4xx_hal_pcd.o(i.HAL_PCD_IRQHandler)
    HAL_PCD_ISOINIncompleteCallback          0x08002129   Thumb Code     8  usbd_conf.o(i.HAL_PCD_ISOINIncompleteCallback)
    HAL_PCD_ISOOUTIncompleteCallback         0x08002131   Thumb Code     8  usbd_conf.o(i.HAL_PCD_ISOOUTIncompleteCallback)
    HAL_PCD_ResetCallback                    0x08002139   Thumb Code    32  usbd_conf.o(i.HAL_PCD_ResetCallback)
    HAL_PCD_ResumeCallback                   0x08002159   Thumb Code     8  usbd_conf.o(i.HAL_PCD_ResumeCallback)
    HAL_PCD_SOFCallback                      0x08002161   Thumb Code     8  usbd_conf.o(i.HAL_PCD_SOFCallback)
    HAL_PCD_SetAddress                       0x08002169   Thumb Code    36  stm32f4xx_hal_pcd.o(i.HAL_PCD_SetAddress)
    HAL_PCD_SetupStageCallback               0x0800218d   Thumb Code    14  usbd_conf.o(i.HAL_PCD_SetupStageCallback)
    HAL_PCD_SuspendCallback                  0x0800219d   Thumb Code    44  usbd_conf.o(i.HAL_PCD_SuspendCallback)
    HAL_RCC_ClockConfig                      0x080021cd   Thumb Code   364  stm32f4xx_hal_rcc.o(i.HAL_RCC_ClockConfig)
    HAL_RCC_GetHCLKFreq                      0x08002349   Thumb Code     6  stm32f4xx_hal_rcc.o(i.HAL_RCC_GetHCLKFreq)
    HAL_RCC_GetPCLK1Freq                     0x08002355   Thumb Code    34  stm32f4xx_hal_rcc.o(i.HAL_RCC_GetPCLK1Freq)
    HAL_RCC_GetPCLK2Freq                     0x08002385   Thumb Code    34  stm32f4xx_hal_rcc.o(i.HAL_RCC_GetPCLK2Freq)
    HAL_RCC_GetSysClockFreq                  0x080023b5   Thumb Code   104  stm32f4xx_hal_rcc.o(i.HAL_RCC_GetSysClockFreq)
    HAL_RCC_OscConfig                        0x08002429   Thumb Code   722  stm32f4xx_hal_rcc.o(i.HAL_RCC_OscConfig)
    HAL_SPI_Init                             0x0800270d   Thumb Code   128  stm32f4xx_hal_spi.o(i.HAL_SPI_Init)
    HAL_SPI_MspInit                          0x0800278d   Thumb Code    64  init_spi.o(i.HAL_SPI_MspInit)
    HAL_SPI_TransmitReceive                  0x080027d9   Thumb Code   472  stm32f4xx_hal_spi.o(i.HAL_SPI_TransmitReceive)
    HAL_SYSTICK_CLKSourceConfig              0x080029b1   Thumb Code    24  stm32f4xx_hal_cortex.o(i.HAL_SYSTICK_CLKSourceConfig)
    HAL_SYSTICK_Callback                     0x080029c9   Thumb Code     2  stm32f4xx_hal_cortex.o(i.HAL_SYSTICK_Callback)
    HAL_SYSTICK_Config                       0x080029cb   Thumb Code    40  stm32f4xx_hal_cortex.o(i.HAL_SYSTICK_Config)
    HAL_SYSTICK_IRQHandler                   0x080029f3   Thumb Code     8  stm32f4xx_hal_cortex.o(i.HAL_SYSTICK_IRQHandler)
    HAL_TIMEx_BreakCallback                  0x080029fb   Thumb Code     2  stm32f4xx_hal_tim_ex.o(i.HAL_TIMEx_BreakCallback)
    HAL_TIMEx_CommutationCallback            0x080029fd   Thumb Code     2  stm32f4xx_hal_tim_ex.o(i.HAL_TIMEx_CommutationCallback)
    HAL_TIMEx_ConfigBreakDeadTime            0x080029ff   Thumb Code    66  stm32f4xx_hal_tim_ex.o(i.HAL_TIMEx_ConfigBreakDeadTime)
    HAL_TIMEx_MasterConfigSynchronization    0x08002a41   Thumb Code    80  stm32f4xx_hal_tim_ex.o(i.HAL_TIMEx_MasterConfigSynchronization)
    HAL_TIM_Base_Init                        0x08002a91   Thumb Code    54  stm32f4xx_hal_tim.o(i.HAL_TIM_Base_Init)
    HAL_TIM_Base_MspInit                     0x08002ac9   Thumb Code   208  init_tim.o(i.HAL_TIM_Base_MspInit)
    HAL_TIM_Base_Start_IT                    0x08002bb9   Thumb Code    24  stm32f4xx_hal_tim.o(i.HAL_TIM_Base_Start_IT)
    HAL_TIM_ConfigClockSource                0x08002bd1   Thumb Code   242  stm32f4xx_hal_tim.o(i.HAL_TIM_ConfigClockSource)
    HAL_TIM_IC_CaptureCallback               0x08002cc3   Thumb Code     2  stm32f4xx_hal_tim.o(i.HAL_TIM_IC_CaptureCallback)
    HAL_TIM_IRQHandler                       0x08002cc5   Thumb Code   358  stm32f4xx_hal_tim.o(i.HAL_TIM_IRQHandler)
    HAL_TIM_MspPostInit                      0x08002e2d   Thumb Code   188  init_tim.o(i.HAL_TIM_MspPostInit)
    HAL_TIM_OC_DelayElapsedCallback          0x08002f11   Thumb Code     2  stm32f4xx_hal_tim.o(i.HAL_TIM_OC_DelayElapsedCallback)
    HAL_TIM_PWM_ConfigChannel                0x08002f13   Thumb Code   208  stm32f4xx_hal_tim.o(i.HAL_TIM_PWM_ConfigChannel)
    HAL_TIM_PWM_Init                         0x08002fe3   Thumb Code    54  stm32f4xx_hal_tim.o(i.HAL_TIM_PWM_Init)
    HAL_TIM_PWM_MspInit                      0x08003019   Thumb Code     2  stm32f4xx_hal_tim.o(i.HAL_TIM_PWM_MspInit)
    HAL_TIM_PWM_PulseFinishedCallback        0x0800301b   Thumb Code     2  stm32f4xx_hal_tim.o(i.HAL_TIM_PWM_PulseFinishedCallback)
    HAL_TIM_PWM_Start                        0x0800301d   Thumb Code    48  stm32f4xx_hal_tim.o(i.HAL_TIM_PWM_Start)
    HAL_TIM_PeriodElapsedCallback            0x08003055   Thumb Code     2  stm32f4xx_hal_tim.o(i.HAL_TIM_PeriodElapsedCallback)
    HAL_TIM_TriggerCallback                  0x08003057   Thumb Code     2  stm32f4xx_hal_tim.o(i.HAL_TIM_TriggerCallback)
    HAL_UART_DMAStop                         0x08003059   Thumb Code    88  stm32f4xx_hal_uart.o(i.HAL_UART_DMAStop)
    HAL_UART_ErrorCallback                   0x080030b1   Thumb Code     2  stm32f4xx_hal_uart.o(i.HAL_UART_ErrorCallback)
    HAL_UART_IRQHandler                      0x080030b5   Thumb Code   266  stm32f4xx_hal_uart.o(i.HAL_UART_IRQHandler)
    HAL_UART_Init                            0x080031c5   Thumb Code    98  stm32f4xx_hal_uart.o(i.HAL_UART_Init)
    HAL_UART_MspInit                         0x08003229   Thumb Code   298  init_usart.o(i.HAL_UART_MspInit)
    HAL_UART_Receive_DMA                     0x08003381   Thumb Code   132  stm32f4xx_hal_uart.o(i.HAL_UART_Receive_DMA)
    HAL_UART_Receive_IT                      0x08003411   Thumb Code    72  stm32f4xx_hal_uart.o(i.HAL_UART_Receive_IT)
    HAL_UART_RxCpltCallback                  0x08003459   Thumb Code   138  driver_usart.o(i.HAL_UART_RxCpltCallback)
    HAL_UART_RxHalfCpltCallback              0x080034f9   Thumb Code     2  stm32f4xx_hal_uart.o(i.HAL_UART_RxHalfCpltCallback)
    HAL_UART_TxCpltCallback                  0x080034fb   Thumb Code     2  stm32f4xx_hal_uart.o(i.HAL_UART_TxCpltCallback)
    HardFault_Handler                        0x080034fd   Thumb Code     2  stm32f4xx_it.o(i.HardFault_Handler)
    IMU_Get_Data                             0x08003501   Thumb Code   106  driver_imu.o(i.IMU_Get_Data)
    KeyScan                                  0x08003571   Thumb Code    68  driver_led.o(i.KeyScan)
    MPU6500_Init                             0x080035bd   Thumb Code    70  driver_imu.o(i.MPU6500_Init)
    MPU6500_Read_Reg                         0x0800360d   Thumb Code    68  driver_imu.o(i.MPU6500_Read_Reg)
    MPU6500_Read_Regs                        0x0800365d   Thumb Code    78  driver_imu.o(i.MPU6500_Read_Regs)
    MPU6500_Write_Reg                        0x080036b9   Thumb Code    72  driver_imu.o(i.MPU6500_Write_Reg)
    MX_CAN1_Init                             0x0800370d   Thumb Code    62  init_can.o(i.MX_CAN1_Init)
    MX_DMA_Init                              0x08003755   Thumb Code    40  init_dma.o(i.MX_DMA_Init)
    MX_GPIO_Init                             0x08003781   Thumb Code   316  init_gpio.o(i.MX_GPIO_Init)
    MX_SPI5_Init                             0x080038d5   Thumb Code    62  init_spi.o(i.MX_SPI5_Init)
    MX_TIM3_Init                             0x0800391d   Thumb Code   118  init_tim.o(i.MX_TIM3_Init)
    MX_TIM4_Init                             0x0800399d   Thumb Code   164  init_tim.o(i.MX_TIM4_Init)
    MX_TIM5_Init                             0x08003a49   Thumb Code   174  init_tim.o(i.MX_TIM5_Init)
    MX_TIM6_Init                             0x08003b01   Thumb Code    54  init_tim.o(i.MX_TIM6_Init)
    MX_TIM7_Init                             0x08003b41   Thumb Code    54  init_tim.o(i.MX_TIM7_Init)
    MX_TIM8_Init                             0x08003b81   Thumb Code   206  init_tim.o(i.MX_TIM8_Init)
    MX_USART1_UART_Init                      0x08003c59   Thumb Code    52  init_usart.o(i.MX_USART1_UART_Init)
    MX_USART2_UART_Init                      0x08003c99   Thumb Code    50  init_usart.o(i.MX_USART2_UART_Init)
    MX_USART3_UART_Init                      0x08003cd5   Thumb Code    50  init_usart.o(i.MX_USART3_UART_Init)
    MX_USART6_UART_Init                      0x08003d11   Thumb Code    32  init_usart.o(i.MX_USART6_UART_Init)
    MemManage_Handler                        0x08003d39   Thumb Code     2  stm32f4xx_it.o(i.MemManage_Handler)
    MotorTargetChange                        0x08003d3d   Thumb Code   588  driver_dbus.o(i.MotorTargetChange)
    NMI_Handler                              0x08003fc9   Thumb Code     2  stm32f4xx_it.o(i.NMI_Handler)
    OTG_FS_IRQHandler                        0x08003fed   Thumb Code     6  stm32f4xx_it.o(i.OTG_FS_IRQHandler)
    PIDCalc                                  0x08004081   Thumb Code   268  algorithm_pid.o(i.PIDCalc)
    PIDInit                                  0x0800419d   Thumb Code   120  motor_chassis.o(i.PIDInit)
    PendSV_Handler                           0x08004225   Thumb Code     2  stm32f4xx_it.o(i.PendSV_Handler)
    PitchPIDInit                             0x08004229   Thumb Code    90  motor_pitch.o(i.PitchPIDInit)
    PluckMotorInit                           0x08004299   Thumb Code    36  motor_shoot.o(i.PluckMotorInit)
    PluckPIDInit                             0x080042c5   Thumb Code    58  motor_shoot.o(i.PluckPIDInit)
    RM2312_Init                              0x08004311   Thumb Code    24  motor_shoot.o(i.RM2312_Init)
    SVC_Handler                              0x080043df   Thumb Code     2  stm32f4xx_it.o(i.SVC_Handler)
    ScanDataInit                             0x080043e1   Thumb Code    28  control_vision.o(i.ScanDataInit)
    ScanDataVision                           0x08004401   Thumb Code   112  control_vision.o(i.ScanDataVision)
    ShootControl                             0x08004475   Thumb Code    46  motor_shoot.o(i.ShootControl)
    StartShoot                               0x080044b1   Thumb Code    24  motor_shoot.o(i.StartShoot)
    SysTick_Handler                          0x080044d1   Thumb Code    14  stm32f4xx_it.o(i.SysTick_Handler)
    SystemClock_Config                       0x080044e1   Thumb Code   144  system_clock.o(i.SystemClock_Config)
    SystemInit                               0x08004579   Thumb Code    66  system_stm32f4xx.o(i.SystemInit)
    TIM6_DAC_IRQHandler                      0x080045cd   Thumb Code    16  stm32f4xx_it.o(i.TIM6_DAC_IRQHandler)
    TIM7_IRQHandler                          0x080045e1   Thumb Code    62  stm32f4xx_it.o(i.TIM7_IRQHandler)
    TIM_Base_SetConfig                       0x0800462d   Thumb Code   148  stm32f4xx_hal_tim.o(i.TIM_Base_SetConfig)
    TIM_CCxChannelCmd                        0x080046ed   Thumb Code    22  stm32f4xx_hal_tim.o(i.TIM_CCxChannelCmd)
    TIM_OC2_SetConfig                        0x08004781   Thumb Code    90  stm32f4xx_hal_tim.o(i.TIM_OC2_SetConfig)
    TIM_SetTIM12Compare                      0x08004895   Thumb Code    10  motor_shoot.o(i.TIM_SetTIM12Compare)
    USART1_IRQHandler                        0x08004d55   Thumb Code     6  stm32f4xx_it.o(i.USART1_IRQHandler)
    USART2_IRQHandler                        0x08004d61   Thumb Code    18  stm32f4xx_it.o(i.USART2_IRQHandler)
    USART3_IRQHandler                        0x08004d79   Thumb Code     6  stm32f4xx_it.o(i.USART3_IRQHandler)
    USART6_IRQHandler                        0x08004d85   Thumb Code    20  stm32f4xx_it.o(i.USART6_IRQHandler)
    USBD_ClrClassConfig                      0x08004d9d   Thumb Code    14  usbd_core.o(i.USBD_ClrClassConfig)
    USBD_CtlContinueRx                       0x08004dab   Thumb Code    16  usbd_ioreq.o(i.USBD_CtlContinueRx)
    USBD_CtlContinueSendData                 0x08004dbb   Thumb Code    16  usbd_ioreq.o(i.USBD_CtlContinueSendData)
    USBD_CtlError                            0x08004dcb   Thumb Code    22  usbd_ctlreq.o(i.USBD_CtlError)
    USBD_CtlReceiveStatus                    0x08004de1   Thumb Code    22  usbd_ioreq.o(i.USBD_CtlReceiveStatus)
    USBD_CtlSendData                         0x08004df7   Thumb Code    26  usbd_ioreq.o(i.USBD_CtlSendData)
    USBD_CtlSendStatus                       0x08004e11   Thumb Code    22  usbd_ioreq.o(i.USBD_CtlSendStatus)
    USBD_LL_ClearStallEP                     0x08004f07   Thumb Code    14  usbd_conf.o(i.USBD_LL_ClearStallEP)
    USBD_LL_DataInStage                      0x08004f15   Thumb Code   170  usbd_core.o(i.USBD_LL_DataInStage)
    USBD_LL_DataOutStage                     0x08004fbf   Thumb Code   106  usbd_core.o(i.USBD_LL_DataOutStage)
    USBD_LL_DevConnected                     0x08005029   Thumb Code     4  usbd_core.o(i.USBD_LL_DevConnected)
    USBD_LL_DevDisconnected                  0x0800502d   Thumb Code    22  usbd_core.o(i.USBD_LL_DevDisconnected)
    USBD_LL_IsStallEP                        0x08005043   Thumb Code    32  usbd_conf.o(i.USBD_LL_IsStallEP)
    USBD_LL_IsoINIncomplete                  0x08005063   Thumb Code     4  usbd_core.o(i.USBD_LL_IsoINIncomplete)
    USBD_LL_IsoOUTIncomplete                 0x08005067   Thumb Code     4  usbd_core.o(i.USBD_LL_IsoOUTIncomplete)
    USBD_LL_OpenEP                           0x0800506b   Thumb Code    20  usbd_conf.o(i.USBD_LL_OpenEP)
    USBD_LL_PrepareReceive                   0x0800507f   Thumb Code    14  usbd_conf.o(i.USBD_LL_PrepareReceive)
    USBD_LL_Reset                            0x0800508d   Thumb Code    62  usbd_core.o(i.USBD_LL_Reset)
    USBD_LL_Resume                           0x080050cb   Thumb Code    12  usbd_core.o(i.USBD_LL_Resume)
    USBD_LL_SOF                              0x080050d7   Thumb Code    24  usbd_core.o(i.USBD_LL_SOF)
    USBD_LL_SetSpeed                         0x080050ef   Thumb Code     6  usbd_core.o(i.USBD_LL_SetSpeed)
    USBD_LL_SetUSBAddress                    0x080050f5   Thumb Code    14  usbd_conf.o(i.USBD_LL_SetUSBAddress)
    USBD_LL_SetupStage                       0x08005103   Thumb Code    90  usbd_core.o(i.USBD_LL_SetupStage)
    USBD_LL_StallEP                          0x0800515d   Thumb Code    14  usbd_conf.o(i.USBD_LL_StallEP)
    USBD_LL_Suspend                          0x0800516b   Thumb Code    18  usbd_core.o(i.USBD_LL_Suspend)
    USBD_LL_Transmit                         0x0800517d   Thumb Code    14  usbd_conf.o(i.USBD_LL_Transmit)
    USBD_ParseSetupRequest                   0x0800518b   Thumb Code    40  usbd_ctlreq.o(i.USBD_ParseSetupRequest)
    USBD_SetClassConfig                      0x080051b3   Thumb Code    22  usbd_core.o(i.USBD_SetClassConfig)
    USBD_StdDevReq                           0x0800523d   Thumb Code   242  usbd_ctlreq.o(i.USBD_StdDevReq)
    USBD_StdEPReq                            0x0800532f   Thumb Code   220  usbd_ctlreq.o(i.USBD_StdEPReq)
    USBD_StdItfReq                           0x0800540b   Thumb Code    52  usbd_ctlreq.o(i.USBD_StdItfReq)
    USB_ActivateEndpoint                     0x08005441   Thumb Code   122  stm32f4xx_ll_usb.o(i.USB_ActivateEndpoint)
    USB_ActivateSetup                        0x080054c1   Thumb Code    52  stm32f4xx_ll_usb.o(i.USB_ActivateSetup)
    USB_EP0StartXfer                         0x080054f5   Thumb Code   316  stm32f4xx_ll_usb.o(i.USB_EP0StartXfer)
    USB_EP0_OutStart                         0x08005635   Thumb Code    62  stm32f4xx_ll_usb.o(i.USB_EP0_OutStart)
    USB_EPClearStall                         0x08005673   Thumb Code   100  stm32f4xx_ll_usb.o(i.USB_EPClearStall)
    USB_EPSetStall                           0x080056d7   Thumb Code    94  stm32f4xx_ll_usb.o(i.USB_EPSetStall)
    USB_EPStartXfer                          0x08005735   Thumb Code   534  stm32f4xx_ll_usb.o(i.USB_EPStartXfer)
    USB_FlushTxFifo                          0x08005951   Thumb Code    32  stm32f4xx_ll_usb.o(i.USB_FlushTxFifo)
    USB_GetDevSpeed                          0x08005975   Thumb Code    60  stm32f4xx_ll_usb.o(i.USB_GetDevSpeed)
    USB_GetMode                              0x080059b1   Thumb Code     8  stm32f4xx_ll_usb.o(i.USB_GetMode)
    USB_ReadDevAllInEpInterrupt              0x080059b9   Thumb Code    14  stm32f4xx_ll_usb.o(i.USB_ReadDevAllInEpInterrupt)
    USB_ReadDevAllOutEpInterrupt             0x080059c7   Thumb Code    14  stm32f4xx_ll_usb.o(i.USB_ReadDevAllOutEpInterrupt)
    USB_ReadDevInEPInterrupt                 0x080059d5   Thumb Code    30  stm32f4xx_ll_usb.o(i.USB_ReadDevInEPInterrupt)
    USB_ReadDevOutEPInterrupt                0x080059f3   Thumb Code    16  stm32f4xx_ll_usb.o(i.USB_ReadDevOutEPInterrupt)
    USB_ReadInterrupts                       0x08005a03   Thumb Code     8  stm32f4xx_ll_usb.o(i.USB_ReadInterrupts)
    USB_ReadPacket                           0x08005a0b   Thumb Code    32  stm32f4xx_ll_usb.o(i.USB_ReadPacket)
    USB_SetDevAddress                        0x08005a2b   Thumb Code    34  stm32f4xx_ll_usb.o(i.USB_SetDevAddress)
    USB_WritePacket                          0x08005a4d   Thumb Code    40  stm32f4xx_ll_usb.o(i.USB_WritePacket)
    UsageFault_Handler                       0x08005a75   Thumb Code     2  stm32f4xx_it.o(i.UsageFault_Handler)
    Yaokong_translate                        0x08005a79   Thumb Code    98  driver_dbus.o(i.Yaokong_translate)
    YawPIDInit                               0x08005ae5   Thumb Code    82  motor_pitch.o(i.YawPIDInit)
    __scatterload_copy                       0x08005b4d   Thumb Code    14  handlers.o(i.__scatterload_copy)
    __scatterload_null                       0x08005b5b   Thumb Code     2  handlers.o(i.__scatterload_null)
    __scatterload_zeroinit                   0x08005b5d   Thumb Code    14  handlers.o(i.__scatterload_zeroinit)
    delay_ms                                 0x08005bc5   Thumb Code    28  driver_dbus.o(i.delay_ms)
    get_crc16                                0x08005be1   Thumb Code    36  referee_sys.o(i.get_crc16)
    get_crc8                                 0x08005c09   Thumb Code    28  referee_sys.o(i.get_crc8)
    get_referee_data                         0x08005c29   Thumb Code    14  referee_sys.o(i.get_referee_data)
    hal_uart2_MspInit                        0x08005c3d   Thumb Code   140  referee_sys.o(i.hal_uart2_MspInit)
    main                                     0x08005cf5   Thumb Code   278  main.o(i.main)
    ref_sys_init                             0x08005e9d   Thumb Code    46  referee_sys.o(i.ref_sys_init)
    test_task                                0x08005ed5   Thumb Code   468  task_tim.o(i.test_task)
    uart2_init                               0x080060f5   Thumb Code    50  referee_sys.o(i.uart2_init)
    uart_receive_idle                        0x08006131   Thumb Code   590  referee_sys.o(i.uart_receive_idle)
    verify_check                             0x08006391   Thumb Code    76  referee_sys.o(i.verify_check)
    CRC8_TAB                                 0x080063dc   Data         256  referee_sys.o(.constdata)
    CRC16_TAB                                0x080064dc   Data         512  referee_sys.o(.constdata)
    APBAHBPrescTable                         0x080066f0   Data          16  stm32f4xx_hal_rcc.o(.constdata)
    Region$$Table$$Base                      0x08006708   Number         0  anon$$obj.o(Region$$Table)
    Region$$Table$$Limit                     0x08006728   Number         0  anon$$obj.o(Region$$Table)
    contro_flag                              0x20000000   Data           1  task_tim.o(.data)
    start_flag                               0x20000001   Data           1  task_tim.o(.data)
    Head_flag                                0x20000002   Data           1  task_tim.o(.data)
    un_control                               0x20000003   Data           1  task_tim.o(.data)
    DBUSCheak                                0x20000004   Data           1  task_tim.o(.data)
    DeadShoot                                0x20000006   Data           2  task_tim.o(.data)
    Timetick1ms                              0x20000008   Data           4  task_tim.o(.data)
    sTestResult                              0x2000000c   Data           6  task_tim.o(.data)
    onFlag                                   0x20000014   Data           4  stm32f4xx_it.o(.data)
    Tim7Num                                  0x20000018   Data           4  stm32f4xx_it.o(.data)
    SPEEDTARGET                              0x2000001c   Data           2  motor_chassis.o(.data)
    ElectricOutLF                            0x2000001e   Data           2  motor_chassis.o(.data)
    ElectricOutRF                            0x20000020   Data           2  motor_chassis.o(.data)
    ElectricOutRB                            0x20000022   Data           2  motor_chassis.o(.data)
    ElectricOutLB                            0x20000024   Data           2  motor_chassis.o(.data)
    ElectricYaw205                           0x20000026   Data           2  motor_pitch.o(.data)
    ElectricPitch206                         0x20000028   Data           2  motor_pitch.o(.data)
    ElectricShoot                            0x2000002a   Data           2  motor_shoot.o(.data)
    ShootNumber                              0x2000002c   Data           4  motor_shoot.o(.data)
    null_flag                                0x20000030   Data           1  driver_dbus.o(.data)
    buff_zero                                0x20000040   Data           8  driver_dbus.o(.data)
    VisionFlag                               0x20000048   Data           1  driver_usart.o(.data)
    TimesFlag                                0x20000049   Data           1  driver_usart.o(.data)
    Uart6_Lenth                              0x2000004a   Data           2  driver_usart.o(.data)
    TimesGo                                  0x2000004c   Data           2  driver_usart.o(.data)
    usart2_rx_flag                           0x2000004e   Data           1  referee_sys.o(.data)
    usart2_rx_len                            0x2000004f   Data           1  referee_sys.o(.data)
    rx_len_cal                               0x20000050   Data           1  referee_sys.o(.data)
    dis_flag                                 0x20000051   Data           1  referee_sys.o(.data)
    eeror_data                               0x20000052   Data           1  referee_sys.o(.data)
    MotorTxData                              0x20000053   Data           8  driver_can.o(.data)
    HeadTxData                               0x2000005b   Data           8  driver_can.o(.data)
    RealSpeedPLUCK                           0x20000064   Data           2  driver_can.o(.data)
    motor_angle_0x201                        0x20000066   Data           2  driver_can.o(.data)
    motor_angle_0x202                        0x20000068   Data           2  driver_can.o(.data)
    motor_angle_0x203                        0x2000006a   Data           2  driver_can.o(.data)
    motor_angle_0x204                        0x2000006c   Data           2  driver_can.o(.data)
    RealSpeedLF                              0x2000006e   Data           2  driver_can.o(.data)
    RealSpeedRF                              0x20000070   Data           2  driver_can.o(.data)
    RealSpeedLB                              0x20000072   Data           2  driver_can.o(.data)
    RealSpeedRB                              0x20000074   Data           2  driver_can.o(.data)
    RealAngleYAW                             0x20000076   Data           2  driver_can.o(.data)
    RealAnglePITCH                           0x20000078   Data           2  driver_can.o(.data)
    RealAnglePLUCK                           0x2000007a   Data           2  driver_can.o(.data)
    can1_rx_data                             0x2000007c   Data           8  driver_can.o(.data)
    MPU_id                                   0x20000085   Data           1  driver_imu.o(.data)
    uwTick                                   0x200000a0   Data           4  stm32f4xx_hal.o(.data)
    SystemCoreClock                          0x200000a8   Data           4  system_stm32f4xx.o(.data)
    ChassisPidLF                             0x200000ac   Data          52  motor_chassis.o(.bss)
    ChassisPidRF                             0x200000e0   Data          52  motor_chassis.o(.bss)
    ChassisPidRB                             0x20000114   Data          52  motor_chassis.o(.bss)
    ChassisPidLB                             0x20000148   Data          52  motor_chassis.o(.bss)
    PitchOPID                                0x2000017c   Data          52  motor_pitch.o(.bss)
    PitchIPID                                0x200001b0   Data          52  motor_pitch.o(.bss)
    YawOPID                                  0x200001e4   Data          52  motor_pitch.o(.bss)
    YawIPID                                  0x20000218   Data          52  motor_pitch.o(.bss)
    CatStruct                                0x2000024c   Data          60  motor_pitch.o(.bss)
    PluckPID                                 0x20000288   Data          52  motor_shoot.o(.bss)
    PluckMotor                               0x200002bc   Data          20  motor_shoot.o(.bss)
    RC_Ctl                                   0x200002d0   Data          20  driver_dbus.o(.bss)
    moto_ctr                                 0x200002e4   Data          12  driver_dbus.o(.bss)
    HeadMove                                 0x200002f0   Data          12  control_vision.o(.bss)
    uart1_rx_buff                            0x200002fc   Data          50  driver_usart.o(.bss)
    uart6_rx_buff                            0x2000032e   Data          50  driver_usart.o(.bss)
    UART6_BUFF                               0x20000360   Data         250  driver_usart.o(.bss)
    uart2_rx_buff                            0x2000045a   Data          15  driver_usart.o(.bss)
    uart3_rx_buff                            0x20000469   Data          50  driver_usart.o(.bss)
    data1                                    0x2000049c   Data          17  referee_sys.o(.bss)
    data2                                    0x200004ad   Data          10  referee_sys.o(.bss)
    data3                                    0x200004b7   Data          15  referee_sys.o(.bss)
    data4                                    0x200004c6   Data          29  referee_sys.o(.bss)
    data5                                    0x200004e3   Data          11  referee_sys.o(.bss)
    data6                                    0x200004ee   Data          10  referee_sys.o(.bss)
    data7                                    0x200004f8   Data          11  referee_sys.o(.bss)
    data8                                    0x20000503   Data          25  referee_sys.o(.bss)
    usart2_rx_buffer                         0x2000051c   Data         255  referee_sys.o(.bss)
    refSysData                               0x2000061b   Data          57  referee_sys.o(.bss)
    hdma_usart2_rx                           0x20000654   Data          96  referee_sys.o(.bss)
    huart2                                   0x200006b4   Data          64  referee_sys.o(.bss)
    imu_data                                 0x20000774   Data          20  driver_imu.o(.bss)
    imu_data_offest                          0x20000788   Data          20  driver_imu.o(.bss)
    htim2                                    0x2000079c   Data          60  init_tim.o(.bss)
    htim3                                    0x200007d8   Data          60  init_tim.o(.bss)
    htim4                                    0x20000814   Data          60  init_tim.o(.bss)
    htim5                                    0x20000850   Data          60  init_tim.o(.bss)
    htim6                                    0x2000088c   Data          60  init_tim.o(.bss)
    htim7                                    0x200008c8   Data          60  init_tim.o(.bss)
    htim8                                    0x20000904   Data          60  init_tim.o(.bss)
    htim12                                   0x20000940   Data          60  init_tim.o(.bss)
    hcan1                                    0x2000097c   Data          64  init_can.o(.bss)
    hcan2                                    0x200009bc   Data          64  init_can.o(.bss)
    hspi5                                    0x200009fc   Data          88  init_spi.o(.bss)
    huart1                                   0x20000a54   Data          64  init_usart.o(.bss)
    huart3                                   0x20000a94   Data          64  init_usart.o(.bss)
    huart6                                   0x20000ad4   Data          64  init_usart.o(.bss)
    hdma_usart1_rx                           0x20000b14   Data          96  init_usart.o(.bss)
    hpcd_USB_OTG_FS                          0x20000b74   Data         952  usbd_conf.o(.bss)
    __initial_sp                             0x20001330   Data           0  startup_stm32f427xx.o(STACK)



==============================================================================

Memory Map of the image

  Image Entry point : 0x080001ad

  Load Region LR_IROM1 (Base: 0x08000000, Size: 0x000067d4, Max: 0x00200000, ABSOLUTE)

    Execution Region ER_IROM1 (Base: 0x08000000, Size: 0x00006728, Max: 0x00200000, ABSOLUTE)

    Base Addr    Size         Type   Attr      Idx    E Section Name        Object

    0x08000000   0x000001ac   Data   RO         5536    RESET               startup_stm32f427xx.o
    0x080001ac   0x00000000   Code   RO         5578  * .ARM.Collect$$$$00000000  mc_w.l(entry.o)
    0x080001ac   0x00000004   Code   RO         5892    .ARM.Collect$$$$00000001  mc_w.l(entry2.o)
    0x080001b0   0x00000004   Code   RO         5895    .ARM.Collect$$$$00000004  mc_w.l(entry5.o)
    0x080001b4   0x00000000   Code   RO         5897    .ARM.Collect$$$$00000008  mc_w.l(entry7b.o)
    0x080001b4   0x00000000   Code   RO         5899    .ARM.Collect$$$$0000000A  mc_w.l(entry8b.o)
    0x080001b4   0x00000008   Code   RO         5900    .ARM.Collect$$$$0000000B  mc_w.l(entry9a.o)
    0x080001bc   0x00000000   Code   RO         5902    .ARM.Collect$$$$0000000D  mc_w.l(entry10a.o)
    0x080001bc   0x00000000   Code   RO         5904    .ARM.Collect$$$$0000000F  mc_w.l(entry11a.o)
    0x080001bc   0x00000004   Code   RO         5893    .ARM.Collect$$$$00002712  mc_w.l(entry2.o)
    0x080001c0   0x00000024   Code   RO         5537    .text               startup_stm32f427xx.o
    0x080001e4   0x00000024   Code   RO         5581    .text               mc_w.l(memcpya.o)
    0x08000208   0x00000024   Code   RO         5583    .text               mc_w.l(memseta.o)
    0x0800022c   0x000000e4   Code   RO         5878    .text               mf_w.l(dmul.o)
    0x08000310   0x00000022   Code   RO         5882    .text               mf_w.l(dflti.o)
    0x08000332   0x0000003e   Code   RO         5884    .text               mf_w.l(dfixi.o)
    0x08000370   0x00000026   Code   RO         5886    .text               mf_w.l(f2d.o)
    0x08000396   0x00000002   PAD
    0x08000398   0x00000030   Code   RO         5888    .text               mf_w.l(cdcmple.o)
    0x080003c8   0x00000030   Code   RO         5890    .text               mf_w.l(cdrcmple.o)
    0x080003f8   0x0000001e   Code   RO         5910    .text               mc_w.l(llshl.o)
    0x08000416   0x00000020   Code   RO         5912    .text               mc_w.l(llushr.o)
    0x08000436   0x00000000   Code   RO         5918    .text               mc_w.l(iusefp.o)
    0x08000436   0x000000ba   Code   RO         5919    .text               mf_w.l(depilogue.o)
    0x080004f0   0x00000024   Code   RO         5923    .text               mc_w.l(init.o)
    0x08000514   0x00000002   Code   RO          309    i.BusFault_Handler  stm32f4xx_it.o
    0x08000516   0x00000002   PAD
    0x08000518   0x0000000c   Code   RO          310    i.CAN1_RX0_IRQHandler  stm32f4xx_it.o
    0x08000524   0x0000000c   Code   RO          311    i.CAN1_TX_IRQHandler  stm32f4xx_it.o
    0x08000530   0x0000000c   Code   RO          312    i.CAN2_RX0_IRQHandler  stm32f4xx_it.o
    0x0800053c   0x0000000c   Code   RO          313    i.CAN2_TX_IRQHandler  stm32f4xx_it.o
    0x08000548   0x0000012c   Code   RO         2617    i.CAN_Receive_IT    stm32f4xx_hal_can.o
    0x08000674   0x0000002e   Code   RO          925    i.CAN_Send_Msg      driver_can.o
    0x080006a2   0x00000060   Code   RO         2618    i.CAN_Transmit_IT   stm32f4xx_hal_can.o
    0x08000702   0x00000002   PAD
    0x08000704   0x00000054   Code   RO          926    i.CanFilter_Init    driver_can.o
    0x08000758   0x00000094   Code   RO          555    i.CircleStep        motor_shoot.o
    0x080007ec   0x000000ac   Code   RO          466    i.Control_ChassisPID  motor_chassis.o
    0x08000898   0x000000d0   Code   RO          509    i.Control_PitchPID  motor_pitch.o
    0x08000968   0x00000090   Code   RO          557    i.CycleNumber       motor_shoot.o
    0x080009f8   0x000000a4   Code   RO          651    i.DBUS_Deal         driver_dbus.o
    0x08000a9c   0x00000028   Code   RO          652    i.DBUS_Init         driver_dbus.o
    0x08000ac4   0x0000000c   Code   RO          314    i.DMA2_Stream2_IRQHandler  stm32f4xx_it.o
    0x08000ad0   0x00000028   Code   RO         3026    i.DMA_CalcBaseAndBitshift  stm32f4xx_hal_dma.o
    0x08000af8   0x00000054   Code   RO         3027    i.DMA_CheckFifoParam  stm32f4xx_hal_dma.o
    0x08000b4c   0x00000028   Code   RO         3028    i.DMA_SetConfig     stm32f4xx_hal_dma.o
    0x08000b74   0x00000002   Code   RO          315    i.DebugMon_Handler  stm32f4xx_it.o
    0x08000b76   0x00000006   Code   RO          316    i.EXTI1_IRQHandler  stm32f4xx_it.o
    0x08000b7c   0x00000002   Code   RO         1177    i.Error_Handler     system_clock.o
    0x08000b7e   0x00000002   PAD
    0x08000b80   0x000000e4   Code   RO         2619    i.HAL_CAN_ConfigFilter  stm32f4xx_hal_can.o
    0x08000c64   0x00000002   Code   RO         2621    i.HAL_CAN_ErrorCallback  stm32f4xx_hal_can.o
    0x08000c66   0x00000002   PAD
    0x08000c68   0x00000180   Code   RO         2624    i.HAL_CAN_IRQHandler  stm32f4xx_hal_can.o
    0x08000de8   0x00000148   Code   RO         2625    i.HAL_CAN_Init      stm32f4xx_hal_can.o
    0x08000f30   0x000000e0   Code   RO         1466    i.HAL_CAN_MspInit   init_can.o
    0x08001010   0x00000086   Code   RO         2629    i.HAL_CAN_Receive_IT  stm32f4xx_hal_can.o
    0x08001096   0x00000002   PAD
    0x08001098   0x000000d8   Code   RO          927    i.HAL_CAN_RxCpltCallback  driver_can.o
    0x08001170   0x00000146   Code   RO         2633    i.HAL_CAN_Transmit_IT  stm32f4xx_hal_can.o
    0x080012b6   0x00000002   Code   RO         2634    i.HAL_CAN_TxCpltCallback  stm32f4xx_hal_can.o
    0x080012b8   0x0000008e   Code   RO         3029    i.HAL_DMA_Abort     stm32f4xx_hal_dma.o
    0x08001346   0x00000024   Code   RO         3030    i.HAL_DMA_Abort_IT  stm32f4xx_hal_dma.o
    0x0800136a   0x00000002   PAD
    0x0800136c   0x000001a8   Code   RO         3034    i.HAL_DMA_IRQHandler  stm32f4xx_hal_dma.o
    0x08001514   0x000000d0   Code   RO         3035    i.HAL_DMA_Init      stm32f4xx_hal_dma.o
    0x080015e4   0x00000078   Code   RO         3039    i.HAL_DMA_Start_IT  stm32f4xx_hal_dma.o
    0x0800165c   0x00000016   Code   RO         4403    i.HAL_Delay         stm32f4xx_hal.o
    0x08001672   0x00000002   Code   RO         3936    i.HAL_GPIO_EXTI_Callback  stm32f4xx_hal_gpio.o
    0x08001674   0x00000018   Code   RO         3937    i.HAL_GPIO_EXTI_IRQHandler  stm32f4xx_hal_gpio.o
    0x0800168c   0x000001cc   Code   RO         3938    i.HAL_GPIO_Init     stm32f4xx_hal_gpio.o
    0x08001858   0x0000000a   Code   RO         3940    i.HAL_GPIO_ReadPin  stm32f4xx_hal_gpio.o
    0x08001862   0x0000000a   Code   RO         3942    i.HAL_GPIO_WritePin  stm32f4xx_hal_gpio.o
    0x0800186c   0x0000000c   Code   RO         4411    i.HAL_GetTick       stm32f4xx_hal.o
    0x08001878   0x00000010   Code   RO         4412    i.HAL_IncTick       stm32f4xx_hal.o
    0x08001888   0x00000034   Code   RO         4413    i.HAL_Init          stm32f4xx_hal.o
    0x080018bc   0x00000028   Code   RO         4414    i.HAL_InitTick      stm32f4xx_hal.o
    0x080018e4   0x00000058   Code   RO         1991    i.HAL_MspInit       stm32f4xx_hal_msp.o
    0x0800193c   0x0000008e   Code   RO         2372    i.HAL_MultiProcessor_Init  stm32f4xx_hal_uart.o
    0x080019ca   0x00000016   Code   RO         4989    i.HAL_NVIC_EnableIRQ  stm32f4xx_hal_cortex.o
    0x080019e0   0x00000040   Code   RO         4995    i.HAL_NVIC_SetPriority  stm32f4xx_hal_cortex.o
    0x08001a20   0x00000024   Code   RO         4996    i.HAL_NVIC_SetPriorityGrouping  stm32f4xx_hal_cortex.o
    0x08001a44   0x00000008   Code   RO         1734    i.HAL_PCD_ConnectCallback  usbd_conf.o
    0x08001a4c   0x00000012   Code   RO         1735    i.HAL_PCD_DataInStageCallback  usbd_conf.o
    0x08001a5e   0x00000014   Code   RO         1736    i.HAL_PCD_DataOutStageCallback  usbd_conf.o
    0x08001a72   0x00000008   Code   RO         1737    i.HAL_PCD_DisconnectCallback  usbd_conf.o
    0x08001a7a   0x00000050   Code   RO         2055    i.HAL_PCD_EP_ClrStall  stm32f4xx_hal_pcd.o
    0x08001aca   0x00000054   Code   RO         2058    i.HAL_PCD_EP_Open   stm32f4xx_hal_pcd.o
    0x08001b1e   0x00000002   PAD
    0x08001b20   0x0000005e   Code   RO         2059    i.HAL_PCD_EP_Receive  stm32f4xx_hal_pcd.o
    0x08001b7e   0x00000060   Code   RO         2060    i.HAL_PCD_EP_SetStall  stm32f4xx_hal_pcd.o
    0x08001bde   0x00000056   Code   RO         2061    i.HAL_PCD_EP_Transmit  stm32f4xx_hal_pcd.o
    0x08001c34   0x000004f4   Code   RO         2063    i.HAL_PCD_IRQHandler  stm32f4xx_hal_pcd.o
    0x08002128   0x00000008   Code   RO         1738    i.HAL_PCD_ISOINIncompleteCallback  usbd_conf.o
    0x08002130   0x00000008   Code   RO         1739    i.HAL_PCD_ISOOUTIncompleteCallback  usbd_conf.o
    0x08002138   0x00000020   Code   RO         1742    i.HAL_PCD_ResetCallback  usbd_conf.o
    0x08002158   0x00000008   Code   RO         1743    i.HAL_PCD_ResumeCallback  usbd_conf.o
    0x08002160   0x00000008   Code   RO         1744    i.HAL_PCD_SOFCallback  usbd_conf.o
    0x08002168   0x00000024   Code   RO         2072    i.HAL_PCD_SetAddress  stm32f4xx_hal_pcd.o
    0x0800218c   0x0000000e   Code   RO         1745    i.HAL_PCD_SetupStageCallback  usbd_conf.o
    0x0800219a   0x00000002   PAD
    0x0800219c   0x00000030   Code   RO         1746    i.HAL_PCD_SuspendCallback  usbd_conf.o
    0x080021cc   0x0000017c   Code   RO         2261    i.HAL_RCC_ClockConfig  stm32f4xx_hal_rcc.o
    0x08002348   0x0000000c   Code   RO         2266    i.HAL_RCC_GetHCLKFreq  stm32f4xx_hal_rcc.o
    0x08002354   0x00000030   Code   RO         2268    i.HAL_RCC_GetPCLK1Freq  stm32f4xx_hal_rcc.o
    0x08002384   0x00000030   Code   RO         2269    i.HAL_RCC_GetPCLK2Freq  stm32f4xx_hal_rcc.o
    0x080023b4   0x00000074   Code   RO         2270    i.HAL_RCC_GetSysClockFreq  stm32f4xx_hal_rcc.o
    0x08002428   0x000002e4   Code   RO         2273    i.HAL_RCC_OscConfig  stm32f4xx_hal_rcc.o
    0x0800270c   0x00000080   Code   RO         2755    i.HAL_SPI_Init      stm32f4xx_hal_spi.o
    0x0800278c   0x0000004c   Code   RO         1515    i.HAL_SPI_MspInit   init_spi.o
    0x080027d8   0x000001d8   Code   RO         2764    i.HAL_SPI_TransmitReceive  stm32f4xx_hal_spi.o
    0x080029b0   0x00000018   Code   RO         4998    i.HAL_SYSTICK_CLKSourceConfig  stm32f4xx_hal_cortex.o
    0x080029c8   0x00000002   Code   RO         4999    i.HAL_SYSTICK_Callback  stm32f4xx_hal_cortex.o
    0x080029ca   0x00000028   Code   RO         5000    i.HAL_SYSTICK_Config  stm32f4xx_hal_cortex.o
    0x080029f2   0x00000008   Code   RO         5001    i.HAL_SYSTICK_IRQHandler  stm32f4xx_hal_cortex.o
    0x080029fa   0x00000002   Code   RO         4001    i.HAL_TIMEx_BreakCallback  stm32f4xx_hal_tim_ex.o
    0x080029fc   0x00000002   Code   RO         4002    i.HAL_TIMEx_CommutationCallback  stm32f4xx_hal_tim_ex.o
    0x080029fe   0x00000042   Code   RO         4003    i.HAL_TIMEx_ConfigBreakDeadTime  stm32f4xx_hal_tim_ex.o
    0x08002a40   0x00000050   Code   RO         4018    i.HAL_TIMEx_MasterConfigSynchronization  stm32f4xx_hal_tim_ex.o
    0x08002a90   0x00000036   Code   RO         3206    i.HAL_TIM_Base_Init  stm32f4xx_hal_tim.o
    0x08002ac6   0x00000002   PAD
    0x08002ac8   0x000000f0   Code   RO         1376    i.HAL_TIM_Base_MspInit  init_tim.o
    0x08002bb8   0x00000018   Code   RO         3211    i.HAL_TIM_Base_Start_IT  stm32f4xx_hal_tim.o
    0x08002bd0   0x000000f2   Code   RO         3215    i.HAL_TIM_ConfigClockSource  stm32f4xx_hal_tim.o
    0x08002cc2   0x00000002   Code   RO         3235    i.HAL_TIM_IC_CaptureCallback  stm32f4xx_hal_tim.o
    0x08002cc4   0x00000166   Code   RO         3248    i.HAL_TIM_IRQHandler  stm32f4xx_hal_tim.o
    0x08002e2a   0x00000002   PAD
    0x08002e2c   0x000000e4   Code   RO         1377    i.HAL_TIM_MspPostInit  init_tim.o
    0x08002f10   0x00000002   Code   RO         3251    i.HAL_TIM_OC_DelayElapsedCallback  stm32f4xx_hal_tim.o
    0x08002f12   0x000000d0   Code   RO         3272    i.HAL_TIM_PWM_ConfigChannel  stm32f4xx_hal_tim.o
    0x08002fe2   0x00000036   Code   RO         3275    i.HAL_TIM_PWM_Init  stm32f4xx_hal_tim.o
    0x08003018   0x00000002   Code   RO         3277    i.HAL_TIM_PWM_MspInit  stm32f4xx_hal_tim.o
    0x0800301a   0x00000002   Code   RO         3278    i.HAL_TIM_PWM_PulseFinishedCallback  stm32f4xx_hal_tim.o
    0x0800301c   0x00000038   Code   RO         3279    i.HAL_TIM_PWM_Start  stm32f4xx_hal_tim.o
    0x08003054   0x00000002   Code   RO         3285    i.HAL_TIM_PeriodElapsedCallback  stm32f4xx_hal_tim.o
    0x08003056   0x00000002   Code   RO         3289    i.HAL_TIM_TriggerCallback  stm32f4xx_hal_tim.o
    0x08003058   0x00000058   Code   RO         2375    i.HAL_UART_DMAStop  stm32f4xx_hal_uart.o
    0x080030b0   0x00000002   Code   RO         2377    i.HAL_UART_ErrorCallback  stm32f4xx_hal_uart.o
    0x080030b2   0x00000002   PAD
    0x080030b4   0x00000110   Code   RO         2380    i.HAL_UART_IRQHandler  stm32f4xx_hal_uart.o
    0x080031c4   0x00000062   Code   RO         2381    i.HAL_UART_Init     stm32f4xx_hal_uart.o
    0x08003226   0x00000002   PAD
    0x08003228   0x00000158   Code   RO         1605    i.HAL_UART_MspInit  init_usart.o
    0x08003380   0x00000090   Code   RO         2385    i.HAL_UART_Receive_DMA  stm32f4xx_hal_uart.o
    0x08003410   0x00000048   Code   RO         2386    i.HAL_UART_Receive_IT  stm32f4xx_hal_uart.o
    0x08003458   0x000000a0   Code   RO          759    i.HAL_UART_RxCpltCallback  driver_usart.o
    0x080034f8   0x00000002   Code   RO         2388    i.HAL_UART_RxHalfCpltCallback  stm32f4xx_hal_uart.o
    0x080034fa   0x00000002   Code   RO         2392    i.HAL_UART_TxCpltCallback  stm32f4xx_hal_uart.o
    0x080034fc   0x00000002   Code   RO          317    i.HardFault_Handler  stm32f4xx_it.o
    0x080034fe   0x00000002   PAD
    0x08003500   0x00000070   Code   RO         1067    i.IMU_Get_Data      driver_imu.o
    0x08003570   0x0000004c   Code   RO         1000    i.KeyScan           driver_led.o
    0x080035bc   0x00000050   Code   RO         1071    i.MPU6500_Init      driver_imu.o
    0x0800360c   0x00000050   Code   RO         1072    i.MPU6500_Read_Reg  driver_imu.o
    0x0800365c   0x0000005c   Code   RO         1073    i.MPU6500_Read_Regs  driver_imu.o
    0x080036b8   0x00000054   Code   RO         1076    i.MPU6500_Write_Reg  driver_imu.o
    0x0800370c   0x00000048   Code   RO         1467    i.MX_CAN1_Init      init_can.o
    0x08003754   0x0000002c   Code   RO         1556    i.MX_DMA_Init       init_dma.o
    0x08003780   0x00000154   Code   RO         1580    i.MX_GPIO_Init      init_gpio.o
    0x080038d4   0x00000048   Code   RO         1516    i.MX_SPI5_Init      init_spi.o
    0x0800391c   0x00000080   Code   RO         1380    i.MX_TIM3_Init      init_tim.o
    0x0800399c   0x000000ac   Code   RO         1381    i.MX_TIM4_Init      init_tim.o
    0x08003a48   0x000000b8   Code   RO         1382    i.MX_TIM5_Init      init_tim.o
    0x08003b00   0x00000040   Code   RO         1383    i.MX_TIM6_Init      init_tim.o
    0x08003b40   0x00000040   Code   RO         1384    i.MX_TIM7_Init      init_tim.o
    0x08003b80   0x000000d8   Code   RO         1385    i.MX_TIM8_Init      init_tim.o
    0x08003c58   0x00000040   Code   RO         1606    i.MX_USART1_UART_Init  init_usart.o
    0x08003c98   0x0000003c   Code   RO         1607    i.MX_USART2_UART_Init  init_usart.o
    0x08003cd4   0x0000003c   Code   RO         1608    i.MX_USART3_UART_Init  init_usart.o
    0x08003d10   0x00000028   Code   RO         1609    i.MX_USART6_UART_Init  init_usart.o
    0x08003d38   0x00000002   Code   RO          318    i.MemManage_Handler  stm32f4xx_it.o
    0x08003d3a   0x00000002   PAD
    0x08003d3c   0x0000028c   Code   RO          653    i.MotorTargetChange  driver_dbus.o
    0x08003fc8   0x00000002   Code   RO          319    i.NMI_Handler       stm32f4xx_it.o
    0x08003fca   0x00000020   Code   RO         5002    i.NVIC_SetPriority  stm32f4xx_hal_cortex.o
    0x08003fea   0x00000002   PAD
    0x08003fec   0x0000000c   Code   RO          320    i.OTG_FS_IRQHandler  stm32f4xx_it.o
    0x08003ff8   0x00000088   Code   RO         2077    i.PCD_WriteEmptyTxFifo  stm32f4xx_hal_pcd.o
    0x08004080   0x0000011c   Code   RO          976    i.PIDCalc           algorithm_pid.o
    0x0800419c   0x00000088   Code   RO          467    i.PIDInit           motor_chassis.o
    0x08004224   0x00000002   Code   RO          321    i.PendSV_Handler    stm32f4xx_it.o
    0x08004226   0x00000002   PAD
    0x08004228   0x00000070   Code   RO          510    i.PitchPIDInit      motor_pitch.o
    0x08004298   0x0000002c   Code   RO          558    i.PluckMotorInit    motor_shoot.o
    0x080042c4   0x0000004c   Code   RO          559    i.PluckPIDInit      motor_shoot.o
    0x08004310   0x00000018   Code   RO          560    i.RM2312_Init       motor_shoot.o
    0x08004328   0x00000020   Code   RO         2777    i.SPI_CheckFlag_BSY  stm32f4xx_hal_spi.o
    0x08004348   0x00000096   Code   RO         2793    i.SPI_WaitFlagStateUntilTimeout  stm32f4xx_hal_spi.o
    0x080043de   0x00000002   Code   RO          322    i.SVC_Handler       stm32f4xx_it.o
    0x080043e0   0x00000020   Code   RO          725    i.ScanDataInit      control_vision.o
    0x08004400   0x00000074   Code   RO          726    i.ScanDataVision    control_vision.o
    0x08004474   0x0000003c   Code   RO          562    i.ShootControl      motor_shoot.o
    0x080044b0   0x00000020   Code   RO          563    i.StartShoot        motor_shoot.o
    0x080044d0   0x0000000e   Code   RO          323    i.SysTick_Handler   stm32f4xx_it.o
    0x080044de   0x00000002   PAD
    0x080044e0   0x00000098   Code   RO         1178    i.SystemClock_Config  system_clock.o
    0x08004578   0x00000054   Code   RO         5545    i.SystemInit        system_stm32f4xx.o
    0x080045cc   0x00000014   Code   RO          324    i.TIM6_DAC_IRQHandler  stm32f4xx_it.o
    0x080045e0   0x0000004c   Code   RO          325    i.TIM7_IRQHandler   stm32f4xx_it.o
    0x0800462c   0x000000c0   Code   RO         3290    i.TIM_Base_SetConfig  stm32f4xx_hal_tim.o
    0x080046ec   0x00000016   Code   RO         3291    i.TIM_CCxChannelCmd  stm32f4xx_hal_tim.o
    0x08004702   0x00000014   Code   RO         3297    i.TIM_ETR_SetConfig  stm32f4xx_hal_tim.o
    0x08004716   0x00000010   Code   RO         3298    i.TIM_ITRx_SetConfig  stm32f4xx_hal_tim.o
    0x08004726   0x00000002   PAD
    0x08004728   0x00000058   Code   RO         3299    i.TIM_OC1_SetConfig  stm32f4xx_hal_tim.o
    0x08004780   0x00000064   Code   RO         3300    i.TIM_OC2_SetConfig  stm32f4xx_hal_tim.o
    0x080047e4   0x00000060   Code   RO         3301    i.TIM_OC3_SetConfig  stm32f4xx_hal_tim.o
    0x08004844   0x00000050   Code   RO         3302    i.TIM_OC4_SetConfig  stm32f4xx_hal_tim.o
    0x08004894   0x00000010   Code   RO          564    i.TIM_SetTIM12Compare  motor_shoot.o
    0x080048a4   0x00000022   Code   RO         3304    i.TIM_TI1_ConfigInputStage  stm32f4xx_hal_tim.o
    0x080048c6   0x00000024   Code   RO         3306    i.TIM_TI2_ConfigInputStage  stm32f4xx_hal_tim.o
    0x080048ea   0x00000010   Code   RO         2394    i.UART_DMAAbortOnError  stm32f4xx_hal_uart.o
    0x080048fa   0x0000004a   Code   RO         2395    i.UART_DMAError     stm32f4xx_hal_uart.o
    0x08004944   0x0000003c   Code   RO         2396    i.UART_DMAReceiveCplt  stm32f4xx_hal_uart.o
    0x08004980   0x0000000a   Code   RO         2397    i.UART_DMARxHalfCplt  stm32f4xx_hal_uart.o
    0x0800498a   0x0000001c   Code   RO         2400    i.UART_EndRxTransfer  stm32f4xx_hal_uart.o
    0x080049a6   0x00000012   Code   RO         2401    i.UART_EndTxTransfer  stm32f4xx_hal_uart.o
    0x080049b8   0x0000008c   Code   RO         2402    i.UART_Receive_IT   stm32f4xx_hal_uart.o
    0x08004a44   0x000002ac   Code   RO         2403    i.UART_SetConfig    stm32f4xx_hal_uart.o
    0x08004cf0   0x00000062   Code   RO         2404    i.UART_Transmit_IT  stm32f4xx_hal_uart.o
    0x08004d52   0x00000002   PAD
    0x08004d54   0x0000000c   Code   RO          326    i.USART1_IRQHandler  stm32f4xx_it.o
    0x08004d60   0x00000018   Code   RO          327    i.USART2_IRQHandler  stm32f4xx_it.o
    0x08004d78   0x0000000c   Code   RO          328    i.USART3_IRQHandler  stm32f4xx_it.o
    0x08004d84   0x00000018   Code   RO          329    i.USART6_IRQHandler  stm32f4xx_it.o
    0x08004d9c   0x0000000e   Code   RO         5274    i.USBD_ClrClassConfig  usbd_core.o
    0x08004daa   0x00000010   Code   RO         5477    i.USBD_CtlContinueRx  usbd_ioreq.o
    0x08004dba   0x00000010   Code   RO         5478    i.USBD_CtlContinueSendData  usbd_ioreq.o
    0x08004dca   0x00000016   Code   RO         5412    i.USBD_CtlError     usbd_ctlreq.o
    0x08004de0   0x00000016   Code   RO         5480    i.USBD_CtlReceiveStatus  usbd_ioreq.o
    0x08004df6   0x0000001a   Code   RO         5481    i.USBD_CtlSendData  usbd_ioreq.o
    0x08004e10   0x00000016   Code   RO         5482    i.USBD_CtlSendStatus  usbd_ioreq.o
    0x08004e26   0x000000e0   Code   RO         5413    i.USBD_GetDescriptor  usbd_ctlreq.o
    0x08004f06   0x0000000e   Code   RO         1747    i.USBD_LL_ClearStallEP  usbd_conf.o
    0x08004f14   0x000000aa   Code   RO         5277    i.USBD_LL_DataInStage  usbd_core.o
    0x08004fbe   0x0000006a   Code   RO         5278    i.USBD_LL_DataOutStage  usbd_core.o
    0x08005028   0x00000004   Code   RO         5279    i.USBD_LL_DevConnected  usbd_core.o
    0x0800502c   0x00000016   Code   RO         5280    i.USBD_LL_DevDisconnected  usbd_core.o
    0x08005042   0x00000020   Code   RO         1754    i.USBD_LL_IsStallEP  usbd_conf.o
    0x08005062   0x00000004   Code   RO         5281    i.USBD_LL_IsoINIncomplete  usbd_core.o
    0x08005066   0x00000004   Code   RO         5282    i.USBD_LL_IsoOUTIncomplete  usbd_core.o
    0x0800506a   0x00000014   Code   RO         1755    i.USBD_LL_OpenEP    usbd_conf.o
    0x0800507e   0x0000000e   Code   RO         1756    i.USBD_LL_PrepareReceive  usbd_conf.o
    0x0800508c   0x0000003e   Code   RO         5283    i.USBD_LL_Reset     usbd_core.o
    0x080050ca   0x0000000c   Code   RO         5284    i.USBD_LL_Resume    usbd_core.o
    0x080050d6   0x00000018   Code   RO         5285    i.USBD_LL_SOF       usbd_core.o
    0x080050ee   0x00000006   Code   RO         5286    i.USBD_LL_SetSpeed  usbd_core.o
    0x080050f4   0x0000000e   Code   RO         1757    i.USBD_LL_SetUSBAddress  usbd_conf.o
    0x08005102   0x0000005a   Code   RO         5287    i.USBD_LL_SetupStage  usbd_core.o
    0x0800515c   0x0000000e   Code   RO         1758    i.USBD_LL_StallEP   usbd_conf.o
    0x0800516a   0x00000012   Code   RO         5288    i.USBD_LL_Suspend   usbd_core.o
    0x0800517c   0x0000000e   Code   RO         1761    i.USBD_LL_Transmit  usbd_conf.o
    0x0800518a   0x00000028   Code   RO         5415    i.USBD_ParseSetupRequest  usbd_ctlreq.o
    0x080051b2   0x00000016   Code   RO         5291    i.USBD_SetClassConfig  usbd_core.o
    0x080051c8   0x00000074   Code   RO         5416    i.USBD_SetConfig    usbd_ctlreq.o
    0x0800523c   0x000000f2   Code   RO         5417    i.USBD_StdDevReq    usbd_ctlreq.o
    0x0800532e   0x000000dc   Code   RO         5418    i.USBD_StdEPReq     usbd_ctlreq.o
    0x0800540a   0x00000034   Code   RO         5419    i.USBD_StdItfReq    usbd_ctlreq.o
    0x0800543e   0x00000002   PAD
    0x08005440   0x00000080   Code   RO         4674    i.USB_ActivateEndpoint  stm32f4xx_ll_usb.o
    0x080054c0   0x00000034   Code   RO         4675    i.USB_ActivateSetup  stm32f4xx_ll_usb.o
    0x080054f4   0x00000140   Code   RO         4687    i.USB_EP0StartXfer  stm32f4xx_ll_usb.o
    0x08005634   0x0000003e   Code   RO         4688    i.USB_EP0_OutStart  stm32f4xx_ll_usb.o
    0x08005672   0x00000064   Code   RO         4689    i.USB_EPClearStall  stm32f4xx_ll_usb.o
    0x080056d6   0x0000005e   Code   RO         4690    i.USB_EPSetStall    stm32f4xx_ll_usb.o
    0x08005734   0x0000021c   Code   RO         4691    i.USB_EPStartXfer   stm32f4xx_ll_usb.o
    0x08005950   0x00000024   Code   RO         4694    i.USB_FlushTxFifo   stm32f4xx_ll_usb.o
    0x08005974   0x0000003c   Code   RO         4696    i.USB_GetDevSpeed   stm32f4xx_ll_usb.o
    0x080059b0   0x00000008   Code   RO         4698    i.USB_GetMode       stm32f4xx_ll_usb.o
    0x080059b8   0x0000000e   Code   RO         4705    i.USB_ReadDevAllInEpInterrupt  stm32f4xx_ll_usb.o
    0x080059c6   0x0000000e   Code   RO         4706    i.USB_ReadDevAllOutEpInterrupt  stm32f4xx_ll_usb.o
    0x080059d4   0x0000001e   Code   RO         4707    i.USB_ReadDevInEPInterrupt  stm32f4xx_ll_usb.o
    0x080059f2   0x00000010   Code   RO         4708    i.USB_ReadDevOutEPInterrupt  stm32f4xx_ll_usb.o
    0x08005a02   0x00000008   Code   RO         4709    i.USB_ReadInterrupts  stm32f4xx_ll_usb.o
    0x08005a0a   0x00000020   Code   RO         4710    i.USB_ReadPacket    stm32f4xx_ll_usb.o
    0x08005a2a   0x00000022   Code   RO         4713    i.USB_SetDevAddress  stm32f4xx_ll_usb.o
    0x08005a4c   0x00000028   Code   RO         4717    i.USB_WritePacket   stm32f4xx_ll_usb.o
    0x08005a74   0x00000002   Code   RO          330    i.UsageFault_Handler  stm32f4xx_it.o
    0x08005a76   0x00000002   PAD
    0x08005a78   0x0000006c   Code   RO          654    i.Yaokong_translate  driver_dbus.o
    0x08005ae4   0x00000068   Code   RO          511    i.YawPIDInit        motor_pitch.o
    0x08005b4c   0x0000000e   Code   RO         5927    i.__scatterload_copy  mc_w.l(handlers.o)
    0x08005b5a   0x00000002   Code   RO         5928    i.__scatterload_null  mc_w.l(handlers.o)
    0x08005b5c   0x0000000e   Code   RO         5929    i.__scatterload_zeroinit  mc_w.l(handlers.o)
    0x08005b6a   0x00000002   PAD
    0x08005b6c   0x00000058   Code   RO          826    i.cal_ref_data4     referee_sys.o
    0x08005bc4   0x0000001c   Code   RO          655    i.delay_ms          driver_dbus.o
    0x08005be0   0x00000028   Code   RO          828    i.get_crc16         referee_sys.o
    0x08005c08   0x00000020   Code   RO          829    i.get_crc8          referee_sys.o
    0x08005c28   0x00000014   Code   RO          830    i.get_referee_data  referee_sys.o
    0x08005c3c   0x0000009c   Code   RO          831    i.hal_uart2_MspInit  referee_sys.o
    0x08005cd8   0x0000001c   Code   RO          832    i.hex_to_float      referee_sys.o
    0x08005cf4   0x00000164   Code   RO            4    i.main              main.o
    0x08005e58   0x00000044   Code   RO          833    i.ref_sys           referee_sys.o
    0x08005e9c   0x00000038   Code   RO          834    i.ref_sys_init      referee_sys.o
    0x08005ed4   0x00000220   Code   RO          269    i.test_task         task_tim.o
    0x080060f4   0x0000003c   Code   RO          835    i.uart2_init        referee_sys.o
    0x08006130   0x00000260   Code   RO          836    i.uart_receive_idle  referee_sys.o
    0x08006390   0x0000004c   Code   RO          837    i.verify_check      referee_sys.o
    0x080063dc   0x00000300   Data   RO          839    .constdata          referee_sys.o
    0x080066dc   0x00000014   Data   RO         1079    .constdata          driver_imu.o
    0x080066f0   0x00000010   Data   RO         2274    .constdata          stm32f4xx_hal_rcc.o
    0x08006700   0x00000008   Data   RO         3041    .constdata          stm32f4xx_hal_dma.o
    0x08006708   0x00000020   Data   RO         5925    Region$$Table       anon$$obj.o


    Execution Region RW_IRAM2 (Base: 0x10000000, Size: 0x00000000, Max: 0x00010000, ABSOLUTE)

    **** No section assigned to this execution region ****


    Execution Region RW_IRAM1 (Base: 0x20000000, Size: 0x00001330, Max: 0x00030000, ABSOLUTE)

    Base Addr    Size         Type   Attr      Idx    E Section Name        Object

    0x20000000   0x0000000c   Data   RW          270    .data               task_tim.o
    0x2000000c   0x00000006   Data   RW          272    .data               task_tim.o
    0x20000012   0x00000002   PAD
    0x20000014   0x00000008   Data   RW          331    .data               stm32f4xx_it.o
    0x2000001c   0x0000000a   Data   RW          472    .data               motor_chassis.o
    0x20000026   0x00000004   Data   RW          518    .data               motor_pitch.o
    0x2000002a   0x00000006   Data   RW          570    .data               motor_shoot.o
    0x20000030   0x00000018   Data   RW          659    .data               driver_dbus.o
    0x20000048   0x00000006   Data   RW          769    .data               driver_usart.o
    0x2000004e   0x00000005   Data   RW          841    .data               referee_sys.o
    0x20000053   0x00000008   Data   RW          929    .data               driver_can.o
    0x2000005b   0x00000008   Data   RW          930    .data               driver_can.o
    0x20000063   0x00000001   PAD
    0x20000064   0x00000020   Data   RW          932    .data               driver_can.o
    0x20000084   0x00000001   Data   RW         1001    .data               driver_led.o
    0x20000085   0x00000015   Data   RW         1080    .data               driver_imu.o
    0x2000009a   0x00000002   PAD
    0x2000009c   0x00000004   Data   RW         1470    .data               init_can.o
    0x200000a0   0x00000004   Data   RW         4419    .data               stm32f4xx_hal.o
    0x200000a4   0x00000001   Data   RW         5420    .data               usbd_ctlreq.o
    0x200000a5   0x00000003   PAD
    0x200000a8   0x00000004   Data   RW         5547    .data               system_stm32f4xx.o
    0x200000ac   0x000000d0   Zero   RW          468    .bss                motor_chassis.o
    0x2000017c   0x000000d0   Zero   RW          512    .bss                motor_pitch.o
    0x2000024c   0x0000003c   Zero   RW          516    .bss                motor_pitch.o
    0x20000288   0x00000048   Zero   RW          566    .bss                motor_shoot.o
    0x200002d0   0x00000020   Zero   RW          656    .bss                driver_dbus.o
    0x200002f0   0x0000000c   Zero   RW          727    .bss                control_vision.o
    0x200002fc   0x0000015e   Zero   RW          766    .bss                driver_usart.o
    0x2000045a   0x0000000f   Zero   RW          767    .bss                driver_usart.o
    0x20000469   0x00000032   Zero   RW          768    .bss                driver_usart.o
    0x2000049b   0x00000001   PAD
    0x2000049c   0x00000258   Zero   RW          838    .bss                referee_sys.o
    0x200006f4   0x00000080   Zero   RW          928    .bss                driver_can.o
    0x20000774   0x00000028   Zero   RW         1078    .bss                driver_imu.o
    0x2000079c   0x000001e0   Zero   RW         1386    .bss                init_tim.o
    0x2000097c   0x00000080   Zero   RW         1469    .bss                init_can.o
    0x200009fc   0x00000058   Zero   RW         1517    .bss                init_spi.o
    0x20000a54   0x00000120   Zero   RW         1612    .bss                init_usart.o
    0x20000b74   0x000003b8   Zero   RW         1762    .bss                usbd_conf.o
    0x20000f2c   0x00000004   PAD
    0x20000f30   0x00000400   Zero   RW         5534    STACK               startup_stm32f427xx.o


==============================================================================

Image component sizes


      Code (inc. data)   RO Data    RW Data    ZI Data      Debug   Object Name

       284         16          0          0          0       1126   algorithm_pid.o
       148          8          0          0         12       1776   control_vision.o
       346         46          0         48        128       3541   driver_can.o
       992        108          0         24         32       6293   driver_dbus.o
       448         54         20         21         40       4399   driver_imu.o
        76          8          0          1          0        614   driver_led.o
       160         22          0          6        415       2598   driver_usart.o
       296         34          0          4        128       1943   init_can.o
        44          4          0          0          0        826   init_dma.o
       340         24          0          0          0       1223   init_gpio.o
       148         22          0          0         88       1705   init_spi.o
      1296        130          0          0        480       6422   init_tim.o
       568         86          0          0        288       5029   init_usart.o
       356         78          0          0          0     370310   main.o
       308         52          0         10        208       1867   motor_chassis.o
       424         88          0          4        268       2239   motor_pitch.o
       544         76          0          6         72       5759   motor_shoot.o
      1232         88        768          5        600      10228   referee_sys.o
        36          8        428          0       1024        788   startup_stm32f427xx.o
       142         22          0          4          0       4123   stm32f4xx_hal.o
      1800         24          0          0          0       7119   stm32f4xx_hal_can.o
       228         14          0          0          0      31709   stm32f4xx_hal_cortex.o
      1094         22          8          0          0       6530   stm32f4xx_hal_dma.o
       506         58          0          0          0       4047   stm32f4xx_hal_gpio.o
        88          0          0          0          0        542   stm32f4xx_hal_msp.o
      1880         72          0          0          0       7147   stm32f4xx_hal_pcd.o
      1344         80         16          0          0       5683   stm32f4xx_hal_rcc.o
       782          0          0          0          0       3709   stm32f4xx_hal_spi.o
      1692         88          0          0          0      15688   stm32f4xx_hal_tim.o
       150          0          0          0          0       3058   stm32f4xx_hal_tim_ex.o
      1950         26          0          0          0      12181   stm32f4xx_hal_uart.o
       276         76          0          8          0      10802   stm32f4xx_it.o
      1588         20          0          0          0      12328   stm32f4xx_ll_usb.o
       154          8          0          0          0       1593   system_clock.o
        84         18          0          4          0       1317   system_stm32f4xx.o
       544         76          0         18          0       1923   task_tim.o
       302          4          0          0        952      10387   usbd_conf.o
       558          0          0          0          0       9492   usbd_core.o
       916         30          0          1          0       6167   usbd_ctlreq.o
       102          0          0          0          0       3616   usbd_ioreq.o

    ----------------------------------------------------------------------
     24268       1590       1272        172       4740     587847   Object Totals
         0          0         32          0          0          0   (incl. Generated)
        42          0          0          8          5          0   (incl. Padding)

    ----------------------------------------------------------------------

      Code (inc. data)   RO Data    RW Data    ZI Data      Debug   Library Member Name

         0          0          0          0          0          0   entry.o
         0          0          0          0          0          0   entry10a.o
         0          0          0          0          0          0   entry11a.o
         8          4          0          0          0          0   entry2.o
         4          0          0          0          0          0   entry5.o
         0          0          0          0          0          0   entry7b.o
         0          0          0          0          0          0   entry8b.o
         8          4          0          0          0          0   entry9a.o
        30          0          0          0          0          0   handlers.o
        36          8          0          0          0         68   init.o
         0          0          0          0          0          0   iusefp.o
        30          0          0          0          0         68   llshl.o
        32          0          0          0          0         68   llushr.o
        36          0          0          0          0         68   memcpya.o
        36          0          0          0          0        108   memseta.o
        48          0          0          0          0         68   cdcmple.o
        48          0          0          0          0         68   cdrcmple.o
       186          0          0          0          0        176   depilogue.o
        62          0          0          0          0         80   dfixi.o
        34          0          0          0          0         76   dflti.o
       228          0          0          0          0         96   dmul.o
        38          0          0          0          0         68   f2d.o

    ----------------------------------------------------------------------
       868         16          0          0          0       1012   Library Totals
         4          0          0          0          0          0   (incl. Padding)

    ----------------------------------------------------------------------

      Code (inc. data)   RO Data    RW Data    ZI Data      Debug   Library Name

       220         16          0          0          0        380   mc_w.l
       644          0          0          0          0        632   mf_w.l

    ----------------------------------------------------------------------
       868         16          0          0          0       1012   Library Totals

    ----------------------------------------------------------------------

==============================================================================


      Code (inc. data)   RO Data    RW Data    ZI Data      Debug   

     25136       1606       1272        172       4740     564695   Grand Totals
     25136       1606       1272        172       4740     564695   ELF Image Totals
     25136       1606       1272        172          0          0   ROM Totals

==============================================================================

    Total RO  Size (Code + RO Data)                26408 (  25.79kB)
    Total RW  Size (RW Data + ZI Data)              4912 (   4.80kB)
    Total ROM Size (Code + RO Data + RW Data)      26580 (  25.96kB)

==============================================================================

