Component: ARM Compiler 5.06 update 5 (build 528) Tool: armlink [4d35e2]

==============================================================================

Section Cross References

    main.o(i.main) refers to stm32f4xx_hal.o(i.HAL_Init) for HAL_Init
    main.o(i.main) refers to system_clock.o(i.SystemClock_Config) for SystemClock_Config
    main.o(i.main) refers to init_gpio.o(i.MX_GPIO_Init) for MX_GPIO_Init
    main.o(i.main) refers to init_dma.o(i.MX_DMA_Init) for MX_DMA_Init
    main.o(i.main) refers to init_tim.o(i.MX_TIM6_Init) for MX_TIM6_Init
    main.o(i.main) refers to init_tim.o(i.MX_TIM7_Init) for MX_TIM7_Init
    main.o(i.main) refers to stm32f4xx_hal_tim.o(i.HAL_TIM_Base_Start_IT) for HAL_TIM_Base_Start_IT
    main.o(i.main) refers to init_can.o(i.MX_CAN1_Init) for MX_CAN1_Init
    main.o(i.main) refers to driver_can.o(i.CanFilter_Init) for CanFilter_Init
    main.o(i.main) refers to stm32f4xx_hal_can.o(i.HAL_CAN_Receive_IT) for HAL_CAN_Receive_IT
    main.o(i.main) refers to init_tim.o(i.MX_TIM2_Init) for MX_TIM2_Init
    main.o(i.main) refers to stm32f4xx_hal_tim.o(i.HAL_TIM_PWM_Start) for HAL_TIM_PWM_Start
    main.o(i.main) refers to init_usart.o(i.MX_USART1_UART_Init) for MX_USART1_UART_Init
    main.o(i.main) refers to init_usart.o(i.MX_USART3_UART_Init) for MX_USART3_UART_Init
    main.o(i.main) refers to init_usart.o(i.MX_USART6_UART_Init) for MX_USART6_UART_Init
    main.o(i.main) refers to stm32f4xx_hal_uart.o(i.HAL_UART_Receive_IT) for HAL_UART_Receive_IT
    main.o(i.main) refers to motor_chassis.o(i.PIDInit) for PIDInit
    main.o(i.main) refers to motor_chassis.o(i.Pluckmotor_PIDInit) for Pluckmotor_PIDInit
    main.o(i.main) refers to driver_dbus.o(i.DBUS_Init) for DBUS_Init
    main.o(i.main) refers to referee_sys.o(i.ref_sys_init) for ref_sys_init
    main.o(i.main) refers to stm32f4xx_hal_gpio.o(i.HAL_GPIO_WritePin) for HAL_GPIO_WritePin
    main.o(i.main) refers to driver_oled.o(i.OLED_Init) for OLED_Init
    main.o(i.main) refers to driver_oled.o(i.OLED_Clear) for OLED_Clear
    main.o(i.main) refers to driver_oled.o(i.OLED_ShowString) for OLED_ShowString
    main.o(i.main) refers to driver_led.o(i.KeyScan) for KeyScan
    main.o(i.main) refers to control_vision.o(i.ScanDataVision) for ScanDataVision
    main.o(i.main) refers to driver_dbus.o(i.delay_ms) for delay_ms
    main.o(i.main) refers to init_tim.o(.bss) for htim6
    main.o(i.main) refers to init_can.o(.bss) for hcan1
    main.o(i.main) refers to driver_usart.o(.bss) for uart1_rx_buff
    main.o(i.main) refers to init_usart.o(.bss) for huart1
    main.o(i.main) refers to driver_usart.o(.bss) for uart3_rx_buff
    main.o(i.main) refers to driver_usart.o(.data) for Uart6_Lenth
    task_tim.o(i.test_task) refers to init_usart.o(i.MX_USART1_UART_Init) for MX_USART1_UART_Init
    task_tim.o(i.test_task) refers to stm32f4xx_hal_uart.o(i.HAL_UART_Receive_IT) for HAL_UART_Receive_IT
    task_tim.o(i.test_task) refers to driver_dbus.o(i.DBUS_Init) for DBUS_Init
    task_tim.o(i.test_task) refers to driver_dbus.o(i.MotorTargetChange) for MotorTargetChange
    task_tim.o(i.test_task) refers to task_tim.o(.data) for .data
    task_tim.o(i.test_task) refers to driver_usart.o(.bss) for uart1_rx_buff
    task_tim.o(i.test_task) refers to init_usart.o(.bss) for huart1
    task_tim.o(i.test_task) refers to motor_shoot.o(.data) for ShootNumber
    task_tim.o(i.test_task) refers to driver_can.o(.data) for RealSpeedLF
    task_tim.o(i.test_task) refers to motor_chassis.o(.bss) for ChassisPidLF
    stm32f4xx_it.o(i.CAN1_RX0_IRQHandler) refers to stm32f4xx_hal_can.o(i.HAL_CAN_IRQHandler) for HAL_CAN_IRQHandler
    stm32f4xx_it.o(i.CAN1_RX0_IRQHandler) refers to init_can.o(.bss) for hcan1
    stm32f4xx_it.o(i.CAN1_TX_IRQHandler) refers to stm32f4xx_hal_can.o(i.HAL_CAN_IRQHandler) for HAL_CAN_IRQHandler
    stm32f4xx_it.o(i.CAN1_TX_IRQHandler) refers to init_can.o(.bss) for hcan1
    stm32f4xx_it.o(i.CAN2_RX0_IRQHandler) refers to stm32f4xx_hal_can.o(i.HAL_CAN_IRQHandler) for HAL_CAN_IRQHandler
    stm32f4xx_it.o(i.CAN2_RX0_IRQHandler) refers to init_can.o(.bss) for hcan2
    stm32f4xx_it.o(i.CAN2_TX_IRQHandler) refers to stm32f4xx_hal_can.o(i.HAL_CAN_IRQHandler) for HAL_CAN_IRQHandler
    stm32f4xx_it.o(i.CAN2_TX_IRQHandler) refers to init_can.o(.bss) for hcan2
    stm32f4xx_it.o(i.DMA2_Stream2_IRQHandler) refers to stm32f4xx_hal_dma.o(i.HAL_DMA_IRQHandler) for HAL_DMA_IRQHandler
    stm32f4xx_it.o(i.DMA2_Stream2_IRQHandler) refers to init_usart.o(.bss) for hdma_usart1_rx
    stm32f4xx_it.o(i.EXTI1_IRQHandler) refers to stm32f4xx_hal_gpio.o(i.HAL_GPIO_EXTI_IRQHandler) for HAL_GPIO_EXTI_IRQHandler
    stm32f4xx_it.o(i.OTG_FS_IRQHandler) refers to stm32f4xx_hal_pcd.o(i.HAL_PCD_IRQHandler) for HAL_PCD_IRQHandler
    stm32f4xx_it.o(i.OTG_FS_IRQHandler) refers to usbd_conf.o(.bss) for hpcd_USB_OTG_FS
    stm32f4xx_it.o(i.SysTick_Handler) refers to stm32f4xx_hal.o(i.HAL_IncTick) for HAL_IncTick
[...]
    .bss                                     0x20000604   Section      128  driver_can.o(.bss)
    Tx1Message                               0x20000604   Data          28  driver_can.o(.bss)
    Rx1Message                               0x20000620   Data          36  driver_can.o(.bss)
    Tx2Message                               0x20000644   Data          28  driver_can.o(.bss)
    Rx2Message                               0x20000660   Data          36  driver_can.o(.bss)
    .bss                                     0x20000684   Section      480  init_tim.o(.bss)
    .bss                                     0x20000864   Section      128  init_can.o(.bss)
    .bss                                     0x200008e4   Section      288  init_usart.o(.bss)
    .bss                                     0x20000a04   Section      952  usbd_conf.o(.bss)
    STACK                                    0x20000dc0   Section     1024  startup_stm32f427xx.o(STACK)

    Global Symbols

    Symbol Name                              Value     Ov Type        Size  Object(Section)

    BuildAttributes$$THM_ISAv4$E$P$D$K$B$S$7EM$VFPi3$EXTD16$VFPS$VFMA$PE$A:L22UL41UL21$X:L11$S22US41US21$IEEE1$IW$USESV6$~STKCKD$USESV7$~SHL$OTIME$ROPI$EBA8$MICROLIB$REQ8$PRES8$EABIv2 0x00000000   Number         0  anon$$obj.o ABSOLUTE
    __ARM_use_no_argv                        0x00000000   Number         0  main.o ABSOLUTE
    __use_no_errno                           0x00000000   Number         0  useno.o ABSOLUTE
    __use_no_exception_handling              0x00000000   Number         0  useno.o ABSOLUTE
    __use_no_fp                              0x00000000   Number         0  useno.o ABSOLUTE
    __use_no_heap                            0x00000000   Number         0  useno.o ABSOLUTE
    __use_no_heap_region                     0x00000000   Number         0  useno.o ABSOLUTE
    __use_no_semihosting                     0x00000000   Number         0  useno.o ABSOLUTE
    __use_no_semihosting_swi                 0x00000000   Number         0  useno.o ABSOLUTE
    __use_no_signal_handling                 0x00000000   Number         0  useno.o ABSOLUTE
    _printf_a                                0x00000000   Number         0  stubs.o ABSOLUTE
    _printf_c                                0x00000000   Number         0  stubs.o ABSOLUTE
    _printf_charcount                        0x00000000   Number         0  stubs.o ABSOLUTE
    _printf_d                                0x00000000   Number         0  stubs.o ABSOLUTE
    _printf_e                                0x00000000   Number         0  stubs.o ABSOLUTE
    _printf_f                                0x00000000   Number         0  stubs.o ABSOLUTE
    _printf_flags                            0x00000000   Number         0  stubs.o ABSOLUTE
    _printf_fp_dec                           0x00000000   Number         0  stubs.o ABSOLUTE
    _printf_fp_hex                           0x00000000   Number         0  stubs.o ABSOLUTE
    _printf_g                                0x00000000   Number         0  stubs.o ABSOLUTE
    _printf_i                                0x00000000   Number         0  stubs.o ABSOLUTE
    _printf_int_dec                          0x00000000   Number         0  stubs.o ABSOLUTE
    _printf_l                                0x00000000   Number         0  stubs.o ABSOLUTE
    _printf_lc                               0x00000000   Number         0  stubs.o ABSOLUTE
    _printf_ll                               0x00000000   Number         0  stubs.o ABSOLUTE
    _printf_lld                              0x00000000   Number         0  stubs.o ABSOLUTE
    _printf_lli                              0x00000000   Number         0  stubs.o ABSOLUTE
    _printf_llo                              0x00000000   Number         0  stubs.o ABSOLUTE
    _printf_llu                              0x00000000   Number         0  stubs.o ABSOLUTE
    _printf_llx                              0x00000000   Number         0  stubs.o ABSOLUTE
    _printf_longlong_dec                     0x00000000   Number         0  stubs.o ABSOLUTE
    _printf_longlong_hex                     0x00000000   Number         0  stubs.o ABSOLUTE
    _printf_longlong_oct                     0x00000000   Number         0  stubs.o ABSOLUTE
    _printf_ls                               0x00000000   Number         0  stubs.o ABSOLUTE
    _printf_mbtowc                           0x00000000   Number         0  stubs.o ABSOLUTE
    _printf_n                                0x00000000   Number         0  stubs.o ABSOLUTE
    _printf_o                                0x00000000   Number         0  stubs.o ABSOLUTE
    _printf_p                                0x00000000   Number         0  stubs.o ABSOLUTE
    _printf_percent                          0x00000000   Number         0  stubs.o ABSOLUTE
    _printf_pre_padding                      0x00000000   Number         0  stubs.o ABSOLUTE
    _printf_return_value                     0x00000000   Number         0  stubs.o ABSOLUTE
    _printf_s                                0x00000000   Number         0  stubs.o ABSOLUTE
    _printf_sizespec                         0x00000000   Number         0  stubs.o ABSOLUTE
    _printf_str                              0x00000000   Number         0  stubs.o ABSOLUTE
    _printf_truncate_signed                  0x00000000   Number         0  stubs.o ABSOLUTE
    _printf_truncate_unsigned                0x00000000   Number         0  stubs.o ABSOLUTE
    _printf_u                                0x00000000   Number         0  stubs.o ABSOLUTE
    _printf_wc                               0x00000000   Number         0  stubs.o ABSOLUTE
    _printf_wctomb                           0x00000000   Number         0  stubs.o ABSOLUTE
    _printf_widthprec                        0x00000000   Number         0  stubs.o ABSOLUTE
    _printf_x                                0x00000000   Number         0  stubs.o ABSOLUTE
    __cpp_initialize__aeabi_                  - Undefined Weak Reference
    __cxa_finalize                            - Undefined Weak Reference
    __decompress                              - Undefined Weak Reference
    _clock_init                               - Undefined Weak Reference
    _microlib_exit                            - Undefined Weak Reference
    __Vectors_Size                           0x000001ac   Number         0  startup_stm32f427xx.o ABSOLUTE
    __Vectors                                0x08000000   Data           4  startup_stm32f427xx.o(RESET)
    __Vectors_End                            0x080001ac   Data           0  startup_stm32f427xx.o(RESET)
    __main                                   0x080001ad   Thumb Code     0  entry.o(.ARM.Collect$$$$00000000)
    _main_stk                                0x080001ad   Thumb Code     0  entry2.o(.ARM.Collect$$$$00000001)
    _main_scatterload                        0x080001b1   Thumb Code     0  entry5.o(.ARM.Collect$$$$00000004)
    __main_after_scatterload                 0x080001b5   Thumb Code     0  entry5.o(.ARM.Collect$$$$00000004)
    _main_clock                              0x080001b5   Thumb Code     0  entry7b.o(.ARM.Collect$$$$00000008)
    _main_cpp_init                           0x080001b5   Thumb Code     0  entry8b.o(.ARM.Collect$$$$0000000A)
    _main_init                               0x080001b5   Thumb Code     0  entry9a.o(.ARM.Collect$$$$0000000B)
    __rt_final_cpp                           0x080001bd   Thumb Code     0  entry10a.o(.ARM.Collect$$$$0000000D)
    __rt_final_exit                          0x080001bd   Thumb Code     0  entry11a.o(.ARM.Collect$$$$0000000F)
    Reset_Handler                            0x080001c1   Thumb Code     8  startup_stm32f427xx.o(.text)
    ADC_IRQHandler                           0x080001db   Thumb Code     0  startup_stm32f427xx.o(.text)
    CAN1_RX1_IRQHandler                      0x080001db   Thumb Code     0  startup_stm32f427xx.o(.text)
    CAN1_SCE_IRQHandler                      0x080001db   Thumb Code     0  startup_stm32f427xx.o(.text)
    CAN2_RX1_IRQHandler                      0x080001db   Thumb Code     0  startup_stm32f427xx.o(.text)
    CAN2_SCE_IRQHandler                      0x080001db   Thumb Code     0  startup_stm32f427xx.o(.text)
    DCMI_IRQHandler                          0x080001db   Thumb Code     0  startup_stm32f427xx.o(.text)
    DMA1_Stream0_IRQHandler                  0x080001db   Thumb Code     0  startup_stm32f427xx.o(.text)
    DMA1_Stream1_IRQHandler                  0x080001db   Thumb Code     0  startup_stm32f427xx.o(.text)
    DMA1_Stream2_IRQHandler                  0x080001db   Thumb Code     0  startup_stm32f427xx.o(.text)
    DMA1_Stream3_IRQHandler                  0x080001db   Thumb Code     0  startup_stm32f427xx.o(.text)
    DMA1_Stream4_IRQHandler                  0x080001db   Thumb Code     0  startup_stm32f427xx.o(.text)
    DMA1_Stream5_IRQHandler                  0x080001db   Thumb Code     0  startup_stm32f427xx.o(.text)
    DMA1_Stream6_IRQHandler                  0x080001db   Thumb Code     0  startup_stm32f427xx.o(.text)
    DMA1_Stream7_IRQHandler                  0x080001db   Thumb Code     0  startup_stm32f427xx.o(.text)
    DMA2D_IRQHandler                         0x080001db   Thumb Code     0  startup_stm32f427xx.o(.text)
    DMA2_Stream0_IRQHandler                  0x080001db   Thumb Code     0  startup_stm32f427xx.o(.text)
    DMA2_Stream1_IRQHandler                  0x080001db   Thumb Code     0  startup_stm32f427xx.o(.text)
    DMA2_Stream3_IRQHandler                  0x080001db   Thumb Code     0  startup_stm32f427xx.o(.text)
    DMA2_Stream4_IRQHandler                  0x080001db   Thumb Code     0  startup_stm32f427xx.o(.text)
    DMA2_Stream5_IRQHandler                  0x080001db   Thumb Code     0  startup_stm32f427xx.o(.text)
    DMA2_Stream6_IRQHandler                  0x080001db   Thumb Code     0  startup_stm32f427xx.o(.text)
    DMA2_Stream7_IRQHandler                  0x080001db   Thumb Code     0  startup_stm32f427xx.o(.text)
    ETH_IRQHandler                           0x080001db   Thumb Code     0  startup_stm32f427xx.o(.text)
    ETH_WKUP_IRQHandler                      0x080001db   Thumb Code     0  startup_stm32f427xx.o(.text)
    EXTI0_IRQHandler                         0x080001db   Thumb Code     0  startup_stm32f427xx.o(.text)
    EXTI15_10_IRQHandler                     0x080001db   Thumb Code     0  startup_stm32f427xx.o(.text)
    EXTI2_IRQHandler                         0x080001db   Thumb Code     0  startup_stm32f427xx.o(.text)
    EXTI3_IRQHandler                         0x080001db   Thumb Code     0  startup_stm32f427xx.o(.text)
    EXTI4_IRQHandler                         0x080001db   Thumb Code     0  startup_stm32f427xx.o(.text)
    EXTI9_5_IRQHandler                       0x080001db   Thumb Code     0  startup_stm32f427xx.o(.text)
    FLASH_IRQHandler                         0x080001db   Thumb Code     0  startup_stm32f427xx.o(.text)
    FMC_IRQHandler                           0x080001db   Thumb Code     0  startup_stm32f427xx.o(.text)
    FPU_IRQHandler                           0x080001db   Thumb Code     0  startup_stm32f427xx.o(.text)
    HASH_RNG_IRQHandler                      0x080001db   Thumb Code     0  startup_stm32f427xx.o(.text)
    I2C1_ER_IRQHandler                       0x080001db   Thumb Code     0  startup_stm32f427xx.o(.text)
    I2C1_EV_IRQHandler                       0x080001db   Thumb Code     0  startup_stm32f427xx.o(.text)
    I2C2_ER_IRQHandler                       0x080001db   Thumb Code     0  startup_stm32f427xx.o(.text)
    I2C2_EV_IRQHandler                       0x080001db   Thumb Code     0  startup_stm32f427xx.o(.text)
    I2C3_ER_IRQHandler                       0x080001db   Thumb Code     0  startup_stm32f427xx.o(.text)
    I2C3_EV_IRQHandler                       0x080001db   Thumb Code     0  startup_stm32f427xx.o(.text)
    OTG_FS_WKUP_IRQHandler                   0x080001db   Thumb Code     0  startup_stm32f427xx.o(.text)
    OTG_HS_EP1_IN_IRQHandler                 0x080001db   Thumb Code     0  startup_stm32f427xx.o(.text)
    OTG_HS_EP1_OUT_IRQHandler                0x080001db   Thumb Code     0  startup_stm32f427xx.o(.text)
    OTG_HS_IRQHandler                        0x080001db   Thumb Code     0  startup_stm32f427xx.o(.text)
    OTG_HS_WKUP_IRQHandler                   0x080001db   Thumb Code     0  startup_stm32f427xx.o(.text)
    PVD_IRQHandler                           0x080001db   Thumb Code     0  startup_stm32f427xx.o(.text)
    RCC_IRQHandler                           0x080001db   Thumb Code     0  startup_stm32f427xx.o(.text)
    RTC_Alarm_IRQHandler                     0x080001db   Thumb Code     0  startup_stm32f427xx.o(.text)
    RTC_WKUP_IRQHandler                      0x080001db   Thumb Code     0  startup_stm32f427xx.o(.text)
    SAI1_IRQHandler                          0x080001db   Thumb Code     0  startup_stm32f427xx.o(.text)
    SDIO_IRQHandler                          0x080001db   Thumb Code     0  startup_stm32f427xx.o(.text)
    SPI1_IRQHandler                          0x080001db   Thumb Code     0  startup_stm32f427xx.o(.text)
    SPI2_IRQHandler                          0x080001db   Thumb Code     0  startup_stm32f427xx.o(.text)
    SPI3_IRQHandler                          0x080001db   Thumb Code     0  startup_stm32f427xx.o(.text)
    SPI4_IRQHandler                          0x080001db   Thumb Code     0  startup_stm32f427xx.o(.text)
    SPI5_IRQHandler                          0x080001db   Thumb Code     0  startup_stm32f427xx.o(.text)
    SPI6_IRQHandler                          0x080001db   Thumb Code     0  startup_stm32f427xx.o(.text)
    TAMP_STAMP_IRQHandler                    0x080001db   Thumb Code     0  startup_stm32f427xx.o(.text)
    TIM1_BRK_TIM9_IRQHandler                 0x080001db   Thumb Code     0  startup_stm32f427xx.o(.text)
    TIM1_CC_IRQHandler                       0x080001db   Thumb Code     0  startup_stm32f427xx.o(.text)
    TIM1_TRG_COM_TIM11_IRQHandler            0x080001db   Thumb Code     0  startup_stm32f427xx.o(.text)
    TIM1_UP_TIM10_IRQHandler                 0x080001db   Thumb Code     0  startup_stm32f427xx.o(.text)
    TIM2_IRQHandler                          0x080001db   Thumb Code     0  startup_stm32f427xx.o(.text)
    TIM3_IRQHandler                          0x080001db   Thumb Code     0  startup_stm32f427xx.o(.text)
    TIM4_IRQHandler                          0x080001db   Thumb Code     0  startup_stm32f427xx.o(.text)
    TIM5_IRQHandler                          0x080001db   Thumb Code     0  startup_stm32f427xx.o(.text)
    TIM8_BRK_TIM12_IRQHandler                0x080001db   Thumb Code     0  startup_stm32f427xx.o(.text)
    TIM8_CC_IRQHandler                       0x080001db   Thumb Code     0  startup_stm32f427xx.o(.text)
    TIM8_TRG_COM_TIM14_IRQHandler            0x080001db   Thumb Code     0  startup_stm32f427xx.o(.text)
    TIM8_UP_TIM13_IRQHandler                 0x080001db   Thumb Code     0  startup_stm32f427xx.o(.text)
    UART4_IRQHandler                         0x080001db   Thumb Code     0  startup_stm32f427xx.o(.text)
    UART5_IRQHandler                         0x080001db   Thumb Code     0  startup_stm32f427xx.o(.text)
    UART7_IRQHandler                         0x080001db   Thumb Code     0  startup_stm32f427xx.o(.text)
    UART8_IRQHandler                         0x080001db   Thumb Code     0  startup_stm32f427xx.o(.text)
    WWDG_IRQHandler                          0x080001db   Thumb Code     0  startup_stm32f427xx.o(.text)
    __aeabi_memcpy                           0x080001e5   Thumb Code    36  memcpya.o(.text)
    __aeabi_memcpy4                          0x080001e5   Thumb Code     0  memcpya.o(.text)
    __aeabi_memcpy8                          0x080001e5   Thumb Code     0  memcpya.o(.text)
    __aeabi_memset                           0x08000209   Thumb Code    14  memseta.o(.text)
    __aeabi_memset4                          0x08000209   Thumb Code     0  memseta.o(.text)
    __aeabi_memset8                          0x08000209   Thumb Code     0  memseta.o(.text)
    __aeabi_memclr                           0x08000217   Thumb Code     4  memseta.o(.text)
    __aeabi_memclr4                          0x08000217   Thumb Code     0  memseta.o(.text)
    __aeabi_memclr8                          0x08000217   Thumb Code     0  memseta.o(.text)
    _memset$wrapper                          0x0800021b   Thumb Code    18  memseta.o(.text)
    __aeabi_dadd                             0x0800022d   Thumb Code   322  dadd.o(.text)
    __aeabi_dsub                             0x0800036f   Thumb Code     6  dadd.o(.text)
    __aeabi_drsub                            0x08000375   Thumb Code     6  dadd.o(.text)
    __aeabi_dmul                             0x0800037b   Thumb Code   228  dmul.o(.text)
    __aeabi_ddiv                             0x0800045f   Thumb Code   222  ddiv.o(.text)
    __aeabi_i2d                              0x0800053d   Thumb Code    34  dflti.o(.text)
    __aeabi_d2iz                             0x0800055f   Thumb Code    62  dfixi.o(.text)
    __aeabi_f2d                              0x0800059d   Thumb Code    38  f2d.o(.text)
    __aeabi_d2f                              0x080005c3   Thumb Code    56  d2f.o(.text)
    __aeabi_uidiv                            0x080005fb   Thumb Code     0  uidiv.o(.text)
    __aeabi_uidivmod                         0x080005fb   Thumb Code    44  uidiv.o(.text)
    __aeabi_uldivmod                         0x08000627   Thumb Code    98  uldiv.o(.text)
    __aeabi_llsl                             0x08000689   Thumb Code    30  llshl.o(.text)
    _ll_shift_l                              0x08000689   Thumb Code     0  llshl.o(.text)
    __aeabi_llsr                             0x080006a7   Thumb Code    32  llushr.o(.text)
    _ll_ushift_r                             0x080006a7   Thumb Code     0  llushr.o(.text)
    __aeabi_lasr                             0x080006c7   Thumb Code    36  llsshr.o(.text)
    _ll_sshift_r                             0x080006c7   Thumb Code     0  llsshr.o(.text)
    __I$use$fp                               0x080006eb   Thumb Code     0  iusefp.o(.text)
    _float_round                             0x080006eb   Thumb Code    18  fepilogue.o(.text)
    _float_epilogue                          0x080006fd   Thumb Code    92  fepilogue.o(.text)
    _double_round                            0x08000759   Thumb Code    30  depilogue.o(.text)
    _double_epilogue                         0x08000777   Thumb Code   156  depilogue.o(.text)
    __aeabi_d2ulz                            0x08000813   Thumb Code    48  dfixul.o(.text)
    __aeabi_cdrcmple                         0x08000845   Thumb Code    48  cdrcmple.o(.text)
    __scatterload                            0x08000875   Thumb Code    28  init.o(.text)
    __scatterload_rt2                        0x08000875   Thumb Code     0  init.o(.text)
    ADDTarget                                0x08000899   Thumb Code    30  driver_dbus.o(i.ADDTarget)
    BusFault_Handler                         0x080008b7   Thumb Code     2  stm32f4xx_it.o(i.BusFault_Handler)
    CAN1_RX0_IRQHandler                      0x080008b9   Thumb Code     6  stm32f4xx_it.o(i.CAN1_RX0_IRQHandler)
    CAN1_TX_IRQHandler                       0x080008c5   Thumb Code     6  stm32f4xx_it.o(i.CAN1_TX_IRQHandler)
    CAN2_RX0_IRQHandler                      0x080008d1   Thumb Code     6  stm32f4xx_it.o(i.CAN2_RX0_IRQHandler)
    CAN2_TX_IRQHandler                       0x080008dd   Thumb Code     6  stm32f4xx_it.o(i.CAN2_TX_IRQHandler)
    CAN_Send_Msg                             0x08000a15   Thumb Code    46  driver_can.o(i.CAN_Send_Msg)
    CanFilter_Init                           0x08000aa5   Thumb Code    72  driver_can.o(i.CanFilter_Init)
    Control_ChassisPID                       0x08000af9   Thumb Code   136  motor_chassis.o(i.Control_ChassisPID)
    Control_PluckPID                         0x08000ba5   Thumb Code    68  motor_chassis.o(i.Control_PluckPID)
    DBUS_Deal                                0x08000bfd   Thumb Code   230  driver_dbus.o(i.DBUS_Deal)
    DBUS_Init                                0x08000d01   Thumb Code    34  driver_dbus.o(i.DBUS_Init)
    DMA2_Stream2_IRQHandler                  0x08000d29   Thumb Code     6  stm32f4xx_it.o(i.DMA2_Stream2_IRQHandler)
    DebugMon_Handler                         0x08000dd9   Thumb Code     2  stm32f4xx_it.o(i.DebugMon_Handler)
    EXTI1_IRQHandler                         0x08000ddb   Thumb Code     6  stm32f4xx_it.o(i.EXTI1_IRQHandler)
    Error_Handler                            0x08000de1   Thumb Code     2  system_clock.o(i.Error_Handler)
    HAL_CAN_ConfigFilter                     0x08000de5   Thumb Code   218  stm32f4xx_hal_can.o(i.HAL_CAN_ConfigFilter)
    HAL_CAN_ErrorCallback                    0x08000ec9   Thumb Code     2  stm32f4xx_hal_can.o(i.HAL_CAN_ErrorCallback)
    HAL_CAN_IRQHandler                       0x08000ecd   Thumb Code   370  stm32f4xx_hal_can.o(i.HAL_CAN_IRQHandler)
    HAL_CAN_Init                             0x0800104d   Thumb Code   328  stm32f4xx_hal_can.o(i.HAL_CAN_Init)
    HAL_CAN_MspInit                          0x08001195   Thumb Code   200  init_can.o(i.HAL_CAN_MspInit)
    HAL_CAN_Receive_IT                       0x08001275   Thumb Code   134  stm32f4xx_hal_can.o(i.HAL_CAN_Receive_IT)
    HAL_CAN_RxCpltCallback                   0x080012fd   Thumb Code   182  driver_can.o(i.HAL_CAN_RxCpltCallback)
    HAL_CAN_Transmit_IT                      0x080013c1   Thumb Code   326  stm32f4xx_hal_can.o(i.HAL_CAN_Transmit_IT)
    HAL_CAN_TxCpltCallback                   0x08001507   Thumb Code     2  stm32f4xx_hal_can.o(i.HAL_CAN_TxCpltCallback)
    HAL_DMA_Abort                            0x08001509   Thumb Code   142  stm32f4xx_hal_dma.o(i.HAL_DMA_Abort)
    HAL_DMA_Abort_IT                         0x08001597   Thumb Code    36  stm32f4xx_hal_dma.o(i.HAL_DMA_Abort_IT)
    HAL_DMA_IRQHandler                       0x080015bd   Thumb Code   414  stm32f4xx_hal_dma.o(i.HAL_DMA_IRQHandler)
    HAL_DMA_Init                             0x08001765   Thumb Code   202  stm32f4xx_hal_dma.o(i.HAL_DMA_Init)
    HAL_DMA_Start_IT                         0x08001835   Thumb Code   120  stm32f4xx_hal_dma.o(i.HAL_DMA_Start_IT)
    HAL_GPIO_EXTI_Callback                   0x080018ad   Thumb Code     2  stm32f4xx_hal_gpio.o(i.HAL_GPIO_EXTI_Callback)
    HAL_GPIO_EXTI_IRQHandler                 0x080018b1   Thumb Code    18  stm32f4xx_hal_gpio.o(i.HAL_GPIO_EXTI_IRQHandler)
    HAL_GPIO_Init                            0x080018c9   Thumb Code   408  stm32f4xx_hal_gpio.o(i.HAL_GPIO_Init)
    HAL_GPIO_ReadPin                         0x08001a95   Thumb Code    10  stm32f4xx_hal_gpio.o(i.HAL_GPIO_ReadPin)
    HAL_GPIO_WritePin                        0x08001a9f   Thumb Code    10  stm32f4xx_hal_gpio.o(i.HAL_GPIO_WritePin)
    HAL_GetTick                              0x08001aa9   Thumb Code     6  stm32f4xx_hal.o(i.HAL_GetTick)
    HAL_IncTick                              0x08001ab5   Thumb Code    10  stm32f4xx_hal.o(i.HAL_IncTick)
    HAL_Init                                 0x08001ac5   Thumb Code    48  stm32f4xx_hal.o(i.HAL_Init)
    HAL_InitTick                             0x08001af9   Thumb Code    34  stm32f4xx_hal.o(i.HAL_InitTick)
    HAL_MspInit                              0x08001b21   Thumb Code    88  stm32f4xx_hal_msp.o(i.HAL_MspInit)
    HAL_MultiProcessor_Init                  0x08001b79   Thumb Code   142  stm32f4xx_hal_uart.o(i.HAL_MultiProcessor_Init)
    HAL_NVIC_EnableIRQ                       0x08001c07   Thumb Code    22  stm32f4xx_hal_cortex.o(i.HAL_NVIC_EnableIRQ)
    HAL_NVIC_SetPriority                     0x08001c1d   Thumb Code    60  stm32f4xx_hal_cortex.o(i.HAL_NVIC_SetPriority)
    HAL_NVIC_SetPriorityGrouping             0x08001c5d   Thumb Code    26  stm32f4xx_hal_cortex.o(i.HAL_NVIC_SetPriorityGrouping)
    HAL_PCD_ConnectCallback                  0x08001c81   Thumb Code     8  usbd_conf.o(i.HAL_PCD_ConnectCallback)
    HAL_PCD_DataInStageCallback              0x08001c89   Thumb Code    18  usbd_conf.o(i.HAL_PCD_DataInStageCallback)
    HAL_PCD_DataOutStageCallback             0x08001c9b   Thumb Code    20  usbd_conf.o(i.HAL_PCD_DataOutStageCallback)
    HAL_PCD_DisconnectCallback               0x08001caf   Thumb Code     8  usbd_conf.o(i.HAL_PCD_DisconnectCallback)
    HAL_PCD_EP_ClrStall                      0x08001cb7   Thumb Code    80  stm32f4xx_hal_pcd.o(i.HAL_PCD_EP_ClrStall)
    HAL_PCD_EP_Open                          0x08001d07   Thumb Code    84  stm32f4xx_hal_pcd.o(i.HAL_PCD_EP_Open)
    HAL_PCD_EP_Receive                       0x08001d5d   Thumb Code    94  stm32f4xx_hal_pcd.o(i.HAL_PCD_EP_Receive)
    HAL_PCD_EP_SetStall                      0x08001dbb   Thumb Code    96  stm32f4xx_hal_pcd.o(i.HAL_PCD_EP_SetStall)
    HAL_PCD_EP_Transmit                      0x08001e1b   Thumb Code    86  stm32f4xx_hal_pcd.o(i.HAL_PCD_EP_Transmit)
    HAL_PCD_IRQHandler                       0x08001e71   Thumb Code  1196  stm32f4xx_hal_pcd.o(i.HAL_PCD_IRQHandler)
    HAL_PCD_ISOINIncompleteCallback          0x08002365   Thumb Code     8  usbd_conf.o(i.HAL_PCD_ISOINIncompleteCallback)
    HAL_PCD_ISOOUTIncompleteCallback         0x0800236d   Thumb Code     8  usbd_conf.o(i.HAL_PCD_ISOOUTIncompleteCallback)
    HAL_PCD_ResetCallback                    0x08002375   Thumb Code    32  usbd_conf.o(i.HAL_PCD_ResetCallback)
    HAL_PCD_ResumeCallback                   0x08002395   Thumb Code     8  usbd_conf.o(i.HAL_PCD_ResumeCallback)
    HAL_PCD_SOFCallback                      0x0800239d   Thumb Code     8  usbd_conf.o(i.HAL_PCD_SOFCallback)
    HAL_PCD_SetAddress                       0x080023a5   Thumb Code    36  stm32f4xx_hal_pcd.o(i.HAL_PCD_SetAddress)
    HAL_PCD_SetupStageCallback               0x080023c9   Thumb Code    14  usbd_conf.o(i.HAL_PCD_SetupStageCallback)
    HAL_PCD_SuspendCallback                  0x080023d9   Thumb Code    44  usbd_conf.o(i.HAL_PCD_SuspendCallback)
    HAL_RCC_ClockConfig                      0x08002409   Thumb Code   364  stm32f4xx_hal_rcc.o(i.HAL_RCC_ClockConfig)
    HAL_RCC_GetHCLKFreq                      0x08002585   Thumb Code     6  stm32f4xx_hal_rcc.o(i.HAL_RCC_GetHCLKFreq)
    HAL_RCC_GetPCLK1Freq                     0x08002591   Thumb Code    34  stm32f4xx_hal_rcc.o(i.HAL_RCC_GetPCLK1Freq)
    HAL_RCC_GetPCLK2Freq                     0x080025c1   Thumb Code    34  stm32f4xx_hal_rcc.o(i.HAL_RCC_GetPCLK2Freq)
    HAL_RCC_GetSysClockFreq                  0x080025f1   Thumb Code   104  stm32f4xx_hal_rcc.o(i.HAL_RCC_GetSysClockFreq)
    HAL_RCC_OscConfig                        0x08002665   Thumb Code   722  stm32f4xx_hal_rcc.o(i.HAL_RCC_OscConfig)
    HAL_SYSTICK_CLKSourceConfig              0x08002949   Thumb Code    24  stm32f4xx_hal_cortex.o(i.HAL_SYSTICK_CLKSourceConfig)
    HAL_SYSTICK_Callback                     0x08002961   Thumb Code     2  stm32f4xx_hal_cortex.o(i.HAL_SYSTICK_Callback)
    HAL_SYSTICK_Config                       0x08002963   Thumb Code    40  stm32f4xx_hal_cortex.o(i.HAL_SYSTICK_Config)
    HAL_SYSTICK_IRQHandler                   0x0800298b   Thumb Code     8  stm32f4xx_hal_cortex.o(i.HAL_SYSTICK_IRQHandler)
    HAL_TIMEx_BreakCallback                  0x08002993   Thumb Code     2  stm32f4xx_hal_tim_ex.o(i.HAL_TIMEx_BreakCallback)
    HAL_TIMEx_CommutationCallback            0x08002995   Thumb Code     2  stm32f4xx_hal_tim_ex.o(i.HAL_TIMEx_CommutationCallback)
    HAL_TIMEx_MasterConfigSynchronization    0x08002997   Thumb Code    80  stm32f4xx_hal_tim_ex.o(i.HAL_TIMEx_MasterConfigSynchronization)
    HAL_TIM_Base_Init                        0x080029e7   Thumb Code    54  stm32f4xx_hal_tim.o(i.HAL_TIM_Base_Init)
    HAL_TIM_Base_MspInit                     0x08002a1d   Thumb Code   208  init_tim.o(i.HAL_TIM_Base_MspInit)
    HAL_TIM_Base_Start_IT                    0x08002b0d   Thumb Code    24  stm32f4xx_hal_tim.o(i.HAL_TIM_Base_Start_IT)
    HAL_TIM_ConfigClockSource                0x08002b25   Thumb Code   242  stm32f4xx_hal_tim.o(i.HAL_TIM_ConfigClockSource)
    HAL_TIM_IC_CaptureCallback               0x08002c17   Thumb Code     2  stm32f4xx_hal_tim.o(i.HAL_TIM_IC_CaptureCallback)
    HAL_TIM_IRQHandler                       0x08002c19   Thumb Code   358  stm32f4xx_hal_tim.o(i.HAL_TIM_IRQHandler)
    HAL_TIM_MspPostInit                      0x08002d81   Thumb Code   188  init_tim.o(i.HAL_TIM_MspPostInit)
    HAL_TIM_OC_DelayElapsedCallback          0x08002e65   Thumb Code     2  stm32f4xx_hal_tim.o(i.HAL_TIM_OC_DelayElapsedCallback)
    HAL_TIM_PWM_ConfigChannel                0x08002e67   Thumb Code   208  stm32f4xx_hal_tim.o(i.HAL_TIM_PWM_ConfigChannel)
    HAL_TIM_PWM_Init                         0x08002f37   Thumb Code    54  stm32f4xx_hal_tim.o(i.HAL_TIM_PWM_Init)
    HAL_TIM_PWM_MspInit                      0x08002f6d   Thumb Code     2  stm32f4xx_hal_tim.o(i.HAL_TIM_PWM_MspInit)
    HAL_TIM_PWM_PulseFinishedCallback        0x08002f6f   Thumb Code     2  stm32f4xx_hal_tim.o(i.HAL_TIM_PWM_PulseFinishedCallback)
    HAL_TIM_PWM_Start                        0x08002f71   Thumb Code    48  stm32f4xx_hal_tim.o(i.HAL_TIM_PWM_Start)
    HAL_TIM_PeriodElapsedCallback            0x08002fa9   Thumb Code     2  stm32f4xx_hal_tim.o(i.HAL_TIM_PeriodElapsedCallback)
    HAL_TIM_TriggerCallback                  0x08002fab   Thumb Code     2  stm32f4xx_hal_tim.o(i.HAL_TIM_TriggerCallback)
    HAL_UART_DMAStop                         0x08002fad   Thumb Code    88  stm32f4xx_hal_uart.o(i.HAL_UART_DMAStop)
    HAL_UART_ErrorCallback                   0x08003005   Thumb Code     2  stm32f4xx_hal_uart.o(i.HAL_UART_ErrorCallback)
    HAL_UART_IRQHandler                      0x08003009   Thumb Code   266  stm32f4xx_hal_uart.o(i.HAL_UART_IRQHandler)
    HAL_UART_Init                            0x08003119   Thumb Code    98  stm32f4xx_hal_uart.o(i.HAL_UART_Init)
    HAL_UART_MspInit                         0x0800317d   Thumb Code   298  init_usart.o(i.HAL_UART_MspInit)
    HAL_UART_Receive_DMA                     0x080032d5   Thumb Code   132  stm32f4xx_hal_uart.o(i.HAL_UART_Receive_DMA)
    HAL_UART_Receive_IT                      0x08003365   Thumb Code    72  stm32f4xx_hal_uart.o(i.HAL_UART_Receive_IT)
    HAL_UART_RxCpltCallback                  0x080033ad   Thumb Code   100  driver_usart.o(i.HAL_UART_RxCpltCallback)
    HAL_UART_RxHalfCpltCallback              0x08003425   Thumb Code     2  stm32f4xx_hal_uart.o(i.HAL_UART_RxHalfCpltCallback)
    HAL_UART_TxCpltCallback                  0x08003427   Thumb Code     2  stm32f4xx_hal_uart.o(i.HAL_UART_TxCpltCallback)
    HardFault_Handler                        0x08003429   Thumb Code     2  stm32f4xx_it.o(i.HardFault_Handler)
    I2C_Delay                                0x0800342b   Thumb Code    10  driver_oled.o(i.I2C_Delay)
    IIC_Start                                0x08003435   Thumb Code    64  driver_oled.o(i.IIC_Start)
    IIC_Stop                                 0x08003479   Thumb Code    64  driver_oled.o(i.IIC_Stop)
    IIC_Wait_Ack                             0x080034bd   Thumb Code    36  driver_oled.o(i.IIC_Wait_Ack)
    KeyScan                                  0x080034e5   Thumb Code    68  driver_led.o(i.KeyScan)
    MX_CAN1_Init                             0x08003531   Thumb Code    62  init_can.o(i.MX_CAN1_Init)
    MX_DMA_Init                              0x08003579   Thumb Code    40  init_dma.o(i.MX_DMA_Init)
    MX_GPIO_Init                             0x080035a5   Thumb Code   334  init_gpio.o(i.MX_GPIO_Init)
    MX_TIM2_Init                             0x0800370d   Thumb Code   128  init_tim.o(i.MX_TIM2_Init)
    MX_TIM6_Init                             0x08003791   Thumb Code    54  init_tim.o(i.MX_TIM6_Init)
    MX_TIM7_Init                             0x080037d1   Thumb Code    54  init_tim.o(i.MX_TIM7_Init)
    MX_USART1_UART_Init                      0x08003811   Thumb Code    52  init_usart.o(i.MX_USART1_UART_Init)
    MX_USART3_UART_Init                      0x08003851   Thumb Code    50  init_usart.o(i.MX_USART3_UART_Init)
    MX_USART6_UART_Init                      0x0800388d   Thumb Code    32  init_usart.o(i.MX_USART6_UART_Init)
    MemManage_Handler                        0x080038b5   Thumb Code     2  stm32f4xx_it.o(i.MemManage_Handler)
    MotorTargetChange                        0x080038b9   Thumb Code   284  driver_dbus.o(i.MotorTargetChange)
    NMI_Handler                              0x080039fd   Thumb Code     2  stm32f4xx_it.o(i.NMI_Handler)
    OLED_Clear                               0x08003a1f   Thumb Code    58  driver_oled.o(i.OLED_Clear)
    OLED_Init                                0x08003a59   Thumb Code   290  driver_oled.o(i.OLED_Init)
    OLED_Set_Pos                             0x08003b85   Thumb Code    42  driver_oled.o(i.OLED_Set_Pos)
    OLED_ShowChar                            0x08003bb1   Thumb Code   128  driver_oled.o(i.OLED_ShowChar)
    OLED_ShowString                          0x08003c39   Thumb Code    54  driver_oled.o(i.OLED_ShowString)
    OLED_WR_Byte                             0x08003c6f   Thumb Code    12  driver_oled.o(i.OLED_WR_Byte)
    OTG_FS_IRQHandler                        0x08003c7d   Thumb Code     6  stm32f4xx_it.o(i.OTG_FS_IRQHandler)
    PIDCalc                                  0x08003d11   Thumb Code   288  algorithm_pid.o(i.PIDCalc)
    PIDInit                                  0x08003e41   Thumb Code    92  motor_chassis.o(i.PIDInit)
    PendSV_Handler                           0x08003eb1   Thumb Code     2  stm32f4xx_it.o(i.PendSV_Handler)
    Pluckmotor_PIDInit                       0x08003eb5   Thumb Code    58  motor_chassis.o(i.Pluckmotor_PIDInit)
    SVC_Handler                              0x08003f01   Thumb Code     2  stm32f4xx_it.o(i.SVC_Handler)
    ScanDataVision                           0x08003f05   Thumb Code   124  control_vision.o(i.ScanDataVision)
    SysTick_Handler                          0x08003f9d   Thumb Code    14  stm32f4xx_it.o(i.SysTick_Handler)
    SystemClock_Config                       0x08003fad   Thumb Code   144  system_clock.o(i.SystemClock_Config)
    SystemInit                               0x08004045   Thumb Code    66  system_stm32f4xx.o(i.SystemInit)
    TIM6_DAC_IRQHandler                      0x08004099   Thumb Code    16  stm32f4xx_it.o(i.TIM6_DAC_IRQHandler)
    TIM7_IRQHandler                          0x080040ad   Thumb Code    62  stm32f4xx_it.o(i.TIM7_IRQHandler)
    TIM_Base_SetConfig                       0x080040f9   Thumb Code   148  stm32f4xx_hal_tim.o(i.TIM_Base_SetConfig)
    TIM_CCxChannelCmd                        0x080041b9   Thumb Code    22  stm32f4xx_hal_tim.o(i.TIM_CCxChannelCmd)
    TIM_OC2_SetConfig                        0x0800424d   Thumb Code    90  stm32f4xx_hal_tim.o(i.TIM_OC2_SetConfig)
    USART1_IRQHandler                        0x08004811   Thumb Code     6  stm32f4xx_it.o(i.USART1_IRQHandler)
    USART2_IRQHandler                        0x0800481d   Thumb Code    18  stm32f4xx_it.o(i.USART2_IRQHandler)
    USART3_IRQHandler                        0x08004835   Thumb Code     6  stm32f4xx_it.o(i.USART3_IRQHandler)
    USART6_IRQHandler                        0x08004841   Thumb Code    20  stm32f4xx_it.o(i.USART6_IRQHandler)
    USBD_ClrClassConfig                      0x08004859   Thumb Code    14  usbd_core.o(i.USBD_ClrClassConfig)
    USBD_CtlContinueRx                       0x08004867   Thumb Code    16  usbd_ioreq.o(i.USBD_CtlContinueRx)
    USBD_CtlContinueSendData                 0x08004877   Thumb Code    16  usbd_ioreq.o(i.USBD_CtlContinueSendData)
    USBD_CtlError                            0x08004887   Thumb Code    22  usbd_ctlreq.o(i.USBD_CtlError)
    USBD_CtlReceiveStatus                    0x0800489d   Thumb Code    22  usbd_ioreq.o(i.USBD_CtlReceiveStatus)
    USBD_CtlSendData                         0x080048b3   Thumb Code    26  usbd_ioreq.o(i.USBD_CtlSendData)
    USBD_CtlSendStatus                       0x080048cd   Thumb Code    22  usbd_ioreq.o(i.USBD_CtlSendStatus)
    USBD_LL_ClearStallEP                     0x080049c3   Thumb Code    14  usbd_conf.o(i.USBD_LL_ClearStallEP)
    USBD_LL_DataInStage                      0x080049d1   Thumb Code   170  usbd_core.o(i.USBD_LL_DataInStage)
    USBD_LL_DataOutStage                     0x08004a7b   Thumb Code   106  usbd_core.o(i.USBD_LL_DataOutStage)
    USBD_LL_DevConnected                     0x08004ae5   Thumb Code     4  usbd_core.o(i.USBD_LL_DevConnected)
    USBD_LL_DevDisconnected                  0x08004ae9   Thumb Code    22  usbd_core.o(i.USBD_LL_DevDisconnected)
    USBD_LL_IsStallEP                        0x08004aff   Thumb Code    32  usbd_conf.o(i.USBD_LL_IsStallEP)
    USBD_LL_IsoINIncomplete                  0x08004b1f   Thumb Code     4  usbd_core.o(i.USBD_LL_IsoINIncomplete)
    USBD_LL_IsoOUTIncomplete                 0x08004b23   Thumb Code     4  usbd_core.o(i.USBD_LL_IsoOUTIncomplete)
    USBD_LL_OpenEP                           0x08004b27   Thumb Code    20  usbd_conf.o(i.USBD_LL_OpenEP)
    USBD_LL_PrepareReceive                   0x08004b3b   Thumb Code    14  usbd_conf.o(i.USBD_LL_PrepareReceive)
    USBD_LL_Reset                            0x08004b49   Thumb Code    62  usbd_core.o(i.USBD_LL_Reset)
    USBD_LL_Resume                           0x08004b87   Thumb Code    12  usbd_core.o(i.USBD_LL_Resume)
    USBD_LL_SOF                              0x08004b93   Thumb Code    24  usbd_core.o(i.USBD_LL_SOF)
    USBD_LL_SetSpeed                         0x08004bab   Thumb Code     6  usbd_core.o(i.USBD_LL_SetSpeed)
    USBD_LL_SetUSBAddress                    0x08004bb1   Thumb Code    14  usbd_conf.o(i.USBD_LL_SetUSBAddress)
    USBD_LL_SetupStage                       0x08004bbf   Thumb Code    90  usbd_core.o(i.USBD_LL_SetupStage)
    USBD_LL_StallEP                          0x08004c19   Thumb Code    14  usbd_conf.o(i.USBD_LL_StallEP)
    USBD_LL_Suspend                          0x08004c27   Thumb Code    18  usbd_core.o(i.USBD_LL_Suspend)
    USBD_LL_Transmit                         0x08004c39   Thumb Code    14  usbd_conf.o(i.USBD_LL_Transmit)
    USBD_ParseSetupRequest                   0x08004c47   Thumb Code    40  usbd_ctlreq.o(i.USBD_ParseSetupRequest)
    USBD_SetClassConfig                      0x08004c6f   Thumb Code    22  usbd_core.o(i.USBD_SetClassConfig)
    USBD_StdDevReq                           0x08004cf9   Thumb Code   242  usbd_ctlreq.o(i.USBD_StdDevReq)
    USBD_StdEPReq                            0x08004deb   Thumb Code   220  usbd_ctlreq.o(i.USBD_StdEPReq)
    USBD_StdItfReq                           0x08004ec7   Thumb Code    52  usbd_ctlreq.o(i.USBD_StdItfReq)
    USB_ActivateEndpoint                     0x08004efd   Thumb Code   122  stm32f4xx_ll_usb.o(i.USB_ActivateEndpoint)
    USB_ActivateSetup                        0x08004f7d   Thumb Code    52  stm32f4xx_ll_usb.o(i.USB_ActivateSetup)
    USB_EP0StartXfer                         0x08004fb1   Thumb Code   316  stm32f4xx_ll_usb.o(i.USB_EP0StartXfer)
    USB_EP0_OutStart                         0x080050f1   Thumb Code    62  stm32f4xx_ll_usb.o(i.USB_EP0_OutStart)
    USB_EPClearStall                         0x0800512f   Thumb Code   100  stm32f4xx_ll_usb.o(i.USB_EPClearStall)
    USB_EPSetStall                           0x08005193   Thumb Code    94  stm32f4xx_ll_usb.o(i.USB_EPSetStall)
    USB_EPStartXfer                          0x080051f1   Thumb Code   534  stm32f4xx_ll_usb.o(i.USB_EPStartXfer)
    USB_FlushTxFifo                          0x0800540d   Thumb Code    32  stm32f4xx_ll_usb.o(i.USB_FlushTxFifo)
    USB_GetDevSpeed                          0x08005431   Thumb Code    60  stm32f4xx_ll_usb.o(i.USB_GetDevSpeed)
    USB_GetMode                              0x0800546d   Thumb Code     8  stm32f4xx_ll_usb.o(i.USB_GetMode)
    USB_ReadDevAllInEpInterrupt              0x08005475   Thumb Code    14  stm32f4xx_ll_usb.o(i.USB_ReadDevAllInEpInterrupt)
    USB_ReadDevAllOutEpInterrupt             0x08005483   Thumb Code    14  stm32f4xx_ll_usb.o(i.USB_ReadDevAllOutEpInterrupt)
    USB_ReadDevInEPInterrupt                 0x08005491   Thumb Code    30  stm32f4xx_ll_usb.o(i.USB_ReadDevInEPInterrupt)
    USB_ReadDevOutEPInterrupt                0x080054af   Thumb Code    16  stm32f4xx_ll_usb.o(i.USB_ReadDevOutEPInterrupt)
    USB_ReadInterrupts                       0x080054bf   Thumb Code     8  stm32f4xx_ll_usb.o(i.USB_ReadInterrupts)
    USB_ReadPacket                           0x080054c7   Thumb Code    32  stm32f4xx_ll_usb.o(i.USB_ReadPacket)
    USB_SetDevAddress                        0x080054e7   Thumb Code    34  stm32f4xx_ll_usb.o(i.USB_SetDevAddress)
    USB_WritePacket                          0x08005509   Thumb Code    40  stm32f4xx_ll_usb.o(i.USB_WritePacket)
    UsageFault_Handler                       0x08005531   Thumb Code     2  stm32f4xx_it.o(i.UsageFault_Handler)
    Write_IIC_Byte                           0x08005535   Thumb Code    92  driver_oled.o(i.Write_IIC_Byte)
    Write_IIC_Command                        0x08005595   Thumb Code    46  driver_oled.o(i.Write_IIC_Command)
    Write_IIC_Data                           0x080055c3   Thumb Code    46  driver_oled.o(i.Write_IIC_Data)
    Yaokong_translate                        0x080055f1   Thumb Code    98  driver_dbus.o(i.Yaokong_translate)
    __0sprintf                               0x0800565d   Thumb Code    34  printfa.o(i.__0sprintf)
    __1sprintf                               0x0800565d   Thumb Code     0  printfa.o(i.__0sprintf)
    __2sprintf                               0x0800565d   Thumb Code     0  printfa.o(i.__0sprintf)
    __c89sprintf                             0x0800565d   Thumb Code     0  printfa.o(i.__0sprintf)
    sprintf                                  0x0800565d   Thumb Code     0  printfa.o(i.__0sprintf)
    __scatterload_copy                       0x08005685   Thumb Code    14  handlers.o(i.__scatterload_copy)
    __scatterload_null                       0x08005693   Thumb Code     2  handlers.o(i.__scatterload_null)
    __scatterload_zeroinit                   0x08005695   Thumb Code    14  handlers.o(i.__scatterload_zeroinit)
    delay_ms                                 0x08005fb9   Thumb Code    28  driver_dbus.o(i.delay_ms)
    get_crc16                                0x08005fd5   Thumb Code    36  referee_sys.o(i.get_crc16)
    get_crc8                                 0x08005ffd   Thumb Code    28  referee_sys.o(i.get_crc8)
    hal_uart2_MspInit                        0x0800601d   Thumb Code   140  referee_sys.o(i.hal_uart2_MspInit)
    main                                     0x080060d5   Thumb Code   190  main.o(i.main)
    ref_sys_init                             0x08006215   Thumb Code    46  referee_sys.o(i.ref_sys_init)
    test_task                                0x0800624d   Thumb Code   268  task_tim.o(i.test_task)
    uart2_init                               0x08006389   Thumb Code    50  referee_sys.o(i.uart2_init)
    uart_receive_idle                        0x080063c5   Thumb Code   588  referee_sys.o(i.uart_receive_idle)
    verify_check                             0x08006621   Thumb Code    76  referee_sys.o(i.verify_check)
    CRC8_TAB                                 0x0800666c   Data         256  referee_sys.o(.constdata)
    CRC16_TAB                                0x0800676c   Data         512  referee_sys.o(.constdata)
    F6x8                                     0x0800696c   Data         552  driver_oled.o(.constdata)
    F8X16                                    0x08006b94   Data        1520  driver_oled.o(.constdata)
    APBAHBPrescTable                         0x08007184   Data          16  stm32f4xx_hal_rcc.o(.constdata)
    Region$$Table$$Base                      0x0800719c   Number         0  anon$$obj.o(Region$$Table)
    Region$$Table$$Limit                     0x080071bc   Number         0  anon$$obj.o(Region$$Table)
    contro_flag                              0x20000000   Data           1  task_tim.o(.data)
    start_flag                               0x20000001   Data           1  task_tim.o(.data)
    un_control                               0x20000002   Data           1  task_tim.o(.data)
    DBUSCheak                                0x20000003   Data           1  task_tim.o(.data)
    Timetick1ms                              0x20000008   Data           4  task_tim.o(.data)
    onFlag                                   0x2000000c   Data           4  stm32f4xx_it.o(.data)
    Tim7Num                                  0x20000010   Data           4  stm32f4xx_it.o(.data)
    SPEEDTARGET                              0x20000014   Data           2  motor_chassis.o(.data)
    ElectricOutLF                            0x20000016   Data           2  motor_chassis.o(.data)
    ElectricOutRF                            0x20000018   Data           2  motor_chassis.o(.data)
    ElectricOutRB                            0x2000001a   Data           2  motor_chassis.o(.data)
    ElectricOutLB                            0x2000001c   Data           2  motor_chassis.o(.data)
    ElectricPluck207                         0x2000001e   Data           2  motor_chassis.o(.data)
    ElectricRotate205                        0x20000020   Data           2  motor_chassis.o(.data)
    HeadTxData                               0x20000022   Data           8  motor_chassis.o(.data)
    ShootNumber                              0x2000002a   Data           4  motor_shoot.o(.data)
    reversal_flag                            0x2000002e   Data           1  driver_dbus.o(.data)
    buff_zero                                0x20000030   Data           8  driver_dbus.o(.data)
    buff_one                                 0x20000038   Data           8  driver_dbus.o(.data)
    buff_two                                 0x20000040   Data           8  driver_dbus.o(.data)
    buff_thr                                 0x20000048   Data           8  driver_dbus.o(.data)
    Uart6_Lenth                              0x20000050   Data           2  driver_usart.o(.data)
    usart2_rx_flag                           0x20000052   Data           1  referee_sys.o(.data)
    usart2_rx_len                            0x20000053   Data           1  referee_sys.o(.data)
    rx_len_cal                               0x20000054   Data           1  referee_sys.o(.data)
    dis_flag                                 0x20000055   Data           1  referee_sys.o(.data)
    eeror_data                               0x20000056   Data           1  referee_sys.o(.data)
    MotorTxData                              0x20000057   Data           8  driver_can.o(.data)
    RealSpeedPLUCK                           0x20000060   Data           2  driver_can.o(.data)
    motor_angle_0x201                        0x20000062   Data           2  driver_can.o(.data)
    motor_angle_0x202                        0x20000064   Data           2  driver_can.o(.data)
    motor_angle_0x203                        0x20000066   Data           2  driver_can.o(.data)
    motor_angle_0x204                        0x20000068   Data           2  driver_can.o(.data)
    RealSpeedLF                              0x2000006a   Data           2  driver_can.o(.data)
    RealSpeedRF                              0x2000006c   Data           2  driver_can.o(.data)
    RealSpeedLB                              0x2000006e   Data           2  driver_can.o(.data)
    RealSpeedRB                              0x20000070   Data           2  driver_can.o(.data)
    RealSpeedRotate                          0x20000072   Data           2  driver_can.o(.data)
    RealAnglePLUCK                           0x20000074   Data           2  driver_can.o(.data)
    RealAngleRotate                          0x20000076   Data           2  driver_can.o(.data)
    can1_rx_data                             0x20000078   Data           8  driver_can.o(.data)
    uwTick                                   0x20000088   Data           4  stm32f4xx_hal.o(.data)
    SystemCoreClock                          0x20000090   Data           4  system_stm32f4xx.o(.data)
    ChassisPidLF                             0x20000094   Data          52  motor_chassis.o(.bss)
    ChassisPidRF                             0x200000c8   Data          52  motor_chassis.o(.bss)
    ChassisPidRB                             0x200000fc   Data          52  motor_chassis.o(.bss)
    ChassisPidLB                             0x20000130   Data          52  motor_chassis.o(.bss)
    PluckPID                                 0x20000164   Data          52  motor_chassis.o(.bss)
    RotatePID                                0x20000198   Data          52  motor_chassis.o(.bss)
    RC_Ctl                                   0x200001cc   Data          20  driver_dbus.o(.bss)
    moto_ctr                                 0x200001e0   Data          12  driver_dbus.o(.bss)
    HeadMove                                 0x200001ec   Data          16  control_vision.o(.bss)
    temp                                     0x200001fc   Data          30  control_vision.o(.bss)
    uart1_rx_buff                            0x2000021a   Data          50  driver_usart.o(.bss)
    uart6_rx_buff                            0x2000024c   Data          50  driver_usart.o(.bss)
    UART6_BUFF                               0x2000027e   Data         250  driver_usart.o(.bss)
    uart3_rx_buff                            0x20000378   Data          50  driver_usart.o(.bss)
    data1                                    0x200003ac   Data          17  referee_sys.o(.bss)
    data2                                    0x200003bd   Data          10  referee_sys.o(.bss)
    data3                                    0x200003c7   Data          15  referee_sys.o(.bss)
    data4                                    0x200003d6   Data          29  referee_sys.o(.bss)
    data5                                    0x200003f3   Data          11  referee_sys.o(.bss)
    data6                                    0x200003fe   Data          10  referee_sys.o(.bss)
    data7                                    0x20000408   Data          11  referee_sys.o(.bss)
    data8                                    0x20000413   Data          25  referee_sys.o(.bss)
    usart2_rx_buffer                         0x2000042c   Data         255  referee_sys.o(.bss)
    refSysData                               0x2000052b   Data          57  referee_sys.o(.bss)
    hdma_usart2_rx                           0x20000564   Data          96  referee_sys.o(.bss)
    huart2                                   0x200005c4   Data          64  referee_sys.o(.bss)
    htim2                                    0x20000684   Data          60  init_tim.o(.bss)
    htim3                                    0x200006c0   Data          60  init_tim.o(.bss)
    htim4                                    0x200006fc   Data          60  init_tim.o(.bss)
    htim5                                    0x20000738   Data          60  init_tim.o(.bss)
    htim6                                    0x20000774   Data          60  init_tim.o(.bss)
    htim7                                    0x200007b0   Data          60  init_tim.o(.bss)
    htim8                                    0x200007ec   Data          60  init_tim.o(.bss)
    htim12                                   0x20000828   Data          60  init_tim.o(.bss)
    hcan1                                    0x20000864   Data          64  init_can.o(.bss)
    hcan2                                    0x200008a4   Data          64  init_can.o(.bss)
    huart1                                   0x200008e4   Data          64  init_usart.o(.bss)
    huart3                                   0x20000924   Data          64  init_usart.o(.bss)
    huart6                                   0x20000964   Data          64  init_usart.o(.bss)
    hdma_usart1_rx                           0x200009a4   Data          96  init_usart.o(.bss)
    hpcd_USB_OTG_FS                          0x20000a04   Data         952  usbd_conf.o(.bss)
    __initial_sp                             0x200011c0   Data           0  startup_stm32f427xx.o(STACK)



==============================================================================

Memory Map of the image

  Image Entry point : 0x080001ad

  Load Region LR_IROM1 (Base: 0x08000000, Size: 0x00007250, Max: 0x00200000, ABSOLUTE)

    Execution Region ER_IROM1 (Exec base: 0x08000000, Load base: 0x08000000, Size: 0x000071bc, Max: 0x00200000, ABSOLUTE)

    Exec Addr    Load Addr    Size         Type   Attr      Idx    E Section Name        Object

    0x08000000   0x08000000   0x000001ac   Data   RO         5479    RESET               startup_stm32f427xx.o
    0x080001ac   0x080001ac   0x00000000   Code   RO         5521  * .ARM.Collect$$$$00000000  mc_w.l(entry.o)
    0x080001ac   0x080001ac   0x00000004   Code   RO         5835    .ARM.Collect$$$$00000001  mc_w.l(entry2.o)
    0x080001b0   0x080001b0   0x00000004   Code   RO         5838    .ARM.Collect$$$$00000004  mc_w.l(entry5.o)
    0x080001b4   0x080001b4   0x00000000   Code   RO         5840    .ARM.Collect$$$$00000008  mc_w.l(entry7b.o)
    0x080001b4   0x080001b4   0x00000000   Code   RO         5842    .ARM.Collect$$$$0000000A  mc_w.l(entry8b.o)
    0x080001b4   0x080001b4   0x00000008   Code   RO         5843    .ARM.Collect$$$$0000000B  mc_w.l(entry9a.o)
    0x080001bc   0x080001bc   0x00000000   Code   RO         5845    .ARM.Collect$$$$0000000D  mc_w.l(entry10a.o)
    0x080001bc   0x080001bc   0x00000000   Code   RO         5847    .ARM.Collect$$$$0000000F  mc_w.l(entry11a.o)
    0x080001bc   0x080001bc   0x00000004   Code   RO         5836    .ARM.Collect$$$$00002712  mc_w.l(entry2.o)
    0x080001c0   0x080001c0   0x00000024   Code   RO         5480    .text               startup_stm32f427xx.o
    0x080001e4   0x080001e4   0x00000024   Code   RO         5524    .text               mc_w.l(memcpya.o)
    0x08000208   0x08000208   0x00000024   Code   RO         5526    .text               mc_w.l(memseta.o)
    0x0800022c   0x0800022c   0x0000014e   Code   RO         5819    .text               mf_w.l(dadd.o)
    0x0800037a   0x0800037a   0x000000e4   Code   RO         5821    .text               mf_w.l(dmul.o)
    0x0800045e   0x0800045e   0x000000de   Code   RO         5823    .text               mf_w.l(ddiv.o)
    0x0800053c   0x0800053c   0x00000022   Code   RO         5825    .text               mf_w.l(dflti.o)
    0x0800055e   0x0800055e   0x0000003e   Code   RO         5827    .text               mf_w.l(dfixi.o)
    0x0800059c   0x0800059c   0x00000026   Code   RO         5829    .text               mf_w.l(f2d.o)
    0x080005c2   0x080005c2   0x00000038   Code   RO         5833    .text               mf_w.l(d2f.o)
    0x080005fa   0x080005fa   0x0000002c   Code   RO         5849    .text               mc_w.l(uidiv.o)
    0x08000626   0x08000626   0x00000062   Code   RO         5851    .text               mc_w.l(uldiv.o)
    0x08000688   0x08000688   0x0000001e   Code   RO         5853    .text               mc_w.l(llshl.o)
    0x080006a6   0x080006a6   0x00000020   Code   RO         5855    .text               mc_w.l(llushr.o)
    0x080006c6   0x080006c6   0x00000024   Code   RO         5857    .text               mc_w.l(llsshr.o)
    0x080006ea   0x080006ea   0x00000000   Code   RO         5861    .text               mc_w.l(iusefp.o)
    0x080006ea   0x080006ea   0x0000006e   Code   RO         5862    .text               mf_w.l(fepilogue.o)
    0x08000758   0x08000758   0x000000ba   Code   RO         5864    .text               mf_w.l(depilogue.o)
    0x08000812   0x08000812   0x00000030   Code   RO         5866    .text               mf_w.l(dfixul.o)
    0x08000842   0x08000842   0x00000002   PAD
    0x08000844   0x08000844   0x00000030   Code   RO         5868    .text               mf_w.l(cdrcmple.o)
    0x08000874   0x08000874   0x00000024   Code   RO         5870    .text               mc_w.l(init.o)
    0x08000898   0x08000898   0x0000001e   Code   RO          605    i.ADDTarget         driver_dbus.o
    0x080008b6   0x080008b6   0x00000002   Code   RO          300    i.BusFault_Handler  stm32f4xx_it.o
    0x080008b8   0x080008b8   0x0000000c   Code   RO          301    i.CAN1_RX0_IRQHandler  stm32f4xx_it.o
    0x080008c4   0x080008c4   0x0000000c   Code   RO          302    i.CAN1_TX_IRQHandler  stm32f4xx_it.o
    0x080008d0   0x080008d0   0x0000000c   Code   RO          303    i.CAN2_RX0_IRQHandler  stm32f4xx_it.o
    0x080008dc   0x080008dc   0x0000000c   Code   RO          304    i.CAN2_TX_IRQHandler  stm32f4xx_it.o
    0x080008e8   0x080008e8   0x0000012c   Code   RO         2560    i.CAN_Receive_IT    stm32f4xx_hal_can.o
    0x08000a14   0x08000a14   0x0000002e   Code   RO          868    i.CAN_Send_Msg      driver_can.o
    0x08000a42   0x08000a42   0x00000060   Code   RO         2561    i.CAN_Transmit_IT   stm32f4xx_hal_can.o
    0x08000aa2   0x08000aa2   0x00000002   PAD
    0x08000aa4   0x08000aa4   0x00000054   Code   RO          869    i.CanFilter_Init    driver_can.o
    0x08000af8   0x08000af8   0x000000ac   Code   RO          457    i.Control_ChassisPID  motor_chassis.o
    0x08000ba4   0x08000ba4   0x00000058   Code   RO          458    i.Control_PluckPID  motor_chassis.o
    0x08000bfc   0x08000bfc   0x00000104   Code   RO          607    i.DBUS_Deal         driver_dbus.o
    0x08000d00   0x08000d00   0x00000028   Code   RO          608    i.DBUS_Init         driver_dbus.o
    0x08000d28   0x08000d28   0x0000000c   Code   RO          305    i.DMA2_Stream2_IRQHandler  stm32f4xx_it.o
    0x08000d34   0x08000d34   0x00000028   Code   RO         2969    i.DMA_CalcBaseAndBitshift  stm32f4xx_hal_dma.o
    0x08000d5c   0x08000d5c   0x00000054   Code   RO         2970    i.DMA_CheckFifoParam  stm32f4xx_hal_dma.o
    0x08000db0   0x08000db0   0x00000028   Code   RO         2971    i.DMA_SetConfig     stm32f4xx_hal_dma.o
    0x08000dd8   0x08000dd8   0x00000002   Code   RO          306    i.DebugMon_Handler  stm32f4xx_it.o
    0x08000dda   0x08000dda   0x00000006   Code   RO          307    i.EXTI1_IRQHandler  stm32f4xx_it.o
    0x08000de0   0x08000de0   0x00000002   Code   RO         1120    i.Error_Handler     system_clock.o
    0x08000de2   0x08000de2   0x00000002   PAD
    0x08000de4   0x08000de4   0x000000e4   Code   RO         2562    i.HAL_CAN_ConfigFilter  stm32f4xx_hal_can.o
    0x08000ec8   0x08000ec8   0x00000002   Code   RO         2564    i.HAL_CAN_ErrorCallback  stm32f4xx_hal_can.o
    0x08000eca   0x08000eca   0x00000002   PAD
    0x08000ecc   0x08000ecc   0x00000180   Code   RO         2567    i.HAL_CAN_IRQHandler  stm32f4xx_hal_can.o
    0x0800104c   0x0800104c   0x00000148   Code   RO         2568    i.HAL_CAN_Init      stm32f4xx_hal_can.o
    0x08001194   0x08001194   0x000000e0   Code   RO         1409    i.HAL_CAN_MspInit   init_can.o
    0x08001274   0x08001274   0x00000086   Code   RO         2572    i.HAL_CAN_Receive_IT  stm32f4xx_hal_can.o
    0x080012fa   0x080012fa   0x00000002   PAD
    0x080012fc   0x080012fc   0x000000c4   Code   RO          870    i.HAL_CAN_RxCpltCallback  driver_can.o
    0x080013c0   0x080013c0   0x00000146   Code   RO         2576    i.HAL_CAN_Transmit_IT  stm32f4xx_hal_can.o
    0x08001506   0x08001506   0x00000002   Code   RO         2577    i.HAL_CAN_TxCpltCallback  stm32f4xx_hal_can.o
    0x08001508   0x08001508   0x0000008e   Code   RO         2972    i.HAL_DMA_Abort     stm32f4xx_hal_dma.o
    0x08001596   0x08001596   0x00000024   Code   RO         2973    i.HAL_DMA_Abort_IT  stm32f4xx_hal_dma.o
    0x080015ba   0x080015ba   0x00000002   PAD
    0x080015bc   0x080015bc   0x000001a8   Code   RO         2977    i.HAL_DMA_IRQHandler  stm32f4xx_hal_dma.o
    0x08001764   0x08001764   0x000000d0   Code   RO         2978    i.HAL_DMA_Init      stm32f4xx_hal_dma.o
    0x08001834   0x08001834   0x00000078   Code   RO         2982    i.HAL_DMA_Start_IT  stm32f4xx_hal_dma.o
    0x080018ac   0x080018ac   0x00000002   Code   RO         3879    i.HAL_GPIO_EXTI_Callback  stm32f4xx_hal_gpio.o
    0x080018ae   0x080018ae   0x00000002   PAD
    0x080018b0   0x080018b0   0x00000018   Code   RO         3880    i.HAL_GPIO_EXTI_IRQHandler  stm32f4xx_hal_gpio.o
    0x080018c8   0x080018c8   0x000001cc   Code   RO         3881    i.HAL_GPIO_Init     stm32f4xx_hal_gpio.o
    0x08001a94   0x08001a94   0x0000000a   Code   RO         3883    i.HAL_GPIO_ReadPin  stm32f4xx_hal_gpio.o
    0x08001a9e   0x08001a9e   0x0000000a   Code   RO         3885    i.HAL_GPIO_WritePin  stm32f4xx_hal_gpio.o
    0x08001aa8   0x08001aa8   0x0000000c   Code   RO         4354    i.HAL_GetTick       stm32f4xx_hal.o
    0x08001ab4   0x08001ab4   0x00000010   Code   RO         4355    i.HAL_IncTick       stm32f4xx_hal.o
    0x08001ac4   0x08001ac4   0x00000034   Code   RO         4356    i.HAL_Init          stm32f4xx_hal.o
    0x08001af8   0x08001af8   0x00000028   Code   RO         4357    i.HAL_InitTick      stm32f4xx_hal.o
    0x08001b20   0x08001b20   0x00000058   Code   RO         1934    i.HAL_MspInit       stm32f4xx_hal_msp.o
    0x08001b78   0x08001b78   0x0000008e   Code   RO         2315    i.HAL_MultiProcessor_Init  stm32f4xx_hal_uart.o
    0x08001c06   0x08001c06   0x00000016   Code   RO         4932    i.HAL_NVIC_EnableIRQ  stm32f4xx_hal_cortex.o
    0x08001c1c   0x08001c1c   0x00000040   Code   RO         4938    i.HAL_NVIC_SetPriority  stm32f4xx_hal_cortex.o
    0x08001c5c   0x08001c5c   0x00000024   Code   RO         4939    i.HAL_NVIC_SetPriorityGrouping  stm32f4xx_hal_cortex.o
    0x08001c80   0x08001c80   0x00000008   Code   RO         1677    i.HAL_PCD_ConnectCallback  usbd_conf.o
    0x08001c88   0x08001c88   0x00000012   Code   RO         1678    i.HAL_PCD_DataInStageCallback  usbd_conf.o
    0x08001c9a   0x08001c9a   0x00000014   Code   RO         1679    i.HAL_PCD_DataOutStageCallback  usbd_conf.o
    0x08001cae   0x08001cae   0x00000008   Code   RO         1680    i.HAL_PCD_DisconnectCallback  usbd_conf.o
    0x08001cb6   0x08001cb6   0x00000050   Code   RO         1998    i.HAL_PCD_EP_ClrStall  stm32f4xx_hal_pcd.o
    0x08001d06   0x08001d06   0x00000054   Code   RO         2001    i.HAL_PCD_EP_Open   stm32f4xx_hal_pcd.o
    0x08001d5a   0x08001d5a   0x00000002   PAD
    0x08001d5c   0x08001d5c   0x0000005e   Code   RO         2002    i.HAL_PCD_EP_Receive  stm32f4xx_hal_pcd.o
    0x08001dba   0x08001dba   0x00000060   Code   RO         2003    i.HAL_PCD_EP_SetStall  stm32f4xx_hal_pcd.o
    0x08001e1a   0x08001e1a   0x00000056   Code   RO         2004    i.HAL_PCD_EP_Transmit  stm32f4xx_hal_pcd.o
    0x08001e70   0x08001e70   0x000004f4   Code   RO         2006    i.HAL_PCD_IRQHandler  stm32f4xx_hal_pcd.o
    0x08002364   0x08002364   0x00000008   Code   RO         1681    i.HAL_PCD_ISOINIncompleteCallback  usbd_conf.o
    0x0800236c   0x0800236c   0x00000008   Code   RO         1682    i.HAL_PCD_ISOOUTIncompleteCallback  usbd_conf.o
    0x08002374   0x08002374   0x00000020   Code   RO         1685    i.HAL_PCD_ResetCallback  usbd_conf.o
    0x08002394   0x08002394   0x00000008   Code   RO         1686    i.HAL_PCD_ResumeCallback  usbd_conf.o
    0x0800239c   0x0800239c   0x00000008   Code   RO         1687    i.HAL_PCD_SOFCallback  usbd_conf.o
    0x080023a4   0x080023a4   0x00000024   Code   RO         2015    i.HAL_PCD_SetAddress  stm32f4xx_hal_pcd.o
    0x080023c8   0x080023c8   0x0000000e   Code   RO         1688    i.HAL_PCD_SetupStageCallback  usbd_conf.o
    0x080023d6   0x080023d6   0x00000002   PAD
    0x080023d8   0x080023d8   0x00000030   Code   RO         1689    i.HAL_PCD_SuspendCallback  usbd_conf.o
    0x08002408   0x08002408   0x0000017c   Code   RO         2204    i.HAL_RCC_ClockConfig  stm32f4xx_hal_rcc.o
    0x08002584   0x08002584   0x0000000c   Code   RO         2209    i.HAL_RCC_GetHCLKFreq  stm32f4xx_hal_rcc.o
    0x08002590   0x08002590   0x00000030   Code   RO         2211    i.HAL_RCC_GetPCLK1Freq  stm32f4xx_hal_rcc.o
    0x080025c0   0x080025c0   0x00000030   Code   RO         2212    i.HAL_RCC_GetPCLK2Freq  stm32f4xx_hal_rcc.o
    0x080025f0   0x080025f0   0x00000074   Code   RO         2213    i.HAL_RCC_GetSysClockFreq  stm32f4xx_hal_rcc.o
    0x08002664   0x08002664   0x000002e4   Code   RO         2216    i.HAL_RCC_OscConfig  stm32f4xx_hal_rcc.o
    0x08002948   0x08002948   0x00000018   Code   RO         4941    i.HAL_SYSTICK_CLKSourceConfig  stm32f4xx_hal_cortex.o
    0x08002960   0x08002960   0x00000002   Code   RO         4942    i.HAL_SYSTICK_Callback  stm32f4xx_hal_cortex.o
    0x08002962   0x08002962   0x00000028   Code   RO         4943    i.HAL_SYSTICK_Config  stm32f4xx_hal_cortex.o
    0x0800298a   0x0800298a   0x00000008   Code   RO         4944    i.HAL_SYSTICK_IRQHandler  stm32f4xx_hal_cortex.o
    0x08002992   0x08002992   0x00000002   Code   RO         3944    i.HAL_TIMEx_BreakCallback  stm32f4xx_hal_tim_ex.o
    0x08002994   0x08002994   0x00000002   Code   RO         3945    i.HAL_TIMEx_CommutationCallback  stm32f4xx_hal_tim_ex.o
    0x08002996   0x08002996   0x00000050   Code   RO         3961    i.HAL_TIMEx_MasterConfigSynchronization  stm32f4xx_hal_tim_ex.o
    0x080029e6   0x080029e6   0x00000036   Code   RO         3149    i.HAL_TIM_Base_Init  stm32f4xx_hal_tim.o
    0x08002a1c   0x08002a1c   0x000000f0   Code   RO         1319    i.HAL_TIM_Base_MspInit  init_tim.o
    0x08002b0c   0x08002b0c   0x00000018   Code   RO         3154    i.HAL_TIM_Base_Start_IT  stm32f4xx_hal_tim.o
    0x08002b24   0x08002b24   0x000000f2   Code   RO         3158    i.HAL_TIM_ConfigClockSource  stm32f4xx_hal_tim.o
    0x08002c16   0x08002c16   0x00000002   Code   RO         3178    i.HAL_TIM_IC_CaptureCallback  stm32f4xx_hal_tim.o
    0x08002c18   0x08002c18   0x00000166   Code   RO         3191    i.HAL_TIM_IRQHandler  stm32f4xx_hal_tim.o
    0x08002d7e   0x08002d7e   0x00000002   PAD
    0x08002d80   0x08002d80   0x000000e4   Code   RO         1320    i.HAL_TIM_MspPostInit  init_tim.o
    0x08002e64   0x08002e64   0x00000002   Code   RO         3194    i.HAL_TIM_OC_DelayElapsedCallback  stm32f4xx_hal_tim.o
    0x08002e66   0x08002e66   0x000000d0   Code   RO         3215    i.HAL_TIM_PWM_ConfigChannel  stm32f4xx_hal_tim.o
    0x08002f36   0x08002f36   0x00000036   Code   RO         3218    i.HAL_TIM_PWM_Init  stm32f4xx_hal_tim.o
    0x08002f6c   0x08002f6c   0x00000002   Code   RO         3220    i.HAL_TIM_PWM_MspInit  stm32f4xx_hal_tim.o
    0x08002f6e   0x08002f6e   0x00000002   Code   RO         3221    i.HAL_TIM_PWM_PulseFinishedCallback  stm32f4xx_hal_tim.o
    0x08002f70   0x08002f70   0x00000038   Code   RO         3222    i.HAL_TIM_PWM_Start  stm32f4xx_hal_tim.o
    0x08002fa8   0x08002fa8   0x00000002   Code   RO         3228    i.HAL_TIM_PeriodElapsedCallback  stm32f4xx_hal_tim.o
    0x08002faa   0x08002faa   0x00000002   Code   RO         3232    i.HAL_TIM_TriggerCallback  stm32f4xx_hal_tim.o
    0x08002fac   0x08002fac   0x00000058   Code   RO         2318    i.HAL_UART_DMAStop  stm32f4xx_hal_uart.o
    0x08003004   0x08003004   0x00000002   Code   RO         2320    i.HAL_UART_ErrorCallback  stm32f4xx_hal_uart.o
    0x08003006   0x08003006   0x00000002   PAD
    0x08003008   0x08003008   0x00000110   Code   RO         2323    i.HAL_UART_IRQHandler  stm32f4xx_hal_uart.o
    0x08003118   0x08003118   0x00000062   Code   RO         2324    i.HAL_UART_Init     stm32f4xx_hal_uart.o
    0x0800317a   0x0800317a   0x00000002   PAD
    0x0800317c   0x0800317c   0x00000158   Code   RO         1548    i.HAL_UART_MspInit  init_usart.o
    0x080032d4   0x080032d4   0x00000090   Code   RO         2328    i.HAL_UART_Receive_DMA  stm32f4xx_hal_uart.o
    0x08003364   0x08003364   0x00000048   Code   RO         2329    i.HAL_UART_Receive_IT  stm32f4xx_hal_uart.o
    0x080033ac   0x080033ac   0x00000078   Code   RO          705    i.HAL_UART_RxCpltCallback  driver_usart.o
    0x08003424   0x08003424   0x00000002   Code   RO         2331    i.HAL_UART_RxHalfCpltCallback  stm32f4xx_hal_uart.o
    0x08003426   0x08003426   0x00000002   Code   RO         2335    i.HAL_UART_TxCpltCallback  stm32f4xx_hal_uart.o
    0x08003428   0x08003428   0x00000002   Code   RO          308    i.HardFault_Handler  stm32f4xx_it.o
    0x0800342a   0x0800342a   0x0000000a   Code   RO         1171    i.I2C_Delay         driver_oled.o
    0x08003434   0x08003434   0x00000044   Code   RO         1172    i.IIC_Start         driver_oled.o
    0x08003478   0x08003478   0x00000044   Code   RO         1173    i.IIC_Stop          driver_oled.o
    0x080034bc   0x080034bc   0x00000028   Code   RO         1174    i.IIC_Wait_Ack      driver_oled.o
    0x080034e4   0x080034e4   0x0000004c   Code   RO          943    i.KeyScan           driver_led.o
    0x08003530   0x08003530   0x00000048   Code   RO         1410    i.MX_CAN1_Init      init_can.o
    0x08003578   0x08003578   0x0000002c   Code   RO         1499    i.MX_DMA_Init       init_dma.o
    0x080035a4   0x080035a4   0x00000168   Code   RO         1523    i.MX_GPIO_Init      init_gpio.o
    0x0800370c   0x0800370c   0x00000084   Code   RO         1322    i.MX_TIM2_Init      init_tim.o
    0x08003790   0x08003790   0x00000040   Code   RO         1326    i.MX_TIM6_Init      init_tim.o
    0x080037d0   0x080037d0   0x00000040   Code   RO         1327    i.MX_TIM7_Init      init_tim.o
    0x08003810   0x08003810   0x00000040   Code   RO         1549    i.MX_USART1_UART_Init  init_usart.o
    0x08003850   0x08003850   0x0000003c   Code   RO         1551    i.MX_USART3_UART_Init  init_usart.o
    0x0800388c   0x0800388c   0x00000028   Code   RO         1552    i.MX_USART6_UART_Init  init_usart.o
    0x080038b4   0x080038b4   0x00000002   Code   RO          309    i.MemManage_Handler  stm32f4xx_it.o
    0x080038b6   0x080038b6   0x00000002   PAD
    0x080038b8   0x080038b8   0x00000144   Code   RO          609    i.MotorTargetChange  driver_dbus.o
    0x080039fc   0x080039fc   0x00000002   Code   RO          310    i.NMI_Handler       stm32f4xx_it.o
    0x080039fe   0x080039fe   0x00000020   Code   RO         4945    i.NVIC_SetPriority  stm32f4xx_hal_cortex.o
    0x08003a1e   0x08003a1e   0x0000003a   Code   RO         1175    i.OLED_Clear        driver_oled.o
    0x08003a58   0x08003a58   0x0000012c   Code   RO         1179    i.OLED_Init         driver_oled.o
    0x08003b84   0x08003b84   0x0000002a   Code   RO         1181    i.OLED_Set_Pos      driver_oled.o
    0x08003bae   0x08003bae   0x00000002   PAD
    0x08003bb0   0x08003bb0   0x00000088   Code   RO         1183    i.OLED_ShowChar     driver_oled.o
    0x08003c38   0x08003c38   0x00000036   Code   RO         1185    i.OLED_ShowString   driver_oled.o
    0x08003c6e   0x08003c6e   0x0000000c   Code   RO         1186    i.OLED_WR_Byte      driver_oled.o
    0x08003c7a   0x08003c7a   0x00000002   PAD
    0x08003c7c   0x08003c7c   0x0000000c   Code   RO          311    i.OTG_FS_IRQHandler  stm32f4xx_it.o
    0x08003c88   0x08003c88   0x00000088   Code   RO         2020    i.PCD_WriteEmptyTxFifo  stm32f4xx_hal_pcd.o
    0x08003d10   0x08003d10   0x00000130   Code   RO          919    i.PIDCalc           algorithm_pid.o
    0x08003e40   0x08003e40   0x00000070   Code   RO          459    i.PIDInit           motor_chassis.o
    0x08003eb0   0x08003eb0   0x00000002   Code   RO          312    i.PendSV_Handler    stm32f4xx_it.o
    0x08003eb2   0x08003eb2   0x00000002   PAD
    0x08003eb4   0x08003eb4   0x0000004c   Code   RO          460    i.Pluckmotor_PIDInit  motor_chassis.o
    0x08003f00   0x08003f00   0x00000002   Code   RO          313    i.SVC_Handler       stm32f4xx_it.o
    0x08003f02   0x08003f02   0x00000002   PAD
    0x08003f04   0x08003f04   0x00000098   Code   RO          678    i.ScanDataVision    control_vision.o
    0x08003f9c   0x08003f9c   0x0000000e   Code   RO          314    i.SysTick_Handler   stm32f4xx_it.o
    0x08003faa   0x08003faa   0x00000002   PAD
    0x08003fac   0x08003fac   0x00000098   Code   RO         1121    i.SystemClock_Config  system_clock.o
    0x08004044   0x08004044   0x00000054   Code   RO         5488    i.SystemInit        system_stm32f4xx.o
    0x08004098   0x08004098   0x00000014   Code   RO          315    i.TIM6_DAC_IRQHandler  stm32f4xx_it.o
    0x080040ac   0x080040ac   0x0000004c   Code   RO          316    i.TIM7_IRQHandler   stm32f4xx_it.o
    0x080040f8   0x080040f8   0x000000c0   Code   RO         3233    i.TIM_Base_SetConfig  stm32f4xx_hal_tim.o
    0x080041b8   0x080041b8   0x00000016   Code   RO         3234    i.TIM_CCxChannelCmd  stm32f4xx_hal_tim.o
    0x080041ce   0x080041ce   0x00000014   Code   RO         3240    i.TIM_ETR_SetConfig  stm32f4xx_hal_tim.o
    0x080041e2   0x080041e2   0x00000010   Code   RO         3241    i.TIM_ITRx_SetConfig  stm32f4xx_hal_tim.o
    0x080041f2   0x080041f2   0x00000002   PAD
    0x080041f4   0x080041f4   0x00000058   Code   RO         3242    i.TIM_OC1_SetConfig  stm32f4xx_hal_tim.o
    0x0800424c   0x0800424c   0x00000064   Code   RO         3243    i.TIM_OC2_SetConfig  stm32f4xx_hal_tim.o
    0x080042b0   0x080042b0   0x00000060   Code   RO         3244    i.TIM_OC3_SetConfig  stm32f4xx_hal_tim.o
    0x08004310   0x08004310   0x00000050   Code   RO         3245    i.TIM_OC4_SetConfig  stm32f4xx_hal_tim.o
    0x08004360   0x08004360   0x00000022   Code   RO         3247    i.TIM_TI1_ConfigInputStage  stm32f4xx_hal_tim.o
    0x08004382   0x08004382   0x00000024   Code   RO         3249    i.TIM_TI2_ConfigInputStage  stm32f4xx_hal_tim.o
    0x080043a6   0x080043a6   0x00000010   Code   RO         2337    i.UART_DMAAbortOnError  stm32f4xx_hal_uart.o
    0x080043b6   0x080043b6   0x0000004a   Code   RO         2338    i.UART_DMAError     stm32f4xx_hal_uart.o
    0x08004400   0x08004400   0x0000003c   Code   RO         2339    i.UART_DMAReceiveCplt  stm32f4xx_hal_uart.o
    0x0800443c   0x0800443c   0x0000000a   Code   RO         2340    i.UART_DMARxHalfCplt  stm32f4xx_hal_uart.o
    0x08004446   0x08004446   0x0000001c   Code   RO         2343    i.UART_EndRxTransfer  stm32f4xx_hal_uart.o
    0x08004462   0x08004462   0x00000012   Code   RO         2344    i.UART_EndTxTransfer  stm32f4xx_hal_uart.o
    0x08004474   0x08004474   0x0000008c   Code   RO         2345    i.UART_Receive_IT   stm32f4xx_hal_uart.o
    0x08004500   0x08004500   0x000002ac   Code   RO         2346    i.UART_SetConfig    stm32f4xx_hal_uart.o
    0x080047ac   0x080047ac   0x00000062   Code   RO         2347    i.UART_Transmit_IT  stm32f4xx_hal_uart.o
    0x0800480e   0x0800480e   0x00000002   PAD
    0x08004810   0x08004810   0x0000000c   Code   RO          317    i.USART1_IRQHandler  stm32f4xx_it.o
    0x0800481c   0x0800481c   0x00000018   Code   RO          318    i.USART2_IRQHandler  stm32f4xx_it.o
    0x08004834   0x08004834   0x0000000c   Code   RO          319    i.USART3_IRQHandler  stm32f4xx_it.o
    0x08004840   0x08004840   0x00000018   Code   RO          320    i.USART6_IRQHandler  stm32f4xx_it.o
    0x08004858   0x08004858   0x0000000e   Code   RO         5217    i.USBD_ClrClassConfig  usbd_core.o
    0x08004866   0x08004866   0x00000010   Code   RO         5420    i.USBD_CtlContinueRx  usbd_ioreq.o
    0x08004876   0x08004876   0x00000010   Code   RO         5421    i.USBD_CtlContinueSendData  usbd_ioreq.o
    0x08004886   0x08004886   0x00000016   Code   RO         5355    i.USBD_CtlError     usbd_ctlreq.o
    0x0800489c   0x0800489c   0x00000016   Code   RO         5423    i.USBD_CtlReceiveStatus  usbd_ioreq.o
    0x080048b2   0x080048b2   0x0000001a   Code   RO         5424    i.USBD_CtlSendData  usbd_ioreq.o
    0x080048cc   0x080048cc   0x00000016   Code   RO         5425    i.USBD_CtlSendStatus  usbd_ioreq.o
    0x080048e2   0x080048e2   0x000000e0   Code   RO         5356    i.USBD_GetDescriptor  usbd_ctlreq.o
    0x080049c2   0x080049c2   0x0000000e   Code   RO         1690    i.USBD_LL_ClearStallEP  usbd_conf.o
    0x080049d0   0x080049d0   0x000000aa   Code   RO         5220    i.USBD_LL_DataInStage  usbd_core.o
    0x08004a7a   0x08004a7a   0x0000006a   Code   RO         5221    i.USBD_LL_DataOutStage  usbd_core.o
    0x08004ae4   0x08004ae4   0x00000004   Code   RO         5222    i.USBD_LL_DevConnected  usbd_core.o
    0x08004ae8   0x08004ae8   0x00000016   Code   RO         5223    i.USBD_LL_DevDisconnected  usbd_core.o
    0x08004afe   0x08004afe   0x00000020   Code   RO         1697    i.USBD_LL_IsStallEP  usbd_conf.o
    0x08004b1e   0x08004b1e   0x00000004   Code   RO         5224    i.USBD_LL_IsoINIncomplete  usbd_core.o
    0x08004b22   0x08004b22   0x00000004   Code   RO         5225    i.USBD_LL_IsoOUTIncomplete  usbd_core.o
    0x08004b26   0x08004b26   0x00000014   Code   RO         1698    i.USBD_LL_OpenEP    usbd_conf.o
    0x08004b3a   0x08004b3a   0x0000000e   Code   RO         1699    i.USBD_LL_PrepareReceive  usbd_conf.o
    0x08004b48   0x08004b48   0x0000003e   Code   RO         5226    i.USBD_LL_Reset     usbd_core.o
    0x08004b86   0x08004b86   0x0000000c   Code   RO         5227    i.USBD_LL_Resume    usbd_core.o
    0x08004b92   0x08004b92   0x00000018   Code   RO         5228    i.USBD_LL_SOF       usbd_core.o
    0x08004baa   0x08004baa   0x00000006   Code   RO         5229    i.USBD_LL_SetSpeed  usbd_core.o
    0x08004bb0   0x08004bb0   0x0000000e   Code   RO         1700    i.USBD_LL_SetUSBAddress  usbd_conf.o
    0x08004bbe   0x08004bbe   0x0000005a   Code   RO         5230    i.USBD_LL_SetupStage  usbd_core.o
    0x08004c18   0x08004c18   0x0000000e   Code   RO         1701    i.USBD_LL_StallEP   usbd_conf.o
    0x08004c26   0x08004c26   0x00000012   Code   RO         5231    i.USBD_LL_Suspend   usbd_core.o
    0x08004c38   0x08004c38   0x0000000e   Code   RO         1704    i.USBD_LL_Transmit  usbd_conf.o
    0x08004c46   0x08004c46   0x00000028   Code   RO         5358    i.USBD_ParseSetupRequest  usbd_ctlreq.o
    0x08004c6e   0x08004c6e   0x00000016   Code   RO         5234    i.USBD_SetClassConfig  usbd_core.o
    0x08004c84   0x08004c84   0x00000074   Code   RO         5359    i.USBD_SetConfig    usbd_ctlreq.o
    0x08004cf8   0x08004cf8   0x000000f2   Code   RO         5360    i.USBD_StdDevReq    usbd_ctlreq.o
    0x08004dea   0x08004dea   0x000000dc   Code   RO         5361    i.USBD_StdEPReq     usbd_ctlreq.o
    0x08004ec6   0x08004ec6   0x00000034   Code   RO         5362    i.USBD_StdItfReq    usbd_ctlreq.o
    0x08004efa   0x08004efa   0x00000002   PAD
    0x08004efc   0x08004efc   0x00000080   Code   RO         4617    i.USB_ActivateEndpoint  stm32f4xx_ll_usb.o
    0x08004f7c   0x08004f7c   0x00000034   Code   RO         4618    i.USB_ActivateSetup  stm32f4xx_ll_usb.o
    0x08004fb0   0x08004fb0   0x00000140   Code   RO         4630    i.USB_EP0StartXfer  stm32f4xx_ll_usb.o
    0x080050f0   0x080050f0   0x0000003e   Code   RO         4631    i.USB_EP0_OutStart  stm32f4xx_ll_usb.o
    0x0800512e   0x0800512e   0x00000064   Code   RO         4632    i.USB_EPClearStall  stm32f4xx_ll_usb.o
    0x08005192   0x08005192   0x0000005e   Code   RO         4633    i.USB_EPSetStall    stm32f4xx_ll_usb.o
    0x080051f0   0x080051f0   0x0000021c   Code   RO         4634    i.USB_EPStartXfer   stm32f4xx_ll_usb.o
    0x0800540c   0x0800540c   0x00000024   Code   RO         4637    i.USB_FlushTxFifo   stm32f4xx_ll_usb.o
    0x08005430   0x08005430   0x0000003c   Code   RO         4639    i.USB_GetDevSpeed   stm32f4xx_ll_usb.o
    0x0800546c   0x0800546c   0x00000008   Code   RO         4641    i.USB_GetMode       stm32f4xx_ll_usb.o
    0x08005474   0x08005474   0x0000000e   Code   RO         4648    i.USB_ReadDevAllInEpInterrupt  stm32f4xx_ll_usb.o
    0x08005482   0x08005482   0x0000000e   Code   RO         4649    i.USB_ReadDevAllOutEpInterrupt  stm32f4xx_ll_usb.o
    0x08005490   0x08005490   0x0000001e   Code   RO         4650    i.USB_ReadDevInEPInterrupt  stm32f4xx_ll_usb.o
    0x080054ae   0x080054ae   0x00000010   Code   RO         4651    i.USB_ReadDevOutEPInterrupt  stm32f4xx_ll_usb.o
    0x080054be   0x080054be   0x00000008   Code   RO         4652    i.USB_ReadInterrupts  stm32f4xx_ll_usb.o
    0x080054c6   0x080054c6   0x00000020   Code   RO         4653    i.USB_ReadPacket    stm32f4xx_ll_usb.o
    0x080054e6   0x080054e6   0x00000022   Code   RO         4656    i.USB_SetDevAddress  stm32f4xx_ll_usb.o
    0x08005508   0x08005508   0x00000028   Code   RO         4660    i.USB_WritePacket   stm32f4xx_ll_usb.o
    0x08005530   0x08005530   0x00000002   Code   RO          321    i.UsageFault_Handler  stm32f4xx_it.o
    0x08005532   0x08005532   0x00000002   PAD
    0x08005534   0x08005534   0x00000060   Code   RO         1187    i.Write_IIC_Byte    driver_oled.o
    0x08005594   0x08005594   0x0000002e   Code   RO         1188    i.Write_IIC_Command  driver_oled.o
    0x080055c2   0x080055c2   0x0000002e   Code   RO         1189    i.Write_IIC_Data    driver_oled.o
    0x080055f0   0x080055f0   0x0000006c   Code   RO          610    i.Yaokong_translate  driver_dbus.o
    0x0800565c   0x0800565c   0x00000028   Code   RO         5765    i.__0sprintf        mc_w.l(printfa.o)
    0x08005684   0x08005684   0x0000000e   Code   RO         5874    i.__scatterload_copy  mc_w.l(handlers.o)
    0x08005692   0x08005692   0x00000002   Code   RO         5875    i.__scatterload_null  mc_w.l(handlers.o)
    0x08005694   0x08005694   0x0000000e   Code   RO         5876    i.__scatterload_zeroinit  mc_w.l(handlers.o)
    0x080056a2   0x080056a2   0x00000002   PAD
    0x080056a4   0x080056a4   0x00000184   Code   RO         5770    i._fp_digits        mc_w.l(printfa.o)
    0x08005828   0x08005828   0x000006dc   Code   RO         5771    i._printf_core      mc_w.l(printfa.o)
    0x08005f04   0x08005f04   0x00000024   Code   RO         5772    i._printf_post_padding  mc_w.l(printfa.o)
    0x08005f28   0x08005f28   0x0000002e   Code   RO         5773    i._printf_pre_padding  mc_w.l(printfa.o)
    0x08005f56   0x08005f56   0x0000000a   Code   RO         5775    i._sputc            mc_w.l(printfa.o)
    0x08005f60   0x08005f60   0x00000058   Code   RO          772    i.cal_ref_data4     referee_sys.o
    0x08005fb8   0x08005fb8   0x0000001c   Code   RO          611    i.delay_ms          driver_dbus.o
    0x08005fd4   0x08005fd4   0x00000028   Code   RO          774    i.get_crc16         referee_sys.o
    0x08005ffc   0x08005ffc   0x00000020   Code   RO          775    i.get_crc8          referee_sys.o
    0x0800601c   0x0800601c   0x0000009c   Code   RO          777    i.hal_uart2_MspInit  referee_sys.o
    0x080060b8   0x080060b8   0x0000001c   Code   RO          778    i.hex_to_float      referee_sys.o
    0x080060d4   0x080060d4   0x000000fc   Code   RO            4    i.main              main.o
    0x080061d0   0x080061d0   0x00000044   Code   RO          779    i.ref_sys           referee_sys.o
    0x08006214   0x08006214   0x00000038   Code   RO          780    i.ref_sys_init      referee_sys.o
    0x0800624c   0x0800624c   0x0000013c   Code   RO          263    i.test_task         task_tim.o
    0x08006388   0x08006388   0x0000003c   Code   RO          781    i.uart2_init        referee_sys.o
    0x080063c4   0x080063c4   0x0000025c   Code   RO          782    i.uart_receive_idle  referee_sys.o
    0x08006620   0x08006620   0x0000004c   Code   RO          783    i.verify_check      referee_sys.o
    0x0800666c   0x0800666c   0x00000300   Data   RO          785    .constdata          referee_sys.o
    0x0800696c   0x0800696c   0x00000818   Data   RO         1192    .constdata          driver_oled.o
    0x08007184   0x08007184   0x00000010   Data   RO         2217    .constdata          stm32f4xx_hal_rcc.o
    0x08007194   0x08007194   0x00000008   Data   RO         2984    .constdata          stm32f4xx_hal_dma.o
    0x0800719c   0x0800719c   0x00000020   Data   RO         5872    Region$$Table       anon$$obj.o


    Execution Region RW_IRAM1 (Exec base: 0x20000000, Load base: 0x080071bc, Size: 0x000011c0, Max: 0x00030000, ABSOLUTE)

    Exec Addr    Load Addr    Size         Type   Attr      Idx    E Section Name        Object

    0x20000000   0x080071bc   0x0000000c   Data   RW          264    .data               task_tim.o
    0x2000000c   0x080071c8   0x00000008   Data   RW          322    .data               stm32f4xx_it.o
    0x20000014   0x080071d0   0x00000016   Data   RW          465    .data               motor_chassis.o
    0x2000002a   0x080071e6   0x00000004   Data   RW          565    .data               motor_shoot.o
    0x2000002e   0x080071ea   0x00000022   Data   RW          617    .data               driver_dbus.o
    0x20000050   0x0800720c   0x00000002   Data   RW          715    .data               driver_usart.o
    0x20000052   0x0800720e   0x00000005   Data   RW          787    .data               referee_sys.o
    0x20000057   0x08007213   0x00000008   Data   RW          872    .data               driver_can.o
    0x2000005f   0x0800721b   0x00000001   PAD
    0x20000060   0x0800721c   0x00000020   Data   RW          874    .data               driver_can.o
    0x20000080   0x0800723c   0x00000001   Data   RW          944    .data               driver_led.o
    0x20000081   0x0800723d   0x00000003   PAD
    0x20000084   0x08007240   0x00000004   Data   RW         1413    .data               init_can.o
    0x20000088   0x08007244   0x00000004   Data   RW         4362    .data               stm32f4xx_hal.o
    0x2000008c   0x08007248   0x00000001   Data   RW         5363    .data               usbd_ctlreq.o
    0x2000008d   0x08007249   0x00000003   PAD
    0x20000090   0x0800724c   0x00000004   Data   RW         5490    .data               system_stm32f4xx.o
    0x20000094        -       0x00000138   Zero   RW          461    .bss                motor_chassis.o
    0x200001cc        -       0x00000020   Zero   RW          612    .bss                driver_dbus.o
    0x200001ec        -       0x0000002e   Zero   RW          679    .bss                control_vision.o
    0x2000021a        -       0x0000015e   Zero   RW          712    .bss                driver_usart.o
    0x20000378        -       0x00000032   Zero   RW          714    .bss                driver_usart.o
    0x200003aa   0x08007250   0x00000002   PAD
    0x200003ac        -       0x00000258   Zero   RW          784    .bss                referee_sys.o
    0x20000604        -       0x00000080   Zero   RW          871    .bss                driver_can.o
    0x20000684        -       0x000001e0   Zero   RW         1329    .bss                init_tim.o
    0x20000864        -       0x00000080   Zero   RW         1412    .bss                init_can.o
    0x200008e4        -       0x00000120   Zero   RW         1555    .bss                init_usart.o
    0x20000a04        -       0x000003b8   Zero   RW         1705    .bss                usbd_conf.o
    0x20000dbc   0x08007250   0x00000004   PAD
    0x20000dc0        -       0x00000400   Zero   RW         5477    STACK               startup_stm32f427xx.o


==============================================================================

Image component sizes


      Code (inc. data)   RO Data    RW Data    ZI Data      Debug   Object Name

       304         16          0          0          0       1414   algorithm_pid.o
       152         28          0          0         46       1429   control_vision.o
       326         34          0         40        128       3898   driver_can.o
       790         86          0         34         32       6806   driver_dbus.o
        76          8          0          1          0        666   driver_led.o
       976         34       2072          0          0       9917   driver_oled.o
       120         20          0          2        400       2485   driver_usart.o
       296         34          0          4        128       2171   init_can.o
        44          4          0          0          0        926   init_dma.o
       360         26          0          0          0       1335   init_gpio.o
       728         96          0          0        480       4609   init_tim.o
       508         76          0          0        288       4823   init_usart.o
       252         62          0          0          0     365938   main.o
       448         94          0         22        312       3957   motor_chassis.o
         0          0          0          4          0       1076   motor_shoot.o
      1208         82        768          5        600       9369   referee_sys.o
        36          8        428          0       1024        828   startup_stm32f427xx.o
       120         22          0          4          0       3891   stm32f4xx_hal.o
      1800         24          0          0          0       7995   stm32f4xx_hal_can.o
       228         14          0          0          0      32561   stm32f4xx_hal_cortex.o
      1094         22          8          0          0       7786   stm32f4xx_hal_dma.o
       506         58          0          0          0       4651   stm32f4xx_hal_gpio.o
        88          0          0          0          0        594   stm32f4xx_hal_msp.o
      1880         72          0          0          0       8907   stm32f4xx_hal_pcd.o
      1344         80         16          0          0       6271   stm32f4xx_hal_rcc.o
      1692         88          0          0          0      17956   stm32f4xx_hal_tim.o
        84          0          0          0          0       2598   stm32f4xx_hal_tim_ex.o
      1950         26          0          0          0      13917   stm32f4xx_hal_uart.o
       276         76          0          8          0      11978   stm32f4xx_it.o
      1588         20          0          0          0      14408   stm32f4xx_ll_usb.o
       154          8          0          0          0       1745   system_clock.o
        84         18          0          4          0       1473   system_stm32f4xx.o
       316         48          0         12          0       1838   task_tim.o
       302          4          0          0        952      12247   usbd_conf.o
       558          0          0          0          0      10816   usbd_core.o
       916         30          0          1          0       7615   usbd_ctlreq.o
       102          0          0          0          0       4180   usbd_ioreq.o

    ----------------------------------------------------------------------
     21748       1318       3324        148       4396     595074   Object Totals
         0          0         32          0          0          0   (incl. Generated)
        42          0          0          7          6          0   (incl. Padding)

    ----------------------------------------------------------------------

      Code (inc. data)   RO Data    RW Data    ZI Data      Debug   Library Member Name

         0          0          0          0          0          0   entry.o
         0          0          0          0          0          0   entry10a.o
         0          0          0          0          0          0   entry11a.o
         8          4          0          0          0          0   entry2.o
         4          0          0          0          0          0   entry5.o
         0          0          0          0          0          0   entry7b.o
         0          0          0          0          0          0   entry8b.o
         8          4          0          0          0          0   entry9a.o
        30          0          0          0          0          0   handlers.o
        36          8          0          0          0         68   init.o
         0          0          0          0          0          0   iusefp.o
        30          0          0          0          0         68   llshl.o
        36          0          0          0          0         68   llsshr.o
        32          0          0          0          0         68   llushr.o
        36          0          0          0          0         68   memcpya.o
        36          0          0          0          0        108   memseta.o
      2276         86          0          0          0        520   printfa.o
        44          0          0          0          0         80   uidiv.o
        98          0          0          0          0         92   uldiv.o
        48          0          0          0          0         68   cdrcmple.o
        56          0          0          0          0         88   d2f.o
       334          0          0          0          0        148   dadd.o
       222          0          0          0          0        100   ddiv.o
       186          0          0          0          0        176   depilogue.o
        62          0          0          0          0         80   dfixi.o
        48          0          0          0          0         68   dfixul.o
        34          0          0          0          0         76   dflti.o
       228          0          0          0          0         96   dmul.o
        38          0          0          0          0         68   f2d.o
       110          0          0          0          0        168   fepilogue.o

    ----------------------------------------------------------------------
      4044        102          0          0          0       2276   Library Totals
         4          0          0          0          0          0   (incl. Padding)

    ----------------------------------------------------------------------

      Code (inc. data)   RO Data    RW Data    ZI Data      Debug   Library Name

      2674        102          0          0          0       1140   mc_w.l
      1366          0          0          0          0       1136   mf_w.l

    ----------------------------------------------------------------------
      4044        102          0          0          0       2276   Library Totals

    ----------------------------------------------------------------------

==============================================================================


      Code (inc. data)   RO Data    RW Data    ZI Data      Debug   

     25792       1420       3324        148       4396     573710   Grand Totals
     25792       1420       3324        148       4396     573710   ELF Image Totals
     25792       1420       3324        148          0          0   ROM Totals

==============================================================================

    Total RO  Size (Code + RO Data)                29116 (  28.43kB)
    Total RW  Size (RW Data + ZI Data)              4544 (   4.44kB)
    Total ROM Size (Code + RO Data + RW Data)      29264 (  28.58kB)

==============================================================================

